máy	type=unnamed
model này	type=unnamed
model	type=unnamed
model mới	type=unnamed
di động	type=unnamed
sản phẩm	type=unnamed
sản phẩm này	type=unnamed
nó	type=unnamed
chiếc máy này	type=unnamed
chiếc netbook này	type=unnamed
model nhỏ nhắn này	type=unnamed
laptop	type=unnamed
mẫu máy	type=unnamed
cỗ máy	type=unnamed
hệ thống này	type=unnamed
phần mềm	type=unnamed
phần mềm này	type=unnamed
phiên bản này	type=unnamed
mẫu máy này	type=unnamed
dòng máy	type=unnamed
hai dòng máy này	type=unnamed
máy này	type=unnamed
máy ảnh	type=unnamed
nền tảng này	type=unnamed
tablet	type=unnamed
một thiết bị di động	type=unnamed
mẫu này	type=unnamed
thiết bị âm thanh	type=unnamed
model	type=unnamed
bản này	type=unnamed
smartphone	type=unnamed
mẫu này	type=unnamed
mẫu	type=unnamed
thiết bị	type=unnamed
thiết bị này	type=unnamed
chiếc di động này	type=unnamed
chiếc máy	type=unnamed
mẫu di động	type=unnamed
chiếc máy tiền nhiệm	type=unnamed
phiên bản	type=unnamed
phiên bản mới	type=unnamed
phiên bản này	type=unnamed
máy ảnh này	type=unnamed
smartphone này	type=unnamed
điện thoại này	type=unnamed
hệ điều hành	type=unnamed
hệ điều hành này	type=unnamed
tính năng này	type=unnamed
công cụ benchmark	type=unnamed
chiếc smartphone này	type=unnamed
chiếc di động	type=unnamed
chiếc laptop siêu di động	type=unnamed
thiết bị này	type=unnamed
chiếc laptop mini	type=unnamed
dòng máy này	type=unnamed
chiếc netbook	type=unnamed
netbook này	type=unnamed
một chiếc netbook	type=unnamed
chiếc máy ảnh này	type=unnamed
chiếc laptop này	type=unnamed
cỗ máy này	type=unnamed
smartphone tí hon	type=unnamed
máy cũ	type=unnamed
phiên bản đầu	type=unnamed
phiên bản thứ hai	type=unnamed
phiên bản đi trước	type=unnamed
model đầu	type=unnamed
phiên bản đầu tiên	type=unnamed
model trước	type=unnamed
phiên bản trước	type=unnamed
máy mới	type=unnamed
hệ điều hành trên	type=unnamed
model tiền nhiệm	type=unnamed
phiên bản cũ	type=unnamed
thế hệ trước	type=unnamed
chiếc laptop bán chạy nhất	type=unnamed
đàn anh	type=unnamed
hệ thống	type=unnamed
mẫu loa này	type=unnamed
loa	type=unnamed
bộ loa này	type=unnamed
dạng loa này	type=unnamed
cặp loa này	type=unnamed
cặp loa	type=unnamed
chiếc smartphone	type=unnamed
chiếc điện thoại này	type=unnamed
bản gốc	type=unnamed
đàn anh	type=unnamed
"đàn anh"	type=unnamed
đối thủ	type=unnamed
mẫu tai nghe không dây	type=unnamed
sản phẩm máy tính bảng	type=unnamed
tiện ích này	type=unnamed
máy chơi nhạc	type=unnamed
ampli	type=unnamed
chiếc ampli	type=unnamed
netbook khác	type=unnamed
model so sánh	type=unnamed
máy tính	type=unnamed
chiếc máy ảnh	type=unnamed
máy ảnh du lịch	type=unnamed
máy ảnh compact	type=unnamed
hệ thống máy tính	type=unnamed
máy nghe nhạc	type=unnamed
chiếc máy tính	type=unnamed
điện thoại mới	type=unnamed
chiếc di động mới	type=unnamed
bản quốc tế	type=unnamed
laptop này	type=unnamed
mẫu smartphone này	type=unnamed
bộ máy	type=unnamed
hàng xách tay	type=unnamed
netbook	type=unnamed
netbook đời mới	type=unnamed
bộ loa	type=unnamed
phim	type=unnamed
chú dế này	type=unnamed
laptop quỷ	type=unnamed
dòng laptop đắt tiền	type=unnamed
các máy	type=unnamed
laptop cao cấp	type=unnamed
dòng này	type=unnamed
khả năng thực thi	type=unnamed
mẫu máy siêu di động	type=unnamed
case máy	type=unnamed
mẫu màn hình	type=unnamed
màn hình	type=unnamed
màn hình này	type=unnamed
thế hệ màn hình	type=unnamed
hệ thống loa tàng hình	type=unnamed
dòng sản phẩm	type=unnamed
dòng sản phẩm này	type=unnamed
loa thanh này	type=unnamed
chiếc laptop	type=unnamed
hai model này	type=unnamed
xử lý đa tác vụ	type=unnamed
model sau	type=unnamed
nắp trượt bảo vệ	type=unnamed
ứng dụng	type=unnamed
điện thoại	type=unnamed
laptop giải trí	type=unnamed
penta-mirror	type=unnamed
mẫu siêu zoom	type=unnamed
laptop hi-end	type=unnamed
ứng dụng media	type=unnamed
tai nghe	type=unnamed
game bắn súng	type=unnamed
trình diễn âm nhạc	type=unnamed
chịu nước	type=unnamed
máy compact	type=unnamed
phiên bản cũ	type=unnamed
nền tảng cũ	type=unnamed
đài	type=unnamed
dùng	type=unnamed
máy phổ thông	type=unnamed
điện thoại mới này	type=unnamed
chiếc điện thoại	type=unnamed
chiếc máy giải trí đa phương tiện	type=unnamed
trò chơi	type=unnamed
sản phấm	type=unnamed
series này	type=unnamed
cục tăng âm	type=unnamed
đàn anh	type=unnamed
chiếc máy ảnh compact	type=unnamed
mình	type=unnamed
chiếc máy ảnh số	type=unnamed
phiên bản tiền nhiệm	type=unnamed
model tầm trung	type=unnamed
model " đàn anh	type=unnamed
người anh cả	type=unnamed
model nhỏ nhắn	type=unnamed
chiếc thùng máy	type=unnamed
thùng máy	type=unnamed
anh chàng	type=unnamed
kẻ	type=unnamed
thiết kế này	type=unnamed
chiếc máy nghe nhạc	type=unnamed
mẫu đầu thử nghiệm	type=unnamed
tốc độ	type=unnamed
một máy ảnh compact	type=unnamed
người tiền nhiệm	type=unnamed
chiếc di động phổ thông này	type=unnamed
mẫu di động này	type=unnamed
mẫu điện thoại	type=unnamed
sản phẩm mới	type=unnamed
mẫu smartphone	type=unnamed
siêu phẩm	type=unnamed
người anh em	type=unnamed
màu cơ bản	type=unnamed
photoshop	type=unnamed
bộ dàn này	type=unnamed
bản nâng cấp	type=unnamed
một chiếc smartphone hữu dụng	type=unnamed
thông số vàng chống rung	type=unnamed
pin con thỏ	type=unnamed
đời máy cũ	type=unnamed
đời máy trước	type=unnamed
receiver này	type=unnamed
bộ	type=unnamed
hộp rạp tại gia này	type=unnamed
bộ này	type=unnamed
kết nối cùng lúc với nhiều thiết bị	type=unnamed
dòng sản phẩm mới	type=unnamed
tiền bối	type=unnamed
compact	type=unnamed
tiền nhiệm	type=unnamed
viewfinder	type=unnamed
máy ảnh mới phải	type=unnamed
loạt máy khởi điểm	type=unnamed
model vi xử lý	type=unnamed
chiếc laptop thời trang này	type=unnamed
màn	type=unnamed
một chiếc điện thoại	type=unnamed
công nghệ này	type=unnamed
mẫu màn hình mỏng	type=unnamed
một đối thủ	type=unnamed
một tấm gương	type=unnamed
mẫu laptop đầu tiên	type=unnamed
siêu phẩm này	type=unnamed
laptop mỏng nhất thế giới	type=unnamed
phiên bản nâng cấp này	type=unnamed
phiên bản mới này	type=unnamed
mẫu máy trước	type=unnamed
cấu hình máy	type=unnamed
ông anh	type=unnamed
lưu	type=unnamed
analog	type=unnamed
hàng	type=unnamed
dòng máy tính	type=unnamed
đèn backlit	type=unnamed
trang bị này	type=unnamed
màn này	type=unnamed
bo viền	type=unnamed
phiên bản chống nước đầu tiên	type=unnamed
máy ảnh compact dân dụng	type=unnamed
máy nào	type=unnamed
hai model kia	type=unnamed
smartphone trên	type=unnamed
smartphone mới	type=unnamed
kích cỡ	type=unnamed
card đồ họa rời	type=unnamed
chất liệu này	type=unnamed
thiết bị di động	type=unnamed