Hàng Áo	subtype=Street of Hanoi, Vietnam	 id = 197429
Hàng Bạc	subtype=Street of Hanoi, Vietnam	 id = 193343
Hàng Bè	subtype=Street of Hanoi, Vietnam	 id = 193997
Hàng Bông	subtype=Street of Hanoi, Vietnam	 id = 192616
Hàng Bồ	subtype=Street of Hanoi, Vietnam	 id = 193955
Hàng Buồm	subtype=Street of Hanoi, Vietnam	 id = 193293
Hàng Bút	subtype=Street of Hanoi, Vietnam	 id = 193998
Hàng Bừa	subtype=Street of Hanoi, Vietnam	 id = 197430
Hàng Cá	subtype=Street of Hanoi, Vietnam	 id = 193999
Hàng Cân	subtype=Street of Hanoi, Vietnam	 id = 194000
Hàng Cau	subtype=Street of Hanoi, Vietnam	 id = 197431
Hàng Chai	subtype=Street of Hanoi, Vietnam	 id = 194001
Hàng Chè	subtype=Street of Hanoi, Vietnam	 id = 197432
Hàng Chiếu	subtype=Street of Hanoi, Vietnam	 id = 192633
Hàng Chĩnh	subtype=Street of Hanoi, Vietnam	 id = 194004
Hàng Chuối	subtype=Street of Hanoi, Vietnam	 id = 194005
Hàng Cót	subtype=Street of Hanoi, Vietnam	 id = 192632
Hàng Cuốc	subtype=Street of Hanoi, Vietnam	 id = 197433
Hàng Da	subtype=Street of Hanoi, Vietnam	 id = 193289
Hàng Dầu	subtype=Street of Hanoi, Vietnam	 id = 194007
Hàng Đào	subtype=Street of Hanoi, Vietnam	 id = 193290
Hàng Đàn	subtype=Street of Hanoi, Vietnam	 id = 197434
Hàng Đậu	subtype=Street of Hanoi, Vietnam	 id = 194008
Hàng Điếu	subtype=Street of Hanoi, Vietnam	 id = 193945
Hàng Đồng	subtype=Street of Hanoi, Vietnam	 id = 194009
Hàng Đường	subtype=Street of Hanoi, Vietnam	 id = 194010
Hàng Gà	subtype=Street of Hanoi, Vietnam	 id = 194011
Hàng Gai	subtype=Street of Hanoi, Vietnam	 id = 192641
Hàng Gạo	subtype=Street of Hanoi, Vietnam	 id = 197435
Hàng Giấy	subtype=Street of Hanoi, Vietnam	 id = 194013
Hàng Giầy	subtype=Street of Hanoi, Vietnam	 id = 197436
Hàng Giò	subtype=Street of Hanoi, Vietnam	 id = 197437
Hàng Hài	subtype=Street of Hanoi, Vietnam	 id = 197438
Hàng Hòm	subtype=Street of Hanoi, Vietnam	 id = 194015
Hàng Kèn	subtype=Street of Hanoi, Vietnam	 id = 197439
Hàng Khay	subtype=Street of Hanoi, Vietnam	 id = 192642
Hàng Khóa	subtype=Street of Hanoi, Vietnam	 id = 197440
Hàng Khoai	subtype=Street of Hanoi, Vietnam	 id = 194017
Hàng Lam	subtype=Street of Hanoi, Vietnam	 id = 197441
Hàng Lược	subtype=Street of Hanoi, Vietnam	 id = 194018
Hàng Mã	subtype=Street of Hanoi, Vietnam	 id = 194019
Hàng Màn	subtype=Street of Hanoi, Vietnam	 id = 197442
Hàng Mành	subtype=Street of Hanoi, Vietnam	 id = 194020
Hàng Mắm	subtype=Street of Hanoi, Vietnam	 id = 194021
Hàng Mây	subtype=Street of Hanoi, Vietnam	 id = 197443
Hàng Mụn	subtype=Street of Hanoi, Vietnam	 id = 197444
Hàng Muối	subtype=Street of Hanoi, Vietnam	 id = 194022
Hàng Nâu	subtype=Street of Hanoi, Vietnam	 id = 197445
Hàng Ngang	subtype=Street of Hanoi, Vietnam	 id = 193291
Hàng Nón	subtype=Street of Hanoi, Vietnam	 id = 194023
Hàng Phèn	subtype=Street of Hanoi, Vietnam	 id = 194024
Hàng Quạt	subtype=Street of Hanoi, Vietnam	 id = 194025
Hàng Rươi	subtype=Street of Hanoi, Vietnam	 id = 194026
Hàng Sắt	subtype=Street of Hanoi, Vietnam	 id = 197446
Hàng Sơn	subtype=Street of Hanoi, Vietnam	 id = 197447
Hàng Than	subtype=Street of Hanoi, Vietnam	 id = 194027
Hàng Thiếc	subtype=Street of Hanoi, Vietnam	 id = 194028
Hàng Thùng	subtype=Street of Hanoi, Vietnam	 id = 194029
Hàng Tre	subtype=Street of Hanoi, Vietnam	 id = 194031
Hàng Trống	subtype=Street of Hanoi, Vietnam	 id = 194032
Hàng Trứng	subtype=Street of Hanoi, Vietnam	 id = 197448
Hàng Vải	subtype=Street of Hanoi, Vietnam	 id = 194033
Bát Đàn	subtype=Street of Hanoi, Vietnam	 id = 197449
Bát Sứ	subtype=Street of Hanoi, Vietnam	 id = 197450
Cầu Gỗ	subtype=Street of Hanoi, Vietnam	 id = 197451
Cầu Đông	subtype=Street of Hanoi, Vietnam	 id = 197452
Chả Cá	subtype=Street of Hanoi, Vietnam	 id = 197453
Chân Cầm	subtype=Street of Hanoi, Vietnam	 id = 197454
Chợ Gạo	subtype=Street of Hanoi, Vietnam	 id = 192736
Đồng Xuân	subtype=Street of Hanoi, Vietnam	 id = 192798
Gầm Cầu	subtype=Street of Hanoi, Vietnam	 id = 197455
Gia Ngư	subtype=Street of Hanoi, Vietnam	 id = 197456
Hà Trung	subtype=Street of Hanoi, Vietnam	 id = 192828
Hài Tượng	subtype=Street of Hanoi, Vietnam	 id = 197457
Lãn Ông	subtype=Street of Hanoi, Vietnam	 id = 197458
Lò Rèn	subtype=Street of Hanoi, Vietnam	 id = 197459
Mã Mây	subtype=Street of Hanoi, Vietnam	 id = 195311
Mã Vĩ	subtype=Street of Hanoi, Vietnam	 id = 197460
Nhà Hỏa	subtype=Street of Hanoi, Vietnam	 id = 197461
Ngõ Gạch	subtype=Street of Hanoi, Vietnam	 id = 197462
Ngõ Trạm	subtype=Street of Hanoi, Vietnam	 id = 194054
Ngõ Tạm Thương	subtype=Street of Hanoi, Vietnam	 id = 197463
Thuốc Bắc	subtype=Street of Hanoi, Vietnam	 id = 193956
Tố Tịch	subtype=Street of Hanoi, Vietnam	 id = 197464
Yên Thái	subtype=Street of Hanoi, Vietnam	 id = 197465
Cao Thắng	subtype=Street of Hanoi, Vietnam	 id = 197466
Đào Duy Từ	subtype=Street of Hanoi, Vietnam	 id = 197467
Đinh Liệt	subtype=Street of Hanoi, Vietnam	 id = 193561
Lương Ngọc Quyến	subtype=Street of Hanoi, Vietnam	 id = 197468
Lương Văn Can	subtype=Street of Hanoi, Vietnam	 id = 192603
Nguyễn Siêu	subtype=Street of Hanoi, Vietnam	 id = 197469
Nguyễn Thiện Thuật	subtype=Street of Hanoi, Vietnam	 id = 197470
Phùng Hưng	subtype=Street of Hanoi, Vietnam	 id = 197471
Tạ Hiện	subtype=Street of Hanoi, Vietnam	 id = 197472
Trần Nhật Duật	subtype=Street of Hanoi, Vietnam	 id = 197473
Trần Quang Khải	subtype=Street of Hanoi, Vietnam	 id = 197474
Hàng Bột	subtype=Street of Hanoi, Vietnam	 id = 193939
Hàng Bún	subtype=Street of Hanoi, Vietnam	 id = 193996
Hàng Cháo	subtype=Street of Hanoi, Vietnam	 id = 194002
Hàng Cỏ	subtype=Street of Hanoi, Vietnam	 id = 194006
Hàng Lọng	subtype=Street of Hanoi, Vietnam	 id = 197475
Hàng Cơm	subtype=Street of Hanoi, Vietnam	 id = 197476
Hàng Đẫy	subtype=Street of Hanoi, Vietnam	 id = 193303
Hàng Đũa	subtype=Street of Hanoi, Vietnam	 id = 197477
Hàng Bông Thợ Nhuộm	subtype=Street of Hanoi, Vietnam	 id = 197478
Hàng Vôi	subtype=Street of Hanoi, Vietnam	 id = 194034
Hàng Chuối	subtype=Street of Hanoi, Vietnam	 id = 194005
Hàng Bông	subtype=Street of Hanoi, Vietnam	 id = 192616
Hàng Bột	subtype=Street of Hanoi, Vietnam	 id = 193939
Hàng Chỉ	subtype=Street of Hanoi, Vietnam	 id = 194003
Hàng Cỏ	subtype=Street of Hanoi, Vietnam	 id = 194006
Hàng Hành	subtype=Street of Hanoi, Vietnam	 id = 194014
Hàng Hương	subtype=Street of Hanoi, Vietnam	 id = 194016
Hàng Trứng	 id = 197448
