địa đạo củ chi	 id = 192577
dinh độc lập	 id = 192578
đinh tiên hoàng	 id = 192579
đồng tháp mười	 id = 192580
lò sưởi	 id = 192581
nam bộ	 id = 192582
đồng bằng sông cửu long	 id = 192583
tp hồ chí minh	 id = 192584
trung tâm triển lãm giảng võ	 id = 192585
cung văn hóa lao động hữu nghị việt-xô	 id = 192586
chợ rẫy	 id = 192587
ninh hiệp	 id = 192588
tp hcm	 id = 192589
tphcm	 id = 192571
đắc lắc	 id = 192590
miền trung tây nguyên	 id = 192591
tây nguyên	 id = 192592
đbscl	 id = 192593
bến thành	 id = 191242
thăng long	 id = 191254
đông nam bộ	 id = 192594
tây nam bộ	 id = 192595
phố huế	 id = 192596
bạch mai	 id = 192597
thái thịnh	 id = 192598
thạch hán	 id = 192599
chùa trầm	 id = 192600
chùa trăm gian	 id = 192601
tản viên	 id = 192602
lương văn can	 id = 192603
hòa mã	 id = 192604
phạm ngọc thạch	 id = 192605
hàm long	 id = 192606
giảng võ	 id = 192607
langbiang	 id = 192608
kẻ bàng	 id = 192609
hồ gươm	 id = 192610
gò đống đa	 id = 192611
đội cấn	 id = 192612
mỹ đình	 id = 192613
láng hạ	 id = 192614
megastar	 id = 192083
đại la	 id = 192615
gia định	 id = 188503
hàng bông	 id = 192616
dinh thống nhất	 id = 192617
buôn mê thuột	 id = 192618
tân sơn nhất	 id = 192619
tràng tiền	 id = 192620
hàng bài	 id = 192621
tây tây bắc	 id = 192622
đông bắc bộ	 id = 192623
bà chiểu	 id = 192624
mễ trì	 id = 192625
đắc nông	 id = 192626
trung yên	 id = 192627
thị nại	 id = 192628
thị nghè	 id = 192629
trần huy liệu	 id = 192630
hà thành	 id = 192631
hàng cót	 id = 192632
hàng chiếu	 id = 192633
phùng khắc khoan	 id = 192634
dung quất	 id = 192635
phủ chủ tịch	 id = 192636
thành phố hồ chí minh	 id = 192637
vịnh hạ long	 id = 192638
hà nhì	 id = 192639
động xá	 id = 192640
tràng an	 id = 186968
hàng gai	 id = 192641
hàng khay	 id = 192642
pháp vân	 id = 192643
cầu giẽ	 id = 192644
vinpearl	 id = 192645
Nơ Trang Long	 id = 192646
Láng Hòa Lạc	 id = 192647
Đại Việt	 id = 191226
Đông Anh	 id = 192648
Phan Rang	 id = 192649
Trưng Vương	 id = 192650
A Lưới	 id = 192651
An Biên	 id = 192652
An Dương	 id = 192653
An Khê	 id = 192654
An Lão	 id = 184091
An Minh	 id = 192655
An Nhơn	 id = 192656
An Phú	 id = 192657
Anh Sơn	 id = 192658
Ayun Pa	 id = 192659
Ân Thi	 id = 192660
Ba Bể	 id = 192661
Ba Chẽ	 id = 192662
Ba Đình	 id = 192663
Ba Tơ	 id = 192664
Ba Tri	 id = 192665
Ba Vì	 id = 192666
Bà Rịa	 id = 192667
Bá Thước	 id = 192668
Bác Ái	 id = 192669
Bạc Liêu	 id = 192519
Bạch Long Vĩ	 id = 192670
Bạch Thông	 id = 192671
Bảo Lạc	 id = 192672
Bảo Lâm	 id = 192673
Bảo Lộc	 id = 192520
Bảo Thắng	 id = 192674
Bảo Yên	 id = 192675
Bát Xát	 id = 192676
Bắc Bình	 id = 192677
Bắc Giang	 id = 192521
Bắc Hà	 id = 191540
Bắc Kạn	 id = 192678
Bắc Mê	 id = 192679
Bắc Ninh	 id = 192522
Bắc Quang	 id = 192680
Bắc Sơn	 id = 192681
Bắc Trà My	 id = 192682
Bắc Yên	 id = 192683
Bến Cát	 id = 192684
Bến Cầu	 id = 192685
Bến Lức	 id = 192686
Bến Tre	 id = 192524
Biên Hòa	 id = 192523
Bỉm Sơn	 id = 192687
Bình Chánh	 id = 192688
Bình Đại	 id = 192689
Bình Gia	 id = 187068
Bình Giang	 id = 192690
Bình Liêu	 id = 192691
Bình Long	 id = 192692
Bình Lục	 id = 192693
Bình Minh	 id = 192694
Bình Sơn	 id = 192695
Bình Tân	 id = 192696
Bình Thạnh	 id = 192697
Bình Thuỷ	 id = 192698
Bình Xuyên	 id = 192699
Bố Trạch	 id = 192700
Bù Đăng	 id = 192701
Bù Đốp	 id = 192702
Buôn Đôn	 id = 192703
Buôn Ma Thuột	 id = 192525
Cà Mau	 id = 192526
Cai Lậy	 id = 192704
Cái Bè	 id = 192705
Cái Nước	 id = 192706
Cái Răng	 id = 192707
Cam Lâm	 id = 192708
Cam Lộ	 id = 192709
Cam Ranh	 id = 192528
Can Lộc	 id = 192710
Càng Long	 id = 192711
Cao Bằng	 id = 192712
Cao Lãnh	 id = 192527
Cao Lộc	 id = 192713
Cao Phong	 id = 192714
Cát Hải	 id = 192715
Cát Tiên	 id = 192716
Cẩm Giàng	 id = 192717
Cẩm Mỹ	 id = 192718
Cẩm Phả	 id = 192719
Cẩm Thủy	 id = 192720
Cẩm Xuyên	 id = 192721
Cần Đước	 id = 192722
Cần Giờ	 id = 192723
Cần Giuộc	 id = 192724
Cầu Giấy	 id = 192725
Cầu Kè	 id = 192726
Cầu Ngang	 id = 192727
Châu Đốc	 id = 192728
Châu Đức	 id = 192729
Châu Phú	 id = 185094
Châu Thành	 id = 192730
Châu Thành A	 id = 192731
Chi Lăng	 id = 192732
Chí Linh	 id = 192733
Chiêm Hóa	 id = 192734
Chợ Đồn	 id = 192735
Chợ Gạo	 id = 192736
Chợ Lách	 id = 192737
Chợ Mới	 id = 192738
Chơn Thành	 id = 192739
Chư Păh	 id = 192740
Chư Prông	 id = 192741
Chư Sê	 id = 192742
Chương Mỹ	 id = 192743
Con Cuông	 id = 192744
Cô Tô	 id = 192745
Côn Đảo	 id = 192746
Cồn Cỏ	 id = 192747
Cờ Đỏ	 id = 192748
Cù Lao Dung	 id = 192749
Củ Chi	 id = 192750
Cư Jút	 id = 192751
Cư M'gar	 id = 192752
Cửa Lò	 id = 192753
Dầu Tiếng	 id = 192754
Di Linh	 id = 192755
Dĩ An	 id = 192756
Diên Khánh	 id = 192757
Diễn Châu	 id = 192758
Duy Tiên	 id = 192759
Duy Xuyên	 id = 192760
Duyên Hải	 id = 192761
Đa Krông	 id = 192762
Đà Bắc	 id = 192763
Đà Lạt	 id = 192529
Đạ Huoai	 id = 192764
Đạ Tẻh	 id = 192765
Đại Lộc	 id = 192766
Đại Từ	 id = 192767
Đak Đoa	 id = 192768
Đak Pơ	 id = 192769
Đan Phượng	 id = 192770
Đăk Glei	 id = 192771
Đăk Glong	 id = 192772
Đăk Hà	 id = 192773
Đăk Mil	 id = 192774
Đăk R'Lấp	 id = 192775
Đăk Song	 id = 192776
Đăk Tô	 id = 192777
Đầm Dơi	 id = 192778
Đầm Hà	 id = 192779
Đăm Rông	 id = 192780
Đất Đỏ	 id = 192781
Điện Bàn	 id = 192782
Điện Biên	 id = 191842
Điện Biên Đông	 id = 192783
Điện Biên Phủ	 id = 192530
Đình Lập	 id = 192784
Định Quán	 id = 192785
Đoan Hùng	 id = 192786
Đô Lương	 id = 192787
Đồ Sơn	 id = 192788
Đông Giang	 id = 192789
Đông Hà	 id = 192531
Đông Hải	 id = 192790
Đông Hòa	 id = 192791
Đông Hưng	 id = 192792
Đông Sơn	 id = 191334
Đông Triều	 id = 192793
Đồng Hới	 id = 192532
Đồng Hỷ	 id = 192794
Đồng Phù	 id = 192795
Đồng Văn	 id = 192796
Đồng Xoài	 id = 192797
Đồng Xuân	 id = 192798
Đống Đa	 id = 192799
Đơn Dương	 id = 192800
Đức Cơ	 id = 192801
Đức Huệ	 id = 192802
Đức Linh	 id = 192803
Đức Phổ	 id = 192804
Đức Thọ	 id = 192805
Đức Trọng	 id = 192806
Ea H'leo	 id = 192807
Ea Kar	 id = 192808
Ea Súp	 id = 192809
Gia Bình	 id = 192810
Gia Lâm	 id = 192811
Gia Lộc	 id = 185192
Gia Nghĩa	 id = 192812
Gia Viễn	 id = 192813
Giá Rai	 id = 192814
Giao Thuỷ	 id = 192815
Gio Linh	 id = 192816
Giồng Riềng	 id = 192817
Giồng Trôm	 id = 192818
Gò Công	 id = 192819
Gò Công Đông	 id = 192820
Gò Công Tây	 id = 192821
Gò Dầu	 id = 192822
Gò Quao	 id = 192823
Gò Vấp	 id = 192824
Hà Đông	 id = 192825
Hà Giang	 id = 192533
Hà Quảng	 id = 192826
Hà Tiên	 id = 192827
Hà Tĩnh	 id = 192534
Hà Trung	 id = 192828
Hạ Hoà	 id = 192829
Hạ Lang	 id = 192830
Hạ Long	 id = 192535
Hai Bà Trưng	 id = 192831
Hải Châu	 id = 191825
Hải Dương	 id = 192536
Hải Hậu	 id = 192832
Hải Lăng	 id = 192833
Hàm Tân	 id = 192834
Hàm Thuận Bắc	 id = 192835
Hàm Thuận Nam	 id = 192836
Hàm Yên	 id = 192837
Hậu Lộc	 id = 192838
Hiệp Đức	 id = 192839
Hiệp Hòa	 id = 192840
Hoa Lư	 id = 192841
Hoà An	 id = 192842
Hòa Thành	 id = 192843
Hoài Ân	 id = 192844
Hoài Đức	 id = 192845
Hoài Nhơn	 id = 192846
Hoàn Kiếm	 id = 192847
Hoàng Mai	 id = 188115
Hoàng Sa	 id = 192848
Hoàng Su Phì	 id = 192849
Hoành Bồ	 id = 192850
Hoằng Hóa	 id = 192851
Hóc Môn	 id = 192852
Hòn Đất	 id = 192853
Hội An	 id = 192538
Hồng Bàng	 id = 189888
Hồng Dân	 id = 191844
Hồng Lĩnh	 id = 192854
Hồng Ngự	 id = 192855
Huế	 id = 192539
Hưng Hà	 id = 190002
Hưng Nguyên	 id = 192856
Hưng Yên	 id = 192540
Hương Khê	 id = 192857
Hương Sơn	 id = 192858
Hương Thủy	 id = 192859
Hương Trà	 id = 192860
Hướng Hóa	 id = 192861
Hữu Lũng	 id = 192862
Ia Grai	 id = 192863
Ia Pa	 id = 192864
KBang	 id = 192865
Kế Sách	 id = 192866
Khánh Sơn	 id = 192867
Khánh Vĩnh	 id = 192868
Khoái Châu	 id = 192869
Kiên Hải	 id = 192870
Kiên Lương	 id = 192871
Kiến An	 id = 192872
Kiến Thuỵ	 id = 192873
Kiến Xương	 id = 192874
Kim Bảng	 id = 192875
Kim Bôi	 id = 192876
Kim Động	 id = 192877
Kim Sơn	 id = 192878
Kim Thành	 id = 192879
Kinh Môn	 id = 192880
Kon Plông	 id = 192881
Kon Rẫy	 id = 192882
Kon Tum	 id = 192541
Kông Chro	 id = 192883
Krông Ana	 id = 192884
Krông Bông	 id = 192885
Krông Búk	 id = 192886
Krông Năng	 id = 192887
Krông Nô	 id = 192888
Krông Pa	 id = 192889
Krông Pắk	 id = 192890
Kỳ Anh	 id = 192891
Kỳ Sơn	 id = 192892
La Gi	 id = 192893
Lạc Dương	 id = 192894
Lạc Sơn	 id = 192895
Lạc Thuỷ	 id = 192896
Lai Châu	 id = 192897
Lai Vung	 id = 192898
Lang Chánh	 id = 192899
Lạng Giang	 id = 192900
Lạng Sơn	 id = 192542
Lào Cai	 id = 192543
Lâm Hà	 id = 192901
Lâm Thao	 id = 192902
Lấp Vò	 id = 192903
Lập Thạch	 id = 192904
Lê Chân	 id = 192905
Lệ Thủy	 id = 192906
Liên Chiểu	 id = 192907
Long Biên	 id = 192908
Long Đất	 id = 192909
Long Hồ	 id = 192910
Long Khánh	 id = 192911
Long Mỹ	 id = 192912
Long Phú	 id = 192913
Long Thành	 id = 183522
Long Xuyên	 id = 192544
Lộc Bình	 id = 192914
Lộc Hà	 id = 192915
Lộc Ninh	 id = 192916
Lục Nam	 id = 192917
Lục Ngạn	 id = 192918
Lục Yên	 id = 192919
Lương Sơn	 id = 192920
Lương Tài	 id = 192921
Lý Nhân	 id = 192922
Lý Sơn	 id = 192923
Mai Châu	 id = 192924
Mai Sơn	 id = 192925
Mang Thít	 id = 192926
Mang Yang	 id = 192927
M'Đrăk	 id = 192928
Tên thành phố,	 id = 192929
Mèo Vạc	 id = 192930
Mê Linh	 id = 189773
Minh Hóa	 id = 192931
Minh Long	 id = 184103
Mỏ Cày	 id = 192932
Móng Cái	 id = 192545
Mộ Đức	 id = 192933
Mộc Châu	 id = 191264
Mộc Hóa	 id = 192934
Mù Căng Chải	 id = 192935
Mường Áng	 id = 192936
Mường Chà	 id = 192937
Mường Khương	 id = 192938
Mường La	 id = 192939
Mường Lát	 id = 192940
Mường Lay	 id = 192941
Mường Nhé	 id = 192942
Mường Tè	 id = 192943
Mỹ Đức	 id = 192944
Mỹ Hào	 id = 192945
Mỹ Lộc	 id = 192946
Mỹ Tho	 id = 192546
Mỹ Tú	 id = 192947
Mỹ Xuyên	 id = 192948
Na Hang	 id = 192949
Na Rì	 id = 192950
Nam Đàn	 id = 192951
Nam Định	 id = 192547
Nam Đông	 id = 192952
Nam Giang	 id = 192953
Nam Sách	 id = 192954
Nam Trà My	 id = 192955
Nam Trực	 id = 192956
Năm Căn	 id = 192957
Nga Sơn	 id = 192958
Ngã Năm	 id = 192959
Ngân Sơn	 id = 192960
Nghi Lộc	 id = 192961
Nghi Xuân	 id = 192962
Nghĩa Đàn	 id = 192963
Nghĩa Hành	 id = 192964
Nghĩa Hưng	 id = 192965
Nghĩa Lộ	 id = 192966
Ngọc Hiển	 id = 192967
Ngọc Hồi	 id = 192968
Ngọc Lạc	 id = 192969
Ngô Quyền	 id = 192970
Ngũ Hành Sơn	 id = 192971
Nguyên Bình	 id = 192972
Nha Trang	 id = 191872
Nhà Bè	 id = 192973
Nho Quan	 id = 192974
Nhơn Trạch	 id = 192975
Như Thanh	 id = 192976
Như Xuân	 id = 192977
Ninh Bình	 id = 192548
Ninh Giang	 id = 192978
Ninh Hải	 id = 192979
Ninh Hòa	 id = 191786
Ninh Kiều	 id = 192980
Ninh Phước	 id = 192981
Ninh Sơn	 id = 192982
Nông Cống	 id = 192983
Núi Thành	 id = 192984
Ô Môn	 id = 192985
Pác Nặm	 id = 192986
Phan Thiết	 id = 192550
Phong Điền	 id = 192987
Phong Thổ	 id = 192988
Phổ Yên	 id = 192989
Phú Bình	 id = 192990
Phú Giáo	 id = 192991
Phú Hòa	 id = 192992
Phú Lộc	 id = 191440
Phú Lương	 id = 192993
Phú Nhuận	 id = 192994
Phú Ninh	 id = 192995
Phú Quý	 id = 192996
Phú Quốc	 id = 191462
Phú Tân	 id = 191845
Phú Thiện	 id = 192997
Phú Thọ	 id = 192998
Phú Vang	 id = 192999
Phú Xuyên	 id = 193000
Phù Cát	 id = 193001
Phù Cừ	 id = 193002
Phù Mỹ	 id = 193003
Phù Ninh	 id = 193004
Phù Yên	 id = 193005
Phủ Lý	 id = 192551
Phúc Thọ	 id = 193006
Phúc Yên	 id = 193007
Phục Hoà	 id = 193008
Phụng Hiệp	 id = 193009
Phước Long	 id = 193010
Phước Sơn	 id = 193011
Pleiku	 id = 192552
Quận 1	 id = 193012
Quận 2	 id = 193013
Quận 3	 id = 193014
Quận 4	 id = 193015
Quận 5	 id = 193016
Quận 6	 id = 193017
Quận 7	 id = 193018
Quận 8	 id = 193019
Quận 9	 id = 193020
Quận 10	 id = 193021
Quận 11	 id = 193022
Quận 12	 id = 193023
Quan Hóa	 id = 193024
Quan Sơn	 id = 193025
Quản Bạ	 id = 193026
Quang Bình	 id = 193027
Quảng Điền	 id = 193028
Quảng Hà	 id = 193029
Quảng Ngãi	 id = 192553
Quảng Ninh	 id = 193030
Quảng Trạch	 id = 193031
Quảng Trị	 id = 193032
Quảng Uyên	 id = 193033
Quảng Xương	 id = 193034
Quế Phong	 id = 193035
Quế Sơn	 id = 193036
Quế Võ	 id = 193037
Qui Nhơn	 id = 193038
Quốc Oai	 id = 193039
Quỳ Châu	 id = 193040
Quỳ Hợp	 id = 193041
Quỳnh Lưu	 id = 193042
Quỳnh Nhai	 id = 193043
Quỳnh Phụ	 id = 193044
Rạch Giá	 id = 192555
Sa Đéc	 id = 193045
Sa Pa	 id = 193046
Sa Thầy	 id = 193047
Sầm Sơn	 id = 193048
Si Ma Cai	 id = 193049
Sìn Hồ	 id = 193050
Sóc Sơn	 id = 193051
Sóc Trăng	 id = 191843
Sông Công	 id = 191325
Sông Hinh	 id = 193052
Sông Mã	 id = 193053
Sốp Cộp	 id = 193054
Sơn Động	 id = 193055
Sơn Dương	 id = 193056
Sơn Hà	 id = 193057
Sơn Hòa	 id = 193058
Sơn La	 id = 192556
Sơn Tây	 id = 193059
Sơn Tịnh	 id = 193060
Sơn Trà	 id = 193061
Tam Bình	 id = 193062
Tam Dương	 id = 193063
Tam Điệp	 id = 193064
Tam Đường	 id = 193065
Tam Kỳ	 id = 192557
Tam Nông	 id = 193066
Tánh Linh	 id = 193067
Tân An	 id = 192558
Tân Biên	 id = 193068
Tân Bình	 id = 193069
Tân Châu	 id = 193070
Tân Hiệp	 id = 193071
Tân Hưng	 id = 193072
Tân Kỳ	 id = 193073
Tân Lạc	 id = 193074
Tân Phú	 id = 193075
Tân Phước	 id = 193076
Tân Sơn	 id = 193077
Tân Thành	 id = 185845
Tân Thạnh	 id = 193078
Tân Trụ	 id = 193079
Tân Uyên	 id = 193080
Tân Yên	 id = 193081
Tây Giang	 id = 193082
Tây Hòa	 id = 193083
Tây Hồ	 id = 193084
Tây Ninh	 id = 193085
Tây Sơn	 id = 193086
Tây Trà	 id = 193087
Thạch An	 id = 193088
Thạch Hà	 id = 193089
Thạch Thành	 id = 193090
Thạch Thất	 id = 193091
Thái Bình	 id = 192559
Thái Nguyên	 id = 191310
Thái Thuỵ	 id = 193092
Than Uyên	 id = 193093
Thanh Ba	 id = 193094
Thanh Chương	 id = 193095
Thanh Hà	 id = 193096
Thanh Hóa	 id = 192560
Thanh Khê	 id = 193097
Thanh Liêm	 id = 193098
Thanh Miện	 id = 193099
Thanh Oai	 id = 193100
Thanh Sơn	 id = 193101
Thanh Thuỷ	 id = 193102
Thanh Trì	 id = 184366
Thanh Xuân	 id = 193103
Thạnh Hóa	 id = 193104
Thạnh Phú	 id = 193105
Thạnh Trị	 id = 193106
Tháp Mười	 id = 193107
Thăng Bình	 id = 193108
Thiệu Hóa	 id = 193109
Thọ Xuân	 id = 193110
Thoại Sơn	 id = 193111
Thông Nông	 id = 193112
Thốt Nốt	 id = 193113
Thới Bình	 id = 193114
Thủ Dầu Một	 id = 193115
Thủ Đức	 id = 193116
Thủ Thừa	 id = 193117
Thuận An	 id = 193118
Thuận Bắc	 id = 193119
Thuận Châu	 id = 193120
Thuận Thành	 id = 193121
Thuỷ Nguyên	 id = 193122
Thường Tín	 id = 193123
Thường Xuân	 id = 193124
Tiên Du	 id = 193125
Tiền Hải	 id = 193126
Tiên Lãng	 id = 193127
Tiên Lữ	 id = 193128
Tiên Phước	 id = 193129
Tiên Yên	 id = 193130
Tiểu Cần	 id = 193131
Tĩnh Gia	 id = 193132
Tịnh Biên	 id = 193133
Trà Bồng	 id = 193134
Trà Cú	 id = 193135
Trà Lĩnh	 id = 193136
Trà Ôn	 id = 193137
Trà Vinh	 id = 192561
Trạm Tấu	 id = 193138
Tràng Định	 id = 193139
Trảng Bàng	 id = 193140
Trảng Bom	 id = 193141
Trấn Yên	 id = 193142
Trần Văn Thời	 id = 193143
Tri Tôn	 id = 193144
Triệu Phong	 id = 193145
Triệu Sơn	 id = 193146
Trực Ninh	 id = 193147
Trường Sa	 id = 193148
Tủa Chùa	 id = 193149
Tuần Giáo	 id = 193150
Tu Mơ Rông	 id = 193151
Tuy An	 id = 193152
Tuy Đức	 id = 193153
Tuy Hòa	 id = 192562
Tuy Phong	 id = 193154
Tuy Phước	 id = 193155
Tuyên Hóa	 id = 193156
Tuyên Quang	 id = 192563
Tư Nghĩa	 id = 193157
Tứ Kỳ	 id = 193158
Từ Liêm	 id = 193159
Từ Sơn	 id = 193160
Tương Dương	 id = 193161
U Minh	 id = 193162
U Minh Thượng	 id = 193163
Uông Bí	 id = 192564
Ứng Hoà	 id = 193164
Vạn Ninh	 id = 193165
Văn Bàn	 id = 193166
Văn Chấn	 id = 193167
Văn Giang	 id = 193168
Vãn Lãng	 id = 193169
Văn Lâm	 id = 193170
Văn Quan	 id = 193171
Văn Yên	 id = 193172
Vân Canh	 id = 193173
Vân Đồn	 id = 193174
Vị Thanh	 id = 192565
Vị Thuỷ	 id = 193175
Vị Xuyên	 id = 193176
Việt Trì	 id = 187009
Việt Yên	 id = 193177
Vinh	 id = 192566
Vĩnh Bảo	 id = 193178
Vĩnh Châu	 id = 193179
Vĩnh Cửu	 id = 193180
Vĩnh Hưng	 id = 193181
Vĩnh Linh	 id = 193182
Vĩnh Long	 id = 192567
Vĩnh Lộc	 id = 193183
Vĩnh Lợi	 id = 186166
Vĩnh Thạnh	 id = 193184
Vĩnh Thuận	 id = 191164
Vĩnh Tường	 id = 193185
Vĩnh Yên	 id = 192568
Võ Nhai	 id = 193186
Vũ Quang	 id = 193187
Vũ Thư	 id = 193188
Vụ Bản	 id = 193189
Vũng Liêm	 id = 193190
Vũng Tầu	 id = 193191
Xín Mần	 id = 193192
Xuân Lộc	 id = 193193
Xuân Trường	 id = 193194
Xuyên Mộc	 id = 193195
Ý Yên	 id = 193196
Yên Bái	 id = 192570
Yên Bình	 id = 193197
Yên Châu	 id = 193198
Yên Dũng	 id = 193199
Yên Định	 id = 193200
Yên Hưng	 id = 193201
Yên Khánh	 id = 193202
Yên Lạc	 id = 193203
Yên Lập	 id = 193204
Yên Minh	 id = 193205
Yên Mô	 id = 193206
Yên Mỹ	 id = 193207
Yên Phong	 id = 193208
Yên Sơn	 id = 193209
Yên Thành	 id = 193210
Yên Thế	 id = 193211
Yên Thuỷ	 id = 193212
Cần Thơ	 id = 192515
Đà Nẵng	 id = 191875
Hải Phòng	 id = 192516
An Giang	 id = 193213
Bà Rịa-Vũng Tàu	 id = 193214
Bình Định	 id = 193215
Bình Dương	 id = 193216
Bình Phước	 id = 193217
Bình Thuận	 id = 193218
Đắk Lắk	 id = 193219
Đắk Nông	 id = 193220
Đồng Nai	 id = 185135
Đồng Tháp	 id = 193221
Gia Lai	 id = 193222
Hà Nam	 id = 193223
Hà Tây	 id = 193224
Hòa Bình	 id = 192537
Hậu Giang	 id = 193225
Vũng Tàu	 id = 192569
Quy Nhơn	 id = 192554
Khánh Hòa	 id = 191715
Kiên Giang	 id = 193226
Lâm Đồng	 id = 193227
Long An	 id = 193228
Nghệ An	 id = 193229
Ninh Thuận	 id = 193230
Phú Yên	 id = 193231
Quảng Bình	 id = 193232
Quảng Nam	 id = 193233
Tiền Giang	 id = 193234
Vĩnh Phúc	 id = 193235
Bà Rịa Vũng Tàu	 id = 193236
Ngã Bảy	 id = 193237
Nhơn Hội	 id = 193238
Thừa Thiên	 id = 193239
Thừa Thiên Huế	 id = 193240
TT Huế	 id = 193241
Thừa Thiên-Huế	 id = 193242
TT-Huế	 id = 193243
Bà Triệu	 id = 193244
Cái Lân	 id = 191238
Thác Bà	 id = 193245
Thiên Trường	 id = 184732
Cửa Bắc	 id = 193246
Cửa Nam	 id = 193247
Cửa Đông	 id = 193248
Đồng Lư	 id = 193249
CSG	 id = 193250
Mĩ Đức	 id = 193251
Mĩ Tho	 id = 193252
Mĩ Tú	 id = 193253
Mĩ Xuyên	 id = 193254
Mĩ Lộc	 id = 193255
Mĩ Hào	 id = 193256
Chợ Lớn	 id = 193257
Đá Tây	 id = 193258
Kênh Tẻ	 id = 193259
Văn Thánh	 id = 193260
đồng bằng sông hồng	 id = 193261
Đường Lâm	 id = 193262
Cự Đà	 id = 193263
Lăng Cô	 id = 193264
Thu Bồn	 id = 193265
Bạch Mã	 id = 193266
Hải Vân	 id = 193267
Thụy Khuê	 id = 193268
Nam Thăng Long	 id = 193269
Chương Dương	 id = 191236
Giải Phóng	 id = 193270
Liễu Giai	 id = 193271
Cổ Loa	 id = 193272
đền hùng	 id = 193273
hoàng thành thăng long	 id = 193274
thành cổ thăng long	 id = 193275
Kỳ Đồng	 id = 193276
Hòn Gai	 id = 193277
Bãi Cháy	 id = 193278
Quan Lạn	 id = 193279
Gò Đậu	 id = 193280
Chùa Cuối	 id = 193281
Quần Ngựa	 id = 193282
Cổ Nhuế	 id = 193283
cung văn hóa hữu nghị hà nội	 id = 193284
cung văn hóa hữu nghị việt xô	 id = 193285
Dốc Lết	 id = 193286
Vọng Cảnh	 id = 193287
Đầm Sen	 id = 193288
Hàng Da	 id = 193289
Hàng Đào	 id = 193290
Hàng Ngang	 id = 193291
Quán Sứ	 id = 193292
Hàng Buồm	 id = 193293
Bái Tử Long	 id = 193294
hà nội tower	 id = 193295
trung tâm hội chợ triển lãm việt nam	 id = 193296
Suối Tiên	 id = 193297
Trung Bộ	 id = 193298
Thanh Xuân Bắc	 id = 193299
Phả Lại	 id = 193300
Ô Chợ Dừa	 id = 193301
Ô Quan Chưởng	 id = 193302
Hàng Đẫy	 id = 193303
xứ Nghệ	 id = 193304
viôlắc	 id = 193305
vi-ô-lắc	 id = 193306
Văn Điển	 id = 193307
Quận Ba Ðình	 id = 193308
Đàlạt	 id = 193309
Tourane	 id = 193310
Lĩnh Nam	 id = 193311
Bắc Cạn	 id = 193312
Xứ Lạng	 id = 193313
Cửu Long	 id = 186977
Quần đảo Hoàng Sa	 id = 193314
Thánh địa Mỹ Sơn	 id = 193315
ĐBP	 id = 193316
Mỹ Sơn	 id = 193317
BRVT	 id = 193318
Faifoo	 id = 193319
Hội an	 id = 192538
Đồ sơn	 id = 192788
Ba bể	 id = 192661
Ba-bể	 id = 193320
Sa pa	 id = 193046
Sa-pa	 id = 193321
Đà lạt	 id = 192529
Đà-lạt	 id = 193322
Phú quốc	 id = 191462
Côn đảo	 id = 192746
Thành phố Đà Nẵng	 id = 193323
Tỉnh An Giang	 id = 193324
Lan Thương	 id = 193325
Trưng Trắc	 id = 193326
Trưng Nhị	 id = 193327
Đăk Lăk	 id = 193328
Thái nguyên	 id = 191310
Thị xã Hà Đông	 id = 193329
Mêkông	 id = 193330
Cù lao Thu	 id = 193331
QL1A	 id = 193332
Phan thiết	 id = 192550
Văn Miếu-Quốc Tử Giám	 id = 193333
Chùa Một Cột	 id = 193334
Bạch Đằng	 id = 193335
Thành cổ Quảng Trị	 id = 193336
Hầm Hải Vân	 id = 193337
Đèo Hải Vân	 id = 193338
Thừa Thiên - Huế	 id = 193339
Chùa Vĩnh Nghiêm	 id = 193340
Plei Cu	 id = 193341
Nguyễn Thị Định	 id = 193342
Hàng Bạc	 id = 193343
Thành phố Việt Trì	 id = 193344
Cửu Long Giang	 id = 193345
Mê Không	 id = 193346
Ban Mê Thuột	 id = 193347
Phan Xi Păng	 id = 193348
Côn-Đảo	 id = 193349
Chùa Thiên Mụ	 id = 193350
Vân Phong	 id = 193351
Chùa Thầy	 id = 193352
Thành phố Huế	 id = 193353
Chùa Quán Sứ	 id = 193354
Chùa Trấn Quốc	 id = 193355
Chùa Phật Tích	 id = 193356
Chùa Hương	 id = 193357
Huyện Nam Ðàn	 id = 193358
Chùa một cột	 id = 193334
Diên Hựu	 id = 193359
Liên Hoa Đài	 id = 193360
Đền Ngọc Sơn	 id = 193361
Phú Xuân	 id = 184864
Hai bà Trưng	 id = 192831
Giao Chỉ	 id = 193362
Lan Thương Giang	 id = 193363
Triệu Thị Trinh	 id = 193364
Triệu Ẩu	 id = 193365
Sapa	 id = 193366
Đắc Lắc	 id = 192590
Dak Lak	 id = 193367
sân bay quốc tế Tân Sơn Nhất	 id = 193368
Huyện Tiên Phước	 id = 193369
Phi trường Tân Sơn Nhất	 id = 193370
Tân Sơn Nhứt	 id = 193371
sân bay Tân Sơn Nhứt	 id = 193372
Phi trường Tân Sơn Nhứt	 id = 193373
sân bay Quốc tế Tân Sơn Nhất	 id = 193368
Phi trường quốc tế Tân Sơn Nhất	 id = 193374
Phi trường Quốc tế Tân Sơn Nhất	 id = 193374
sân bay quốc tế Tân Sơn Nhứt	 id = 193375
sân bay Quốc tế Tân Sơn Nhứt	 id = 193375
Phi trường quốc tế Tân Sơn Nhứt	 id = 193376
Phi trường Quốc tế Tân Sơn Nhứt	 id = 193376
SGN	 id = 193377
VVTS	 id = 193378
sân bay quốc tế Nội Bài	 id = 193379
Cảng hàng không quốc tế Nội Bài	 id = 193380
Cảng hàng không quốc tế Tân Sơn Nhất	 id = 193381
VVNB	 id = 193382
Phi trường Nội Bài	 id = 193383
sân bay Nội bài	 id = 193384
sân bay Quốc tế Nội bài	 id = 193379
Phi trường Quốc tế Nội Bài	 id = 193385
Phi trường quốc tế Nội Bài	 id = 193385
sân bay quốc tế Đà Nẵng	 id = 193386
sân bay Đà Nẵng	 id = 193387
sân bay Tân Sơn Nhất	 id = 193388
sân bay Nội Bài	 id = 193384
Huyện Duy Xuyên	 id = 193389
Thị xã Tam Kỳ	 id = 193390
Huyện Điện Bàn	 id = 193391
VVDA	 id = 193392
DAD	 id = 193393
sân bay Quốc tế Đà Nẵng	 id = 193386
Cảng hàng không quốc tế Đà Nẵng	 id = 193394
Cảng Hàng không Quốc tế Đà Nẵng	 id = 193394
sân bay Đà-Nẵng	 id = 193395
Phi trường quốc tế Đà Nẵng	 id = 193396
sân bay quốc tế Đà-nẵng	 id = 193397
sân bay Đà nẵng	 id = 193387
Phi trường Đà-Nẵng	 id = 193398
Phi trường Quốc tế Đà Nẵng	 id = 193396
Phi trường quốc tế Đà-Nẵng	 id = 193399
Phi trường Đà Nẵng	 id = 193400
sân bay Quốc tế Đà-Nẵng	 id = 193397
sân bay Đà-nẵng	 id = 193395
Phi trường Quốc tế Đà-Nẵng	 id = 193399
Chùa Côn Sơn	 id = 193401
Xuân Trường, Nam Định	 id = 193402
sân bay Điện Biên Phủ	 id = 193403
sân bay Vinh	 id = 193404
Công Tum	 id = 193405
Huyện Hoàng Su Phì	 id = 193406
Đăk Nông	 id = 193407
Bát Tràng	 id = 184104
sân bay Phù Cát	 id = 193408
Buôn Mê Thuột	 id = 192618
PleiKu	 id = 192552
Plây Cu	 id = 193409
Sông Thao	 id = 193410
Lăng Tự Đức	 id = 193411
Huyện Nam Đàn	 id = 193412
Huyện Đô Lương	 id = 193413
Vạn Niên Cơ	 id = 193414
Hải-dương	 id = 193415
Châu Ô	 id = 193416
Gò Tháp	 id = 193417
Đảo Bạch Long Vĩ	 id = 193418
Ngã ba Đồng Lộc	 id = 193419
Đàn Nam Giao	 id = 193420
Khe Sanh	 id = 193421
Hà tĩnh	 id = 192534
Mekong	 id = 183912
Tỉnh Hà Tĩnh	 id = 193422
Krông Buk	 id = 193423
Tỉnh Cao Bằng	 id = 193424
Thành phố Nha Trang	 id = 193425
Đèo Cả	 id = 193426
Đray Sáp	 id = 193427
Pông Gua	 id = 193428
Thác Pông Gua	 id = 193429
Huyện Chí Linh	 id = 193430
Hương Sơn, Hà Tĩnh	 id = 193431
Núi Bà Đen	 id = 193432
Trường Sơn	 id = 193433
Núi Hàm Rồng	 id = 193434
Lào Kay	 id = 193435
Lao Kai	 id = 193436
Huyện Phú Tân	 id = 193437
Huyện Bảo Lâm	 id = 193438
Huyện An Lão	 id = 193439
Huyện Châu Thành	 id = 193440
Huyện Chợ Mới	 id = 193441
Huyện Kỳ Sơn	 id = 193442
Huyện Phong Điền	 id = 193443
Huyện Phước Long	 id = 193444
Cap Saint Jacques	 id = 193445
Cap Saint-Jacques	 id = 193446
Huyện Tân Châu	 id = 193447
Huyện Tân Hiệp	 id = 193448
Huyện Tam Nông	 id = 193449
Huyện Tư Nghĩa	 id = 193450
Sơn Mỹ	 id = 193451
Nam Ðịnh	 id = 193452
Hồ Tùng Mậu	 id = 193453
Đặng Dung	 id = 193454
Cù Lao Ré	 id = 193455
Huyện Can Lộc	 id = 193456
Thành phố Vinh	 id = 193457
Nguyễn Phúc Hồng Dật	 id = 193458
Vua Hiệp Hoà	 id = 193459
Hiệp Hoà	 id = 193460
sân bay Cát Bi	 id = 193461
sân bay Gia Lâm	 id = 193462
Ngô Văn Sở	 id = 193463
Vua Hiệp Hòa	 id = 193464
Nguyễn Phúc Thăng	 id = 193465
sân bay Rạch Giá	 id = 193466
Huyện Đức Thọ	 id = 193467
Huyện Nghi Xuân	 id = 193468
La Sơn	 id = 193469
Phố Hiến	 id = 193470
QL 1A	 id = 193471
Huyện Nam Trực	 id = 193472
Nghệ Tĩnh	 id = 193473
Cầu Nhật Tân	 id = 193474
Phủ Tây Hồ	 id = 193475
Hòn Rơm	 id = 193476
Bến Cát, Bình Dương	 id = 193477
Quốc Tử Giám	 id = 193478
Tuyên hóa	 id = 193156
Trương Định	 id = 193479
Chùa Vạn Phúc	 id = 193480
Phật Tích tự	 id = 193481
Chùa Linh Mụ	 id = 193482
Cát Bà	 id = 193483
Hoa Lau	 id = 193484
Ứng Hòa	 id = 193485
sân bay quốc tế Long Thành	 id = 193486
Thác Yaly	 id = 193487
sân bay Đồng Hới	 id = 193488
sân bay Cà Mau	 id = 193489
sân bay Phú Bài	 id = 193490
sân bay Quốc tế Long Thành	 id = 193486
sân bay Trà Nóc	 id = 193491
Huyện Lệ Thủy	 id = 193492
Bến Nhà Rồng	 id = 193493
sân bay Liên Khương	 id = 193494
Cố đô Huế	 id = 193495
sân bay Vũng Tàu	 id = 193496
sân bay Pleiku	 id = 193497
Chợ Bến Thành	 id = 193498
Huyện Núi Thành	 id = 193499
Nhà thờ Phát Diệm	 id = 193500
Thành phố Đà Lạt	 id = 193501
Làng tranh Đông Hồ	 id = 193502
Đông Hồ	 id = 193503
Lào Kai	 id = 193504
Nguyễn Cơ Thạch	 id = 193505
Thị xã Gia Nghĩa	 id = 193506
Ðà Lạt	 id = 193507
sân bay Cam Ranh	 id = 193508
Lệ Mật	 id = 193509
Huyện Cẩm Xuyên	 id = 193510
sân bay Dương Đông	 id = 193511
sân bay Buôn Ma Thuột	 id = 193512
sân bay Cỏ Ống	 id = 193513
Huyện Khoái Châu	 id = 193514
Huyện Yên Mỹ	 id = 193515
Faifo	 id = 193516
sân bay Đông Tác	 id = 193517
Huyện Văn Lâm	 id = 193518
Huyện Thạch Hà	 id = 193519
Hùng Vương	 id = 193520
Huyện Vụ Bản	 id = 193521
Qui nhơn	 id = 193038
Bình Ðịnh	 id = 193522
Kontum	 id = 193523
Tỉnh Vĩnh Long	 id = 193524
Huyện A Lưới	 id = 193525
Huyện Lý Nhân	 id = 193526
Huyện Hưng Hà	 id = 193527
Thị xã Nghĩa Lộ	 id = 193528
Thị xã Vĩnh Yên	 id = 193529
Huyện Thanh Hà	 id = 193530
Thị xã Phúc Yên	 id = 193531
Vụ Bản, Nam Định	 id = 193532
Huyện Xuân Trường	 id = 193533
Huyện Sơn Dương	 id = 193534
Bãi Đầm	 id = 193535
Thành phố Đồng Hới	 id = 193536
Bà Rịa - Vũng Tàu	 id = 193537
Hải An	 id = 193538
Khương Thượng	 id = 193539
Linh Mụ	 id = 193540
Thành Cổ Loa	 id = 193541
Trần Duy Hưng	 id = 193542
Mường Lò	 id = 193543
Sông Mê Công	 id = 193544
Hòa Vang	 id = 193545
Huyện Hòa Vang	 id = 193546
Ái châu	 id = 193547
Huyện Duy Tiên	 id = 193548
Chợ Đồng Xuân	 id = 193549
Biên Hoà	 id = 193550
Thảo Cầm Viên Sài Gòn	 id = 193551
Động Phong Nha	 id = 193552
Trương Công Định	 id = 193553
Giang Văn Minh	 id = 193554
Bàu Tró	 id = 193555
Sông Mêkong	 id = 193556
Tháp Rùa	 id = 193557
Khu đô thị mới Thủ Thiêm	 id = 193558
Lũng Cú	 id = 193559
Tháp rùa	 id = 193557
Đinh Lễ	 id = 193560
Đinh Liệt	 id = 193561
Hà Bắc	 id = 191849
Tỉnh Quảng Bình	 id = 193562
Xứ Thanh	 id = 193563
Huyện Đại Từ	 id = 193564
Tiền Ngô Vương	 id = 193565
Khởi nghĩa Hai Bà Trưng	 id = 193566
Phan Đăng Lưu	 id = 193567
Đồng Mô	 id = 193568
Tỉnh Quảng Ngãi	 id = 193569
Huyện Chương Mỹ	 id = 193570
Huyện Hương Sơn	 id = 193571
Daklac	 id = 193572
Daknông	 id = 193573
Thị xã Cẩm Phả	 id = 193574
Mỹ Khê	 id = 193575
Quận Tân Bình	 id = 193576
Tân Bình, Thành phố Hồ Chí Minh	 id = 193577
Quận Bình Thạnh	 id = 193578
Chân Phúc	 id = 193579
Thiên Lộc	 id = 193580
Ðức Thọ	 id = 193581
Nam Ðàn	 id = 193582
Ðô Lương	 id = 193583
Quận Đống Đa	 id = 193584
Huyện Diễn Châu	 id = 193585
Quận Thanh Khê	 id = 193586
Quận Hoàn Kiếm	 id = 193587
Quận Thanh Xuân	 id = 193588
Quận Hoàng Mai	 id = 193589
Quận Long Biên	 id = 193590
Huyện Nam Sách	 id = 193591
Đền Quán Thánh	 id = 193592
Huyện Kỳ Anh	 id = 193593
Đồi Dương	 id = 193594
Thành phố Vĩnh Yên	 id = 193595
Huyện Đông Hoà	 id = 193596
Quận Cầu Giấy	 id = 193597
Thành phố Cao Lãnh	 id = 193598
Kỷ Hồng Bàng	 id = 193599
Thác Bản Dốc	 id = 193600
Ba Thín	 id = 193601
Huyện Từ Sơn	 id = 193602
Ô Môn, Cần Thơ	 id = 193603
Ninh Kiều, Cần Thơ	 id = 193604
Thốt Nốt, Cần Thơ	 id = 193605
Phỉ Lộc	 id = 193606
Đa Kao	 id = 193607
Bình Tân, Thành phố Hồ Chí Minh	 id = 193608
Hòn Khoai	 id = 193609
Mỹ khê	 id = 193575
Huyện Cẩm Giàng	 id = 193610
EaH'Leo	 id = 193611
Mẫu Sơn	 id = 193612
Châu Ái	 id = 193613
Tỉnh Bắc Ninh	 id = 193614
Đền Kiếp Bạc	 id = 193615
Trưng Nữ Vương	 id = 193616
Quảng An	 id = 193617
Phường Quảng An	 id = 193618
Khởi nghĩa Bà Triệu	 id = 193619
Quảng An, Tây Hồ, Hà Nội	 id = 193620
Diamond Plaza	 id = 193621
Thành phố Điện Biên Phủ	 id = 193622
Nhà hát Bến Thành	 id = 193623
Nhà tù Côn Đảo	 id = 193624
Trúc Lâm Thiền Viện	 id = 193625
Khu công nghệ cao Thành phố Hồ Chí Minh	 id = 193626
Huyện Yên Bình	 id = 193627
Việt Bắc	 id = 193628
Mộc Bài	 id = 193629
Huyện Đỗ Gia	 id = 193630
Huyện Bình Chánh	 id = 193631
Quận Thủ Đức	 id = 193632
Mũi Kê Gà	 id = 193633
Quận Bình Tân	 id = 193634
Hoài nhơn	 id = 192846
Thành phố Long Xuyên	 id = 193635
Hoàng Liên Sơn	 id = 193636
Tam Kì	 id = 193637
Huyện Hóc Môn	 id = 193638
Quận Gò Vấp	 id = 193639
Thành Tây Đô	 id = 193640
Thành nhà Hồ	 id = 193641
Đền Bà Chúa Kho	 id = 193642
Chùa Dơi	 id = 193643
Chùa Mã Tộc	 id = 193644
Huyện Bắc Trà My	 id = 193645
Huyện Thạnh Trị	 id = 193646
Văn Miếu Quốc Tử Giám	 id = 193647
Bãi Dứa	 id = 193648
Tô Lịch	 id = 193649
Hầm Thủ Thiêm	 id = 193650
Múng Cỏi	 id = 193651
Thị xã Móng Cái	 id = 193652
Cửa Tùng	 id = 193653
Huyện Thạch Thất	 id = 193654
Kinh đô Huế	 id = 193655
Chiến khu Việt Bắc	 id = 193656
Mỹ Lai	 id = 193657
Quận Ba Đình	 id = 193658
Huyện Thanh Chương	 id = 193659
Tỉnh Kon Tum	 id = 193660
Plei Ku	 id = 193661
Thị xã An Khê	 id = 193662
Nà Hang	 id = 193663
Lịch sử Hội An	 id = 193664
Tuần Châu	 id = 193665
Lâm Ðồng	 id = 193666
Phù Mỹ, Bình Định	 id = 193667
Huyện Hoài Đức	 id = 193668
Đảo Phú Quốc	 id = 193669
Từ Dũ	 id = 193670
Từ Dũ Hoàng Thái Hậu	 id = 193671
Tô Hiến Thành	 id = 193672
Từ Dũ Hoàng thái hậu	 id = 193671
Quảng xương	 id = 193034
Cẩm Giàng, Hải Dương	 id = 193673
Huyện Ninh Phước	 id = 193674
Tỉnh Ninh Thuận	 id = 193675
Thị xã Tân An	 id = 193676
Ngọc Lâm	 id = 193677
Sông Ba Thín	 id = 193678
Huyện Nà Hang	 id = 193679
Huyện Kim Bảng	 id = 193680
Thị xã Phủ Lý	 id = 193681
Tỉnh Nghệ An	 id = 193682
Huyện Tiên Lữ	 id = 193683
Huyện Phổ Yên	 id = 193684
Định Hóa	 id = 193685
Bích Động	 id = 193686
Phát Diệm	 id = 193687
Tam Cốc - Bích Động	 id = 193688
Lí Sơn	 id = 193689
Hòn Tằm	 id = 193690
Tỉnh Bình Dương	 id = 193691
Thành phố Qui Nhơn	 id = 193692
An Sơn	 id = 193693
Bà Nà	 id = 193694
Thị xã Sa Đéc	 id = 193695
Thành Quảng Trị	 id = 193696
Thành Tây Giai	 id = 193697
Đảo Côn Lôn	 id = 193698
Poulo Condor	 id = 193699
Huyện Tuyên Hóa	 id = 193700
Minh hóa	 id = 192931
Đắk Tô	 id = 193701
Vinpearl Land	 id = 193702
Hòn Ngọc Việt	 id = 193703
Thị xã Gò Công	 id = 193704
Thành phố Mỹ Tho	 id = 193705
Chùa Bộc	 id = 193706
Thành phố Tuy Hòa	 id = 193707
Hòn Tre	 id = 193708
Đak Tô	 id = 193709
Kon Plong	 id = 193710
Nguyễn Ngọc Nại	 id = 193711
Chùa Bà Đá	 id = 193712
Bài Thơ	 id = 193713
Khu du lịch sinh thái Gáo Giồng	 id = 193714
Tòa Thánh Tây Ninh	 id = 193715
Toà Thánh Tây Ninh	 id = 193716
Lao Bảo	 id = 193717
đèo Hải Vân	 id = 193338
Đức Hòa	 id = 193718
thảo cầm viên sài gòn	 id = 193551
thảo cầm viên	 id = 193719
Yên Tử	 id = 193720
Tân Hồng	 id = 193721
New Century	 id = 193722
Nội Bài	 id = 193723
Văn Miếu	 id = 193724
thành phố hoa phượng đỏ	 id = 193725
Thủ Lệ	 id = 193726
Trị An	 id = 193727
Dịch Vọng	 id = 193728
nhà thờ đức bà	 id = 193729
sông Hồng	 id = 184746
Cầu Diễn	 id = 193730
nam trung bộ	 id = 193731
Nam Tây Nguyên	 id = 193732
sông mekong	 id = 193733
sông mê kông	 id = 193734
sông mêkông	 id = 193735
sông mekông	 id = 193736
Thuận Hóa	 id = 193737
Linh Đàm	 id = 193738
Bắc Linh Đàm	 id = 193739
Hà Khẩu	 id = 193740
Lang Biang	 id = 193741
Phù Lãng	 id = 193742
cầu Cần Thơ	 id = 193743
Tam Đảo	 id = 193744
sông Sài Gòn	 id = 193745
sông Cầu	 id = 193746
sông Đấy	 id = 193747
sông Nhuệ	 id = 193748
sông Cửu Long	 id = 193749
sông Hàn	 id = 193750
sông Serepôk	 id = 193751
sông Hậu	 id = 193752
sông Kỳ Cùng	 id = 193753
sông Bạch Đằng	 id = 193754
sông Bến Hải	 id = 193755
sông Tô Lịch	 id = 193756
sông Bưởi	 id = 193757
sông Bắc Giang	 id = 193758
sông Bắc Khê	 id = 193759
sông Chảy	 id = 193760
sông Cà Ty	 id = 193761
sông Cái	 id = 193762
sông Cái Tàu	 id = 193763
sông Côn	 id = 193764
sông Dinh	 id = 193765
sông Gianh	 id = 193766
sông Gâm	 id = 193767
sông Hương	 id = 193768
sông Kinh Thầy	 id = 193769
sông Kiến Giang	 id = 193770
Kỳ Cùng	 id = 193771
sông La	 id = 193772
sông Lam	 id = 193773
sông Long Đại	 id = 193774
sông Luộc	 id = 193775
sông Lô	 id = 193776
sông Mã	 id = 193053
sông Nam Định	 id = 193777
sông Ngàn Phố	 id = 193778
sông Nho Quế	 id = 193779
sông Nhật Lệ	 id = 193780
sông Bồ	 id = 193781
sông Công	 id = 191325
sông Hoàng Long	 id = 193782
sông Rào Cái	 id = 193783
sông Sepon	 id = 193784
sông Vân	 id = 193785
sông Thương	 id = 193786
sông Thạch Hãn	 id = 193787
sông Tiền	 id = 193788
sông Trà Khúc	 id = 193789
sông Trà Lý	 id = 193790
sông Trẹm	 id = 193791
sông Vàm Cỏ Tây	 id = 193792
sông Vàm Cỏ Đông	 id = 193793
sông Vị Hoàng	 id = 193794
sông Ông Đốc	 id = 193795
sông Đuống	 id = 193796
sông Đà	 id = 193797
sông Đà Rằng	 id = 193798
sông Đáy	 id = 193799
cầu Bãi Cháy	 id = 193800
cầu Bình	 id = 193801
cầu Bình Triệu	 id = 193802
cầu Bính	 id = 193803
cầu Bình Ca	 id = 193804
cầu Cẩm Giàng	 id = 193805
cầu Nhơn Hội	 id = 193806
cầu Thủ Thiêm	 id = 193807
cầu chữ Y	 id = 193808
cầu Đồng Nai	 id = 193809
cầu Hiền Lương	 id = 193810
cầu Hàm Rồng	 id = 193811
cầu Phú Mỹ	 id = 193812
cầu Phả Lại	 id = 193813
cầu Sài Gòn	 id = 193814
cầu Trường Tiền	 id = 193815
cầu Tân Đệ	 id = 193816
cầu Việt Trì	 id = 193817
cầu Đoan Hùng	 id = 193818
cầu Thanh Trì	 id = 193819
cầu Long Biên	 id = 193820
cầu Chương Dương	 id = 193821
cầu Mỹ Thuận	 id = 193822
cầu Thê Húc	 id = 193823
cầu Vĩnh Tuy	 id = 193824
cầu Thăng Long	 id = 193825
cảng Cái Lân	 id = 193826
cảng Ba Ngòi	 id = 193827
cảng Quy Nhơn	 id = 193828
cảng Sài Gòn	 id = 193829
cảng Tiên Sa	 id = 193830
cảng Hải Phòng	 id = 193831
vịnh Cam Ranh	 id = 193832
hồ Ayun Hạ	 id = 193833
hồ Ba Bể	 id = 193834
hồ Dầu Tiếng	 id = 193835
hồ Hòa Bình	 id = 193836
hồ Núi Cốc	 id = 193837
hồ Đăk Min	 id = 193838
hồ Đồng Chương	 id = 193839
hồ Kẻ Gỗ	 id = 193840
hồ T'Nưng	 id = 193841
hồ Than Thở	 id = 193842
hồ Thác Bà	 id = 193843
hồ Trúc Bạch	 id = 193844
hồ Trị An	 id = 193845
hồ Tây	 id = 193846
hồ Xuân Hương	 id = 193847
hồ Đa Nhim	 id = 193848
hồ Đại Lải	 id = 193849
hồ Đại Ninh	 id = 193850
hồ Đồng Thái	 id = 193851
Đắk Lăk	 id = 193852
hồ Lăk	 id = 193853
hồ Hoàn Kiếm	 id = 193854
hồ Bảy Mẫu	 id = 193855
hồ Thủ Lệ	 id = 193856
hồ Thiền Quang	 id = 193857
vịnh Bắc Bộ	 id = 193858
vịnh Vân Phong	 id = 193859
vịnh Thái Lan	 id = 193860
vịnh Việt Thanh	 id = 193861
vườn quốc gia Ba Bể	 id = 193862
vườn quốc gia Ba Vì	 id = 193863
vườn quốc gia Bidoup Núi Bà	 id = 193864
vườn quốc gia Bạch Mã	 id = 193865
vườn quốc gia Bến En	 id = 193866
vườn quốc gia Chư Mom Ray	 id = 193867
vườn quốc gia Chư Yang Sin	 id = 193868
vườn quốc gia Cát Tiên	 id = 193869
vườn quốc gia Côn Đảo	 id = 193870
vườn quốc gia Cúc Phương	 id = 193871
vườn quốc gia Mũi Cà Mau	 id = 193872
vườn quốc gia Nam Cát Tiên	 id = 193873
vườn quốc gia Núi Chúa	 id = 193874
vườn quốc gia Phong Nha-Kẻ Bàng	 id = 193875
vườn quốc gia Phú Quốc	 id = 193876
vườn quốc gia Phước Bình	 id = 193877
vườn quốc gia Pù Mát	 id = 193878
quần đảo Cát Bà	 id = 193879
vườn quốc gia Tam Đảo	 id = 193880
vườn quốc gia Tràm Chim	 id = 193881
vườn quốc gia U Minh Thượng	 id = 193882
vườn quốc gia Vũ Quang	 id = 193883
vườn quốc gia Bái Tử Long	 id = 193884
vườn quốc gia Bù Gia Mập	 id = 193885
vườn quốc gia U Minh Hạ	 id = 193886
vườn quốc gia Xuân Sơn	 id = 193887
vườn quốc gia Yok Đôn	 id = 193888
thác Ba Tầng	 id = 193889
thác Bản Giốc	 id = 193890
thác Bảy Nhánh	 id = 193891
thác Cam Ly	 id = 193892
thác Diệu Thanh	 id = 193893
thác Gia Long	 id = 193894
thác Hang Cọp	 id = 193895
thác Ialy	 id = 193896
thác Prenn	 id = 193897
thác Pongour	 id = 193898
thác Trinh Nữ	 id = 193899
thác Đambri	 id = 193900
thác Đray Sáp	 id = 193901
Phan Si Phăng	 id = 193902
phanxipăng	 id = 193903
Cà Ná	 id = 193904
Mũi Né	 id = 193905
Thuận Quý	 id = 193906
Bãi Bụt	 id = 193907
Bãi Rạng	 id = 193908
Chân Mây	 id = 193909
Mỹ Thủy	 id = 193910
Nhật Lệ	 id = 193911
Xuân Thành	 id = 193912
Đèo Con	 id = 193913
vịnh bắc bộ	 id = 193858
Sông Đà	 id = 193797
sông Hinh	 id = 193052
Sông Sài Gòn	 id = 193745
Sông Cầu	 id = 193746
Sông Đấy	 id = 193747
Sông Nhuệ	 id = 193748
Sông Cửu Long	 id = 193749
Sông Hàn	 id = 193750
Sông Hậu	 id = 193752
Sông Kỳ Cùng	 id = 193753
Sông Bạch Đằng	 id = 193754
Sông Bến Hải	 id = 193755
Sông Tô Lịch	 id = 193756
Sông Bưởi	 id = 193757
Sông Bắc Giang	 id = 193758
Sông Bắc Khê	 id = 193759
Sông Chảy	 id = 193760
Sông Cà Ty	 id = 193761
Sông Cái	 id = 193762
Sông Cái Tàu	 id = 193763
Sông Côn	 id = 193764
Sông Dinh	 id = 193765
Sông Gianh	 id = 193766
Sông Gâm	 id = 193767
Sông Hương	 id = 193768
Sông Kinh Thầy	 id = 193769
Sông Kiến Giang	 id = 193770
Kỳ Cùng	 id = 193771
Sông La	 id = 193772
Sông Lam	 id = 193773
Sông Long Đại	 id = 193774
Sông Luộc	 id = 193775
Sông Lô	 id = 193776
Sông Mã	 id = 193053
Sông Nam Định	 id = 193777
Sông Ngàn Phố	 id = 193778
Sông Nho Quế	 id = 193779
Sông Nhật Lệ	 id = 193780
Sông Bồ	 id = 193781
Sông Công	 id = 191325
Sông Hoàng Long	 id = 193782
Sông Rào Cái	 id = 193783
Sông Sepon	 id = 193784
Sông Vân	 id = 193785
Sông Thương	 id = 193786
Sông Thạch Hãn	 id = 193787
Sông Tiền	 id = 193788
Sông Trà Khúc	 id = 193789
Sông Trà Lý	 id = 193790
Sông Trẹm	 id = 193791
Sông Vàm Cỏ Tây	 id = 193792
Sông Vàm Cỏ Đông	 id = 193793
Sông Vị Hoàng	 id = 193794
Sông Ông Đốc	 id = 193795
Sông Đuống	 id = 193796
Sông Đà	 id = 193797
Sông Đà Rằng	 id = 193798
Sông Đáy	 id = 193799
Cầu Bãi Cháy	 id = 193800
Cầu Bình	 id = 193801
Cầu Bình Triệu	 id = 193802
Cầu Bính	 id = 193803
Cầu Bình Ca	 id = 193804
Cầu Cẩm Giàng	 id = 193805
Cầu Nhơn Hội	 id = 193806
Cầu Thủ Thiêm	 id = 193807
Cầu chữ Y	 id = 193808
Cầu Đồng Nai	 id = 193809
Cầu Hiền Lương	 id = 193810
Cầu Hàm Rồng	 id = 193811
Cầu Phú Mỹ	 id = 193812
Cầu Phả Lại	 id = 193813
Cầu Sài Gòn	 id = 193814
Cầu Trường Tiền	 id = 193815
Cầu Tân Đệ	 id = 193816
Cầu Việt Trì	 id = 193817
Cầu Đoan Hùng	 id = 193818
Cầu Thanh Trì	 id = 193819
Cầu Long Biên	 id = 193820
Cầu Chương Dương	 id = 193821
Cầu Mỹ Thuận	 id = 193822
Cầu Thê Húc	 id = 193823
Cầu Vĩnh Tuy	 id = 193824
Cầu Thăng Long	 id = 193825
Cảng Cái Lân	 id = 193826
Cảng Ba Ngòi	 id = 193827
Cảng Quy Nhơn	 id = 193828
Cảng Tiên Sa	 id = 193830
Cảng Hải Phòng	 id = 193831
Vịnh Cam Ranh	 id = 193832
Hồ Ayun Hạ	 id = 193833
Hồ Ba Bể	 id = 193834
Hồ Dầu Tiếng	 id = 193835
Hồ Hòa Bình	 id = 193836
Hồ Núi Cốc	 id = 193837
Hồ Đăk Min	 id = 193838
Hồ Đồng Chương	 id = 193839
Hồ Kẻ Gỗ	 id = 193840
Hồ T'Nưng	 id = 193841
Hồ Than Thở	 id = 193842
Hồ Thác Bà	 id = 193843
Hồ Trúc Bạch	 id = 193844
Hồ Trị An	 id = 193845
Hồ Tây	 id = 193846
Hồ Đa Nhim	 id = 193848
Hồ Đại Lải	 id = 193849
Hồ Đại Ninh	 id = 193850
Hồ Đồng Thái	 id = 193851
Hồ Hoàn Kiếm	 id = 193854
Hồ Bảy Mẫu	 id = 193855
Hồ Thủ Lệ	 id = 193856
Hồ Thiền Quang	 id = 193857
Vịnh Bắc Bộ	 id = 193858
Vịnh Vân Phong	 id = 193859
Vịnh Thái Lan	 id = 193860
Vịnh Việt Thanh	 id = 193861
Vườn quốc gia Ba Bể	 id = 193862
Vườn quốc gia Ba Vì	 id = 193863
Vườn quốc gia Bidoup Núi Bà	 id = 193864
Vườn quốc gia Bạch Mã	 id = 193865
Vườn quốc gia Bến En	 id = 193866
Vườn quốc gia Chư Mom Ray	 id = 193867
Vườn quốc gia Chư Yang Sin	 id = 193868
Vườn quốc gia Cát Tiên	 id = 193869
Vườn quốc gia Côn Đảo	 id = 193870
Vườn quốc gia Cúc Phương	 id = 193871
Vườn quốc gia Mũi Cà Mau	 id = 193872
Vườn quốc gia Nam Cát Tiên	 id = 193873
Vườn quốc gia Núi Chúa	 id = 193874
Vườn quốc gia Phú Quốc	 id = 193876
Vườn quốc gia Phước Bình	 id = 193877
Vườn quốc gia Pù Mát	 id = 193878
Quần đảo Cát Bà	 id = 193879
Vườn quốc gia Tam Đảo	 id = 193880
Vườn quốc gia Tràm Chim	 id = 193881
Vườn quốc gia U Minh Thượng	 id = 193882
Vườn quốc gia Vũ Quang	 id = 193883
Vườn quốc gia Bái Tử Long	 id = 193884
Vườn quốc gia Bù Gia Mập	 id = 193885
Vườn quốc gia U Minh Hạ	 id = 193886
Vườn quốc gia Xuân Sơn	 id = 193887
Thác Ba Tầng	 id = 193889
Thác Bản Giốc	 id = 193890
Thác Bảy Nhánh	 id = 193891
Thác Cam Ly	 id = 193892
Thác Diệu Thanh	 id = 193893
Thác Gia Long	 id = 193894
Thác Hang Cọp	 id = 193895
Thác Ialy	 id = 193896
Thác Prenn	 id = 193897
Thác Pongour	 id = 193898
Thác Trinh Nữ	 id = 193899
Thác Đambri	 id = 193900
Thác Đray Sáp	 id = 193901
Vàm Cỏ Đông	 id = 193914
cầu Nhật Tân	 id = 193474
vinpearl land	 id = 193702
cù lao chàm	 id = 193915
khu kinh tế dung quất	 id = 193916
khu kinh tế nhơn hội	 id = 193917
khu kinh tế mở chu lai	 id = 193918
khu đô thị mới thủ thiêm	 id = 193558
Thiên Cầm	 id = 193919
Đá Nhảy	 id = 193920
sân bay quốc tế Phú Quốc	 id = 193921
chùa tây phương	 id = 193922
Kim Đồng	 id = 193923
thủy điện Nậm Chiến	 id = 193924
Nậm Chiến	 id = 193925
Thiền Quang	 id = 193926
ngã tư sở	 id = 193927
ô chợ dừa	 id = 193301
Yên Phụ	 id = 193928
Nam Thành Công	 id = 193929
Ciputra	 id = 193930
Trung Hòa Nhân Chính	 id = 193931
Đạo Nghĩa	 id = 193932
Mù Cang Chải	 id = 191887
Lắk	 id = 193933
Lăk	 id = 193934
Lak	 id = 193935
hồ lak	 id = 193936
hồ Lắk	 id = 193937
hồ lăk	 id = 193853
Hoàng Cầu	 id = 193938
Hàng Bột	 id = 193939
Hòa Lạc	 id = 193940
Kim Liên	 id = 193941
Kim Mã	 id = 193942
Lò Đúc	 id = 193943
Vạn Phúc	 id = 178843
Thành Công	 id = 193944
Hàng Điếu	 id = 193945
ghềnh đá đĩa	 id = 193946
Tăng Bạt Hổ	 id = 193947
Bách Khoa	 id = 193948
thành phố hcm	 id = 193949
sông đồng nai	 id = 193950
sông Thu Bồn	 id = 193951
Cửa Đại	 id = 193952
cửa Đại	 id = 193952
cửa Tùng	 id = 193653
BR-VT	 id = 193953
BR VT	 id = 193954
Hàng Bồ	 id = 193955
Thuốc Bắc	 id = 193956
Nhà Xanh	 id = 193957
Tây Trang	 id = 193958
Ngọc Khánh	 id = 193959
làng khoai	 id = 193960
Chôm Lôm	 id = 193961
vườn quốc gia phong nha kẻ bàng	 id = 193962
Phong Nha	 id = 193963
Phong Nha Kẻ Bàng	 id = 193964
làng rắn lệ mật	 id = 193965
thôn vườn trầu	 id = 193966
Đồng Tiến	 id = 193967
M Đrăk	 id = 193968
rạp ngọc khánh	 id = 193969
rạp dân chủ	 id = 193970
trung tâm chiếu phim quốc gia	 id = 193971
rạp tháng tám	 id = 192078
rạp đặng dung	 id = 193972
fansland	 id = 193973
trung tâm cp quốc gia	 id = 193974
TTCPQG	 id = 193975
Nam Khê	 id = 193976
Trà Cổ	 id = 193977
tháp bà ponagar	 id = 193978
sông Chu	 id = 193979
sông Cửu An	 id = 193980
sông Ninh Cơ	 id = 193981
sông Kiên Giang	 id = 193982
sông Krông Ana	 id = 193983
sông Krông H’Năng	 id = 193984
sông Krông Nô	 id = 193985
sông Càn	 id = 193986
sông Mang Thít	 id = 193987
sông Ông  Đốc	 id = 193988
Sông Mang Thít	 id = 193987
Sông Càn	 id = 193986
Sông Krông Nô	 id = 193985
Sông Krông H’Năng	 id = 193984
Sông Krông Ana	 id = 193983
Sông Kiên Giang	 id = 193982
Sông Ninh Cơ	 id = 193981
Sông Cửu An	 id = 193980
Sông Chu	 id = 193979
Nhật Tân	 id = 193989
Nghĩa Đô	 id = 193990
sông Thao	 id = 193410
hồ Ngọc Khánh	 id = 193991
hồ Ba Mẫu	 id = 193992
hồ Nam Đồng	 id = 193993
hồ Thanh Nhàn	 id = 193994
Hồ Thanh Nhàn	 id = 193994
Hồ Nam Đồng	 id = 193993
Hồ Ba Mẫu	 id = 193992
Hồ Ngọc Khánh	 id = 193991
Phù Vân	 id = 193995
Hàng Bún	 id = 193996
Hàng Bài	 id = 192621
Hàng Bè	 id = 193997
Hàng Bông	 id = 192616
Hàng Bút	 id = 193998
Hàng Cá	 id = 193999
Hàng Cân	 id = 194000
Hàng Chai	 id = 194001
Hàng Cháo	 id = 194002
Hàng Chỉ	 id = 194003
Hàng Chiếu	 id = 192633
Hàng Chĩnh	 id = 194004
Hàng Chuối	 id = 194005
Hàng Cỏ	 id = 194006
Hàng Cót	 id = 192632
Hàng Dầu	 id = 194007
Hàng Đậu	 id = 194008
Hàng Đồng	 id = 194009
Hàng Đường	 id = 194010
Hàng Gà	 id = 194011
Hàng Gai	 id = 192641
Hàng Giày	 id = 194012
Hàng Giấy	 id = 194013
Hàng Hành	 id = 194014
Hàng Hòm	 id = 194015
Hàng Hương	 id = 194016
Hàng Khay	 id = 192642
Hàng Khoai	 id = 194017
Hàng Lược	 id = 194018
Hàng Mã	 id = 194019
Hàng Mành	 id = 194020
Hàng Mắm	 id = 194021
Hàng Muối	 id = 194022
Hàng Nón	 id = 194023
Hàng Phèn	 id = 194024
Hàng Quạt	 id = 194025
Hàng Rươi	 id = 194026
Hàng Than	 id = 194027
Hàng Thiếc	 id = 194028
Hàng Thùng	 id = 194029
Hàng Thịt	 id = 194030
Hàng Tre	 id = 194031
Hàng Trống	 id = 194032
Hàng Vải	 id = 194033
Hàng Vôi	 id = 194034
Gáo Giồng	 id = 194035
Xẻo Quýt	 id = 194036
Bản Đôn	 id = 194037
tháp Rùa	 id = 193557
đền Ngọc Sơn	 id = 193361
Nậm Pung	 id = 194038
lăng chủ tịch hồ chí minh	 id = 194039
lăng Bác	 id = 194040
Lăng Bác	 id = 194040
quảng trường ba đình	 id = 194041
langbian	 id = 194042
ngã ba đồng lộc	 id = 193419
Nấm Dẩn	 id = 194043
Nậm Công	 id = 194044
Nậm Khánh	 id = 194045
Nậm Giải	 id = 194046
Nậm Phàng	 id = 194047
chùa một cột	 id = 193334
Thác Mai	 id = 194048
Thác Đa	 id = 194049
thác Bản Dốc	 id = 193600
thác Yaly	 id = 193487
cung văn hóa lao động tphcm	 id = 194050
cung văn hóa lao động tp hcm	 id = 194051
Vườn quốc gia Chàm Chim	 id = 194052
vườn quốc gia Chàm Chim	 id = 194052
nhà thi đấu trịnh hoài đức	 id = 194053
Ngõ Trạm	 id = 194054
Pháo Đài Láng	 id = 194055
Pháo đài Láng	 id = 194055
pháo đài Láng	 id = 194055
Vườn Quốc gia Cát Tiên	 id = 193869
vườn quốc gia cát bà	 id = 194056
Chư Yang Sin	 id = 194057
thủy điện bản vẽ	 id = 194058
Bản Vẽ	 id = 194059
làng sinh viên hacinco	 id = 194060
Đồng Khởi	 id = 194061
sóc bom bo	 id = 194062
sóc bombo	 id = 194063
thác pông gua	 id = 193429
Cửa Việt	 id = 194064
Thủ Dầu 1	 id = 194065
Khe Nét	 id = 194066
thành cổ hà nội	 id = 194067
Đàn Xã Tắc	 id = 194068
đàn xã tắc	 id = 194068
đàn Nam Giao	 id = 193420
đàn tế nam giao	 id = 194069
Quảng Bá	 id = 194070
Đồng Tâm	 id = 194071
làng tranh đông hồ	 id = 193502
làng đông hồ	 id = 194072
thành Cổ Loa	 id = 193541
đền bạch mã	 id = 194073
lăng Tự Đức	 id = 193411
Hòn Mun	 id = 194074
Hòn Yến	 id = 194075
Suối Nhum	 id = 194076
cầu rạch nhum	 id = 194077
Rạch Nhum	 id = 194078
Cái Nhum	 id = 194079
Rạch Chiếc	 id = 194080
cầu rạch chiếc	 id = 194081
núi Hàm Rồng	 id = 193434
Cấm Chỉ	 id = 194082
Đồng Kỵ	 id = 194083
Xuân Đỉnh	 id = 194084
vinpearland	 id = 194085
công viên thống nhất	 id = 194086
công viên lê nin	 id = 194087
phủ Tây Hồ	 id = 193475
ga hà nội	 id = 194088
ga hàng cỏ	 id = 194089
chùa Hương	 id = 193357
động hương tích	 id = 194090
Tháp Dương Long	 id = 194091
tháp Dương Long	 id = 194091
chùa Phật Tích	 id = 193356
chùa Vạn Phúc	 id = 193480
Hòa Hảo	 id = 194092
Thị Vải	 id = 194093
sông Thị Vải	 id = 194094
Sông Thị Vải	 id = 194094
sông cái mép thị vải	 id = 194095
chùa Dơi	 id = 193643
chùa Mã Tộc	 id = 193644
Hang Dơi	 id = 194096
A Dơi	 id = 194097
fansipan	 id = 194098
vườn quốc gia u minh hạ	 id = 193886
đền bà chúa kho	 id = 193642
Vĩnh Trung Plaza	 id = 194099
quốc lộ 1a	 id = 194100
quốc lộ 1 a	 id = 194101
Lạch Tray	 id = 194102
Tràng Thi	 id = 194103
khu công nghiệp đại an	 id = 194104
khu công nghiệp minh đức	 id = 194105
khu công nghiệp quế võ	 id = 194106
khu công nghiệp đông bắc sông cầu	 id = 194107
khu công nghiệp thụy vân	 id = 194108
khu công nghiệp trung hòa	 id = 194109
khu công nghiệp tam nông	 id = 194110
khu công nghiệp hòa hiệp	 id = 194111
khu công nghiệp an phú	 id = 194112
khu công nghiệp đà nẵng	 id = 194113
khu công nghiệp tây ninh	 id = 194114
khu công nghiệp thăng long	 id = 194115
khu công nghiệp trảng bàng	 id = 194116
khu kinh tế cửa khẩu mộc bài	 id = 194117
khu công nghiệp sông mây	 id = 194118
khu công nghiệp đồng nai	 id = 194119
khu công nghiệp tứ hạ	 id = 194120
khu công nghiệp phong điền	 id = 194121
khu công nghiệp tiên sơn	 id = 194122
khu công nghiệp đại đồng hoàn sơn	 id = 194123
khu công nghiệp yên phong	 id = 194124
khu công nghiệp quế võ ii	 id = 194125
khu công nghiệp yên phong ii	 id = 194126
khu công nghiệp nam sơn hạp lĩnh	 id = 194127
khu công nghiệp thuận thành i	 id = 194128
khu công nghiệp thuận thành ii	 id = 194129
khu công nghiệp đại kim	 id = 194130
khu công nghiệp thuận thành iii	 id = 194131
khu công nghiệp lâm bình	 id = 194132
khu công nghiệp gia bình	 id = 194133
khu công nghiệp tiên du	 id = 194134
cụm công nghiệp đại xuyên	 id = 194135
khu công nghiệp đình trám	 id = 194136
khu công nghiệp song khê	 id = 194137
khu công nghiệp quang châu	 id = 194138
khu công nghiệp vân trung	 id = 194139
khu công nghiệp việt hàn	 id = 194140
khu công nghiệp phú bài	 id = 194141
kcn đại an	 id = 194142
kcn minh đức	 id = 194143
kcn quế võ	 id = 194144
kcn đông bắc sông cầu	 id = 194145
kcn thụy vân	 id = 194146
kcn trung hòa	 id = 194147
kcn tam nông	 id = 194148
kcn hòa hiệp	 id = 194149
kcn an phú	 id = 194150
kcn đà nẵng	 id = 194151
kcn tây ninh	 id = 194152
kcn thăng long	 id = 194153
kcn trảng bàng	 id = 194154
kcn sông mây	 id = 194155
kcn đồng nai	 id = 194156
kcn tứ hạ	 id = 194157
kcn phong điền	 id = 194158
kcn tiên sơn	 id = 194159
kcn đại đồng hoàn sơn	 id = 194160
kcn yên phong	 id = 194161
kcn phú bài	 id = 194162
kcn việt hàn	 id = 194163
kcn vân trung	 id = 194164
kcn quang châu	 id = 194165
kcn song khê	 id = 194166
kcn đình trám	 id = 194167
kcn đại xuyên	 id = 194168
kcn tiên du	 id = 194169
kcn gia bình	 id = 194170
kcn lâm bình	 id = 194171
kcn thuận thành iii	 id = 194172
kcn đại kim	 id = 194173
kcn thuận thành ii	 id = 194174
kcn thuận thành i	 id = 194175
kcn nam sơn hạp lĩnh	 id = 194176
kcn yên phong ii	 id = 194177
kcn quế võ ii	 id = 194178
khu công nghiệp cảng biển hòn la	 id = 194179
khu công nghiệp tây bắc đồng hới	 id = 194180
khu công nghiệp bang	 id = 194181
khu công nghiệp ánh sơn	 id = 194182
khu công nghiệp tiến hóa	 id = 194183
khu công nghiệp phan thiết	 id = 194184
khu công nghiệp tuy phong	 id = 194185
khu công nghiệp tân thiện	 id = 194186
khu công nghiệp hàm kiệm	 id = 194187
khu công nghiệp liên chiểu	 id = 194188
khu công nghiệp hòa khánh	 id = 194189
khu công nghiệp hòa cầm	 id = 194190
khu công nghiệp dịch vụ thủy sản đà nẵng	 id = 194191
khu công nghiệp trà nóc i	 id = 194192
khu công nghiệp trà nóc ii	 id = 194193
khu công nghiệp hưng phú i	 id = 194194
khu công nghiệp hưng phú ii	 id = 194195
khu công nghiệp thốt nốt	 id = 194196
khu công nghiệp đình vũ	 id = 194197
khu công nghiệp nomura	 id = 194198
khu công nghiệp tam điệp	 id = 194199
khu công nghiệp ninh phúc	 id = 194200
cụm công nghiệp nam thị	 id = 194201
cụm công nghiệp ninh tiến	 id = 194202
cụm công nghiệp thiên tôn	 id = 194203
cụm công nghiệp đồng hướng	 id = 194204
cụm công nghiệp bình minh	 id = 194205
cụm công nghiệp mai sơn	 id = 194206
cụm công nghiệp kim chính	 id = 194207
cụm công nghiệp khánh cư	 id = 194208
cụm công nghiệp khánh nhạc	 id = 194209
cụm công nghiệp gián khẩu	 id = 194210
cụm công nghiệp gia sinh	 id = 194211
cụm công nghiệp gia vân	 id = 194212
cụm công nghiệp đồng phong	 id = 194213
khu công nghiệp giao long	 id = 194214
cụm công nghiệp an hiệp	 id = 194215
ccn an hiệp	 id = 194216
kcn giao long	 id = 194217
ccn đồng phong	 id = 194218
ccn gia vân	 id = 194219
ccn gia sinh	 id = 194220
ccn gián khẩu	 id = 194221
ccn khánh nhạc	 id = 194222
ccn khánh cư	 id = 194223
ccn kim chính	 id = 194224
ccn mai sơn	 id = 194225
ccn bình minh	 id = 194226
ccn đồng hướng	 id = 194227
ccn thiên tôn	 id = 194228
ccn ninh tiến	 id = 194229
ccn nam thị	 id = 194230
kcn ninh phúc	 id = 194231
kcn tam điệp	 id = 194232
kcn nomura	 id = 194233
kcn đình vũ	 id = 194234
kcn thốt nốt	 id = 194235
kcn hưng phú ii	 id = 194236
kcn hưng phú i	 id = 194237
kcn trà nóc ii	 id = 194238
kcn trà nóc i	 id = 194239
kcn dịch vụ thủy sản đà nẵng	 id = 194240
kcn hòa cầm	 id = 194241
kcn hòa khánh	 id = 194242
kcn liên chiểu	 id = 194243
kcn hàm kiệm	 id = 194244
kcn tân thiện	 id = 194245
kcn tuy phong	 id = 194246
kcn phan thiết	 id = 194247
kcn tiến hóa	 id = 194248
kcn ánh sơn	 id = 194249
kcn bang	 id = 194250
kcn tây bắc đồng hới	 id = 194251
kcn cảng biển hòn la	 id = 194252
khu công nghiệp bình long	 id = 194253
khu công nghiệp việt nam singapore	 id = 194254
khu công nghệ cao hòa lạc	 id = 194255
khu công nghiệp bình hòa	 id = 194256
kcn bình hòa	 id = 194257
kcnc hòa lạc	 id = 194258
kcn việt nam singapore	 id = 194259
kcn bình long	 id = 194260
khu cnc hòa lạc	 id = 194261
khu công nghệ cao tphcm	 id = 194262
khu công nghệ cao tp hcm	 id = 194263
khu cnc tp hcm	 id = 194264
khu cnc tphcm	 id = 194265
KCNC TPHCM	 id = 194266
KCNC TP HCM	 id = 194267
khu công nghệ cao sài gòn	 id = 194268
khu công nghệ cao sg	 id = 194269
khu cnc sg	 id = 194270
khu cnc sài gòn	 id = 194271
saigon hi tech park	 id = 194272
quốc lộ 1b	 id = 194273
quốc lộ 1c	 id = 194274
quốc lộ 2	 id = 194275
quốc lộ 2b	 id = 194276
quốc lộ 2c	 id = 194277
quốc lộ 3	 id = 194278
quốc lộ 4a	 id = 194279
quốc lộ 4b	 id = 194280
quốc lộ 4c	 id = 194281
quốc lộ 4e	 id = 194282
quốc lộ 5	 id = 194283
quốc lộ 6	 id = 194284
quốc lộ 7	 id = 194285
quốc lộ 8	 id = 194286
quốc lộ 8b	 id = 194287
quốc lộ 9	 id = 194288
quốc lộ 10	 id = 194289
quốc lộ 12	 id = 194290
quốc lộ 12a	 id = 194291
quốc lộ 12b	 id = 194292
quốc lộ 13	 id = 194293
quốc lộ 14	 id = 194294
quốc lộ 14b	 id = 194295
quốc lộ 14c	 id = 194296
quốc lộ 14d	 id = 194297
quốc lộ 14e	 id = 194298
quốc lộ 15	 id = 194299
quốc lộ 18	 id = 194300
quốc lộ 18c	 id = 194301
quốc lộ 19	 id = 194302
quốc lộ 20	 id = 194303
quốc lộ 21	 id = 194304
quốc lộ 21b	 id = 194305
quốc lộ 22	 id = 194306
quốc lộ 22b	 id = 194307
quốc lộ 23	 id = 194308
quốc lộ 24	 id = 194309
quốc lộ 24b	 id = 194310
quốc lộ 28	 id = 194311
quốc lộ 30	 id = 194312
quốc lộ 31	 id = 194313
quốc lộ 32b	 id = 194314
quốc lộ 32c	 id = 194315
quốc lộ 34	 id = 194316
quốc lộ 37	 id = 194317
quốc lộ 38	 id = 194318
quốc lộ 39	 id = 194319
quốc lộ 32	 id = 194320
quốc lộ 40	 id = 194321
quốc lộ 43	 id = 194322
quốc lộ 45	 id = 194323
quốc lộ 46	 id = 194324
quốc lộ 47	 id = 194325
quốc lộ 48	 id = 194326
quốc lộ 70	 id = 194327
quốc lộ a519	 id = 194328
quốc lộ 51	 id = 194329
quốc lộ 188	 id = 194330
quốc lộ 64	 id = 194331
quốc lộ 81	 id = 194332
quốc lộ 50	 id = 194333
quốc lộ 51b	 id = 194334
quốc lộ 63	 id = 194335
quốc lộ 56	 id = 194336
quốc lộ 61	 id = 194337
quốc lộ 91c	 id = 194338
quốc lộ 49	 id = 194339
quốc lộ 52	 id = 194340
ql52	 id = 194341
ql 52	 id = 194342
quốc lộ số 52	 id = 194343
ql49	 id = 194344
ql 49	 id = 194345
quốc lộ số 49	 id = 194346
ql91c	 id = 194347
ql 91c	 id = 194348
ql61	 id = 194349
ql 61	 id = 194350
ql56	 id = 194351
ql 56	 id = 194352
ql63	 id = 194353
ql 63	 id = 194354
ql51b	 id = 194355
ql 51b	 id = 194356
ql50	 id = 194357
ql 50	 id = 194358
ql81	 id = 194359
ql 81	 id = 194360
ql 64	 id = 194361
ql64	 id = 194362
ql188	 id = 194363
ql 188	 id = 194364
ql51	 id = 194365
ql 51	 id = 194366
qla519	 id = 194367
ql a519	 id = 194368
ql 70	 id = 194369
ql70	 id = 194370
ql48	 id = 194371
ql 48	 id = 194372
ql47	 id = 194373
ql 47	 id = 194374
ql46	 id = 194375
ql 46	 id = 194376
ql45	 id = 194377
ql 45	 id = 194378
ql43	 id = 194379
ql 43	 id = 194380
ql40	 id = 194381
ql 40	 id = 194382
ql32	 id = 194383
ql 32	 id = 194384
ql39	 id = 194385
ql 39	 id = 194386
ql38	 id = 194387
ql 38	 id = 194388
ql37	 id = 194389
ql 37	 id = 194390
ql34	 id = 194391
ql 34	 id = 194392
ql 32c	 id = 194393
ql32c	 id = 194394
ql32b	 id = 194395
ql 32b	 id = 194396
ql31	 id = 194397
ql 31	 id = 194398
ql30	 id = 194399
ql 30	 id = 194400
ql28	 id = 194401
ql 28	 id = 194402
ql 24b	 id = 194403
ql24b	 id = 194404
ql 24	 id = 194405
ql24	 id = 194406
ql 23	 id = 194407
ql23	 id = 194408
ql22b	 id = 194409
ql 22b	 id = 194410
ql 22	 id = 194411
ql22	 id = 194412
ql21b	 id = 194413
ql 21b	 id = 194414
ql21	 id = 194415
ql 21	 id = 194416
ql 20	 id = 194417
ql20	 id = 194418
ql19	 id = 194419
ql 19	 id = 194420
ql18c	 id = 194421
ql 18c	 id = 194422
ql18	 id = 194423
ql 18	 id = 194424
ql 15	 id = 194425
ql15	 id = 194426
ql1b	 id = 194427
ql 1b	 id = 194428
ql1c	 id = 194429
ql 1c	 id = 194430
ql2	 id = 194431
ql 2	 id = 194432
ql 2b	 id = 194433
ql2b	 id = 194434
ql2c	 id = 194435
ql 2c	 id = 194436
ql3	 id = 194437
ql 3	 id = 194438
ql4a	 id = 194439
ql 4a	 id = 194440
ql 4b	 id = 194441
ql4b	 id = 194442
ql4c	 id = 194443
ql 4c	 id = 194444
ql4e	 id = 194445
ql 4e	 id = 194446
ql5	 id = 194447
ql 5	 id = 194448
ql6	 id = 194449
ql 6	 id = 194450
ql7	 id = 194451
ql 7	 id = 194452
ql8	 id = 194453
ql 8	 id = 194454
ql8b	 id = 194455
ql 8b	 id = 194456
ql9	 id = 194457
ql 9	 id = 194458
ql10	 id = 194459
ql 10	 id = 194460
ql12	 id = 194461
ql 12	 id = 194462
ql12a	 id = 194463
ql 12a	 id = 194464
ql12b	 id = 194465
ql 12b	 id = 194466
ql13	 id = 194467
ql 13	 id = 194468
ql14	 id = 194469
ql 14	 id = 194470
ql14b	 id = 194471
ql 14b	 id = 194472
ql14c	 id = 194473
ql 14c	 id = 194474
ql14d	 id = 194475
ql 14d	 id = 194476
ql 14e	 id = 194477
ql14e	 id = 194478
quốc lộ 59a	 id = 194479
ql59a	 id = 194480
ql 59a	 id = 194481
khu công nghiệp lộc an	 id = 194482
khu công nghiệp long đức	 id = 194483
khu công nghiệp ông kèo	 id = 194484
khu công nghiệp long khánh	 id = 194485
khu công nghiệp giang điền	 id = 194486
khu công nghiệp dầu giây	 id = 194487
khu chế xuất tân thuận	 id = 194488
khu công nghiệp hoàng mai	 id = 194489
khu công nghiệp sông công	 id = 194490
khu công nghiệp bình định	 id = 194491
khu công nghiệp phú tài	 id = 194492
khu công nghiệp long mỹ	 id = 194493
khu công nghiệp nhơn hòa	 id = 194494
khu công nghiệp hòa hội	 id = 194495
khu công nghiệp phúc khánh	 id = 194496
khu công nghiệp nguyễn đức cảnh	 id = 194497
khu công nghiệp tiền phong	 id = 194498
khu công nghiệp tiền hải	 id = 194499
khu công nghiệp diêm điền	 id = 194500
khu công nghiệp cầu nghìn	 id = 194501
khu công nghiệp bắc vinh	 id = 194502
khu công nghiệp nam cấm	 id = 194503
khu công nghiệp cửa lò	 id = 194504
khu công nghiệp phủ quỳ	 id = 194505
khu kinh tế nghi sơn	 id = 194506
khu công nghiệp lễ môn	 id = 194507
khu công nghiệp đình hương	 id = 194508
khu công nghiệp bỉm sơn	 id = 194509
khu công nghiệp lam sơn	 id = 194510
khu công nghiệp nhơn trạch 1	 id = 194511
khu công nghiệp nhơn trạch 2	 id = 194512
khu công nghiệp nhơn trạch 3	 id = 194513
khu công nghiệp nhơn trạch 4	 id = 194514
khu công nghiệp nhơn trạch 5	 id = 194515
khu công nghiệp nhơn trạch 6	 id = 194516
khu công nghiệp dệt may	 id = 194517
kcn lộc an	 id = 194518
kcn long đức	 id = 194519
kcn ông kèo	 id = 194520
kcn long khánh	 id = 194521
kcn giang điền	 id = 194522
kcn dầu giây	 id = 194523
kcx tân thuận	 id = 194524
kcn hoàng mai	 id = 194525
kcn sông công	 id = 194526
kcn bình định	 id = 194527
kcn phú tài	 id = 194528
kcn long mỹ	 id = 194529
kcn nhơn hòa	 id = 194530
kcn hòa hội	 id = 194531
kcn phúc khánh	 id = 194532
kcn nguyễn đức cảnh	 id = 194533
kcn tiền phong	 id = 194534
kcn tiền hải	 id = 194535
kcn diêm điền	 id = 194536
kcn cầu nghìn	 id = 194537
kcn bắc vinh	 id = 194538
kcn nam cấm	 id = 194539
kcn cửa lò	 id = 194540
kcn phủ quỳ	 id = 194541
kcn lễ môn	 id = 194542
kcn đình hương	 id = 194543
kcn bỉm sơn	 id = 194544
kcn lam sơn	 id = 194545
kcn nhơn trạch 1	 id = 194546
kcn nhơn trạch 2	 id = 194547
kcn nhơn trạch 3	 id = 194548
kcn nhơn trạch 4	 id = 194549
kcn nhơn trạch 5	 id = 194550
kcn nhơn trạch 6	 id = 194551
kcn dệt may	 id = 194552
khu công nghiệp lộc sơn	 id = 194553
khu công nghiệp phú hội	 id = 194554
cụm công nghiệp tân phú	 id = 194555
cụm công nghiệp gia hiệp	 id = 194556
cụm công nghiệp tân châu	 id = 194557
cụm công nghiệp đinh văn	 id = 194558
cụm công nghiệp ka đô	 id = 194559
cụm công nghiệp lộc tiến	 id = 194560
cụm công nghiệp lộc thắng	 id = 194561
cụm công nghiệp lộc an	 id = 194562
cụm công nghiệp hà lâm	 id = 194563
cụm công nghiệp đạ tẻh	 id = 194564
cụm công nghiệp đức phổ	 id = 194565
cụm công nghiệp phát chi	 id = 194566
ccn phát chi	 id = 194567
ccn đức phổ	 id = 194568
ccn đạ tẻh	 id = 194569
ccn hà lâm	 id = 194570
ccn lộc an	 id = 194571
ccn lộc thắng	 id = 194572
ccn lộc tiến	 id = 194573
ccn ka đô	 id = 194574
ccn đình văn	 id = 194575
ccn tân châu	 id = 194576
ccn gia hiệp	 id = 194577
ccn tân phú	 id = 194578
kcn phú hội	 id = 194579
kcn lộc sơn	 id = 194580
khu công nghiệp quang minh	 id = 194581
khu công nghiệp kim hoa	 id = 194582
khu công nghiệp khai quang	 id = 194583
khu công nghiệp trung hà	 id = 194584
khu công nghiệp bắc phú cát	 id = 194585
khu công nghiệp lương sơn	 id = 194586
khu công nghiệp phố nối a	 id = 194587
khu công nghiệp phố nối b	 id = 194588
khu công nghiệp đồng văn	 id = 194589
khu công nghiệp sóng thần i	 id = 194590
khu công nghiệp sóng thần ii	 id = 194591
khu công nghiệp đồng an	 id = 194592
khu công nghiệp đồng an ii	 id = 194593
khu công nghiệp tân đồng hiệp a	 id = 194594
khu công nghiệp tân đồng hiệp b	 id = 194595
khu công nghiệp tân đồng hiệp	 id = 194596
khu công nghiệp dệt may bình an	 id = 194597
khu công nghiệp việt hương ii	 id = 194598
khu công nghiệp việt hương	 id = 194599
khu công nghiệp mỹ phước	 id = 194600
khu công nghiệp mai trung	 id = 194601
khu công nghiệp mỹ phước ii	 id = 194602
khu công nghiệp nam tân uyên	 id = 194603
khu công nghiệp rạch bắp	 id = 194604
khu chế xuất linh trung i	 id = 194605
khu công nghiệp cát lai ii	 id = 194606
khu công nghiệp tân bình	 id = 194607
khu công nghiệp tân thới hiệp	 id = 194608
khu công nghiệp lê minh xuân	 id = 194609
khu công nghiệp tây bắc củ chi	 id = 194610
khu công nghiệp hiệp phước	 id = 194611
khu công nghiệp vĩnh lộc	 id = 194612
khu công nghiệp tân phú trung	 id = 194613
khu công nghiệp sao mai	 id = 194614
khu công nghiệp chơn thành	 id = 194615
khu công nghiệp đức hòa i	 id = 194616
khu công nghiệp thuận đạo bến lực	 id = 194617
khu công nghiệp xuyên á	 id = 194618
khu công nghiệp vĩnh lộc ii	 id = 194619
khu công nghiệp tân đức	 id = 194620
khu công nghiệp long hậu	 id = 194621
khu công nghiệp sa đéc	 id = 194622
khu công nghiệp tân kim	 id = 194623
khu công nghiệp đức hòa iii	 id = 194624
khu công nghiệp trà đá	 id = 194625
khu công nghiệp tâm thắng	 id = 194626
khu chế xuất linh trung ii	 id = 194627
khu công nghiệp bình chiểu	 id = 194628
khu công nghiệp bình dương	 id = 194629
khu chế xuất linh trung iii	 id = 194630
khu công nghiệp hưng phú	 id = 194631
khu công nghiệp khánh an	 id = 194632
khu công nghiệp sông hậu	 id = 194633
khu công nghiệp nhơn trạch ii	 id = 194634
kcn nhơn trạch ii	 id = 194635
khu công nghiệp nhơn trạch iii	 id = 194636
kcn nhơn trạch iii	 id = 194637
khu công nghiệp nhơn trạch iv	 id = 194638
kcn nhơn trạch iv	 id = 194639
khu công nghiệp nhơn trạch v	 id = 194640
kcn nhơn trạch v	 id = 194641
khu công nghiệp nhơn trạch vi	 id = 194642
kcn nhơn trạch vi	 id = 194643
khu công nghiệp an nghiệp	 id = 194644
khu công nghiệp bình minh	 id = 194645
khu công nghiệp hòa phú	 id = 194646
khu công nghiệp tân hương	 id = 194647
khu công nghiệp mỹ tho	 id = 194648
khu công nghiệp phú mỹ ii	 id = 194649
khu công nghiệp mỹ xuân b1	 id = 194650
khu công nghiệp mỹ xuân a2	 id = 194651
khu công nghiệp cái mép	 id = 194652
khu công nghiệp phú mỹ i	 id = 194653
khu công nghiệp đông xuyên	 id = 194654
khu công nghiệp mỹ xuân a	 id = 194655
khu công nghiệp phước nam	 id = 194656
khu công nghiệp bàu xéo	 id = 194657
khu công nghiệp xuân lộc	 id = 194658
khu công nghiệp tân phú	 id = 194659
khu công nghiệp long thành	 id = 194660
khu công nghiệp tam phước	 id = 194661
khu công nghiệp đình quán	 id = 194662
khu công nghiệp hố nai	 id = 194663
khu công nghiệp song mây	 id = 194664
khu công nghiệp biên hòa i	 id = 194665
khu công nghiệp biên hòa ii	 id = 194666
khu công nghiệp loteco	 id = 194667
khu công nghiệp gò dầu	 id = 194668
khu công nghiệp suối dầu	 id = 194669
khu công nghiệp ninh thủy	 id = 194670
khu công nghiệp quảng phú	 id = 194671
khu công nghiệp tịnh phong	 id = 194672
khu công nghiệp điện nam điện ngọc	 id = 194673
khu công nghiệp nam đông hà	 id = 194674
khu công nghiệp mỹ trung	 id = 194675
khu công nghiệp hòa xá	 id = 194676
khu công nghiệp đồ sơn	 id = 194677
khu công nghiệp tân trường	 id = 194678
khu công nghiệp việt hòa kenmark	 id = 194679
khu công nghiệp phúc điền	 id = 194680
khu công nghiệp nam sách	 id = 194681
khu công nghiệp hải yên	 id = 194682
khu công nghiệp việt hưng	 id = 194683
khu công nghiệp cái lân	 id = 194684
khu công nghiệp nam thăng long	 id = 194685
khu công nghiệp đài tư	 id = 194686
khu công nghiệp nội bài	 id = 194687
khu công nghiệp sài đồng b	 id = 194688
khu công nghiệp thanh bình	 id = 194689
cụm công nghiệp hà bình phương	 id = 194690
khu công nghiệp amata	 id = 194691
kcn amata	 id = 194692
ccn hà bình phương	 id = 194693
kcn thanh bình	 id = 194694
kcn sài đồng b	 id = 194695
kcn nội bài	 id = 194696
kcn đài tư	 id = 194697
khu công nghiệp hà nội đài tư	 id = 194698
kcn hà nội đài tư	 id = 194699
kcn nam thăng long	 id = 194700
kcn cái lân	 id = 194701
kcn hải yên	 id = 194702
kcn nam sách	 id = 194703
kcn phúc điền	 id = 194704
kcn việt hòa kenamrk	 id = 194705
kcn tân trường	 id = 194706
kcn đồ sơn	 id = 194707
kcn hòa xá	 id = 194708
kcn mỹ trung	 id = 194709
kcn đông hà	 id = 194710
kcn điện nam điện ngọc	 id = 194711
kcn tịnh phong	 id = 194712
kcn quảng phú	 id = 194713
kcn ninh thủy	 id = 194714
kcn suối dầu	 id = 194715
kcn gò dầu	 id = 194716
kcn loteco	 id = 194717
kcn biên hòa ii	 id = 194718
kcn biên hòa i	 id = 194719
kcn song mây	 id = 194720
kcn hố nai	 id = 194721
kcn đình quán	 id = 194722
kcn tam phước	 id = 194723
kcn long thành	 id = 194724
kcn tân phú	 id = 194725
kcn xuân lộc	 id = 194726
kcn bàu xéo	 id = 194727
kcn phước nam	 id = 194728
kcn mỹ xuân a	 id = 194729
kcn đồng xuyên	 id = 194730
kcn phú mỹ i	 id = 194731
kcn cái mép	 id = 194732
kcn mỹ xuân a2	 id = 194733
kcn mỹ xuân b1	 id = 194734
kcn phú mỹ ii	 id = 194735
kcn mỹ tho	 id = 194736
kcn tân hương	 id = 194737
kcn hòa phú	 id = 194738
kcn bình minh	 id = 194739
kcn an nghiệp	 id = 194740
kcn sông hậu	 id = 194741
kcn khánh an	 id = 194742
kcn kim hoa	 id = 194743
kcn khai quang	 id = 194744
kcn trung hà	 id = 194745
kcn bắc phú cát	 id = 194746
kcn lương sơn	 id = 194747
kcn phố nối a	 id = 194748
kcn phố nối b	 id = 194749
kcn đồng văn	 id = 194750
kcn sóng thần i	 id = 194751
kcn sóng thần ii	 id = 194752
kcn đồng an	 id = 194753
kcn đồng an ii	 id = 194754
kcn tân đồng hiệp a	 id = 194755
kcn tân đồng hiệp b	 id = 194756
kcn tân đồng hiệp	 id = 194757
kcn dệt may bình an	 id = 194758
kcn việt hương ii	 id = 194759
kcn việt hương	 id = 194760
kcn mỹ phước	 id = 194761
kcn mai trung	 id = 194762
kcn mỹ phước ii	 id = 194763
kcn nam tân uyên	 id = 194764
kcn rạch bắp	 id = 194765
kcx linh trung i	 id = 194766
kcn cát lai ii	 id = 194767
kcn tân bình	 id = 194768
kcn tân thới hiệp	 id = 194769
kcn lê minh xuân	 id = 194770
kcn tây bắc củ chi	 id = 194771
kcn hiệp phước	 id = 194772
kcn vĩnh lộc	 id = 194773
kcn tân phú trung	 id = 194774
kcn sao mai	 id = 194775
kcn chơn thành	 id = 194776
kcn đức hòa i	 id = 194777
kcn thuận đạo bến lực	 id = 194778
kcn xuyên á	 id = 194779
kcn vĩnh lộc ii	 id = 194780
kcn tân đức	 id = 194781
kcn long hậu	 id = 194782
kcn sa đéc	 id = 194783
kcn tân kim	 id = 194784
kcn đức hòa iii	 id = 194785
kcn trà đá	 id = 194786
kcn tâm thắng	 id = 194787
kcx linh trung ii	 id = 194788
kcn bình chiểu	 id = 194789
kcn bình dương	 id = 194790
kcn linh trung iii	 id = 194791
kcn hưng phú	 id = 194792
kcn quang minh	 id = 194793
vườn quốc gia cúc phương	 id = 193871
rừng cúc phương	 id = 194794
rừng quốc gia cúc phương	 id = 194795
cung văn hóa lao động tp.hcm	 id = 194796
cung văn hóa lao động	 id = 194797
Thủ Thiêm	 id = 194798
đèo Cả	 id = 193426
cung thể thao quần ngựa	 id = 194799
Tam Cốc Bích Động	 id = 194800
nhà thờ phát diệm	 id = 193500
nhà thờ đá phát diệm	 id = 194801
chùa bồ đề	 id = 194802
chùa thiên mụ	 id = 193350
Vườn Quốc gia Tràm Chim	 id = 193881
đắk rông	 id = 194803
đakrông	 id = 194804
đắkrông	 id = 194805
đăk rông	 id = 194806
Na Mèo	 id = 194807
Lệ Thanh	 id = 194808
cửa khẩu hữu nghị	 id = 194809
Hữu Nghị Quan	 id = 194810
Hữu Nghị quan	 id = 194810
A Pa Chải	 id = 194811
Tung Chung Phố	 id = 194812
Ma Lù Thàng	 id = 194813
Phước Tân	 id = 194814
Bù Drang	 id = 194815
Tà Lùng	 id = 194816
Bó Luông	 id = 194817
Nà Lầm	 id = 194818
Hoành Mô	 id = 194819
Sín Cái	 id = 194820
sông cà lồ	 id = 194821
Tà Cú	 id = 194822
sân Vinh	 id = 194823
Sân Vinh	 id = 194823
sông tô lịch	 id = 193756
KonTum	 id = 193523
Phủ Giầy	 id = 194824
Phủ Giày	 id = 194825
rừng sác	 id = 194826
lễ tế nam giao	 id = 194827
Nam Giao	 id = 194828
Sông Hồng	 id = 184746
sông hồng	 id = 184746
Hòe Nhai	 id = 194829
Nghi Tàm	 id = 194830
Nam Kỳ Khởi Nghĩa	 id = 194831
hội trường thống nhất tp hcm	 id = 194832
Hội trường Thống Nhất	 id = 194833
hội trường thống nhất tphcm	 id = 194834
hội trường thống nhất tp hồ chí minh	 id = 194835
nhà thi đấu quân khu 7	 id = 194836
nhà thi đấu qk7	 id = 194837
nhà thi đấu qk 7	 id = 194838
nhà thi đấu phan đình phùng	 id = 194839
NTĐ Phan Đình Phùng	 id = 194840
NTĐ Trịnh Hoài Đức	 id = 194841
ntđ quân khu 7	 id = 194842
NTĐ QK7	 id = 194843
nhà thi đấu nguyễn du	 id = 194844
nhà thi đấu phú thọ	 id = 194845
nhà thi đấu hai bà trưng	 id = 194846
trung tâm huấn luyện thể thao quốc gia i	 id = 194847
trung tâm thể thao quốc gia i	 id = 194848
trung tâm huấn luyện thể thao quốc gia 1	 id = 194849
Nhổn	 id = 194850
Thịnh Hào	 id = 194851
kênh nhiêu lộc	 id = 194852
kênh nhiêu lộc - thị nghè	 id = 194853
nhiêu lộc thị nghè	 id = 194854
Nhiêu Lộc	 id = 194855
kênh nhiêu lộc thị nghè	 id = 194856
thánh địa mỹ sơn	 id = 193315
Hầm Hô	 id = 194857
chợ đồng xuân	 id = 193549
Phiêng Bung	 id = 194858
Đồng Yên	 id = 194859
chợ bến thành	 id = 193498
nhà hát bến thành	 id = 193623
quận 1	 id = 193012
quận 10	 id = 193021
quận 11	 id = 193022
quận 12	 id = 193023
quận 3	 id = 193014
quận 4	 id = 193015
quận 5	 id = 193016
quận 6	 id = 193017
quận 7	 id = 193018
quận 2	 id = 193013
quận 8	 id = 193019
quận 9	 id = 193020
Bến Thủy	 id = 194860
cầu bến thủy	 id = 194861
tháp bà ponaga	 id = 194862
tháp bà pônaga	 id = 194863
Chu Đậu	 id = 194864
chùa Trấn Quốc	 id = 193355
chùa trấn quốc	 id = 193355
chùa khai quốc	 id = 194865
sông đáy	 id = 193799
sông chu	 id = 193979
nhà hát hòa bình	 id = 194866
Tràng Tiền Plaza	 id = 194867
Lam Sơn	 id = 194868
Phủ Lạng Thương	 id = 194869
Đáp Cầu	 id = 194870
phá tam giang	 id = 194871
sông ô lâu	 id = 194872
sông serepok	 id = 194873
krông kmar	 id = 194874
serepok	 id = 194875
sông serepôk	 id = 193751
sông hoài	 id = 194876
nhà tù côn đảo	 id = 193624
Xà Phìn	 id = 194877
sà phìn	 id = 194878
động phong nha	 id = 193552
thành cổ quảng trị	 id = 193336
hồ trúc bạch	 id = 193844
Mai Dịch	 id = 194879
Nhà Chung	 id = 194880
Thái Hà	 id = 194881
bà nà núi chúa	 id = 194882
ải chi lăng	 id = 194883
xứ lạng	 id = 193313
phanxipang	 id = 194884
bà nà suối mơ	 id = 194885
chùa vĩnh nghiêm	 id = 193340
gành đá đĩa	 id = 194886
chùa Quán Sứ	 id = 193354
đèo phước tượng	 id = 194887
đèo phú gia	 id = 194888
làng cổ đường lâm	 id = 194889
cảng sài gòn	 id = 193829
thiên sơn – suối ngà	 id = 194890
thiên sơn suối ngà	 id = 194891
cầu rạch miễu	 id = 194892
khu đô thị mới văn quán	 id = 194893
khu đô thị văn quán	 id = 194894
Văn Quán	 id = 194895
Yên Sở	 id = 194896
Tân Mai	 id = 194897
Đác Lắc	 id = 194898
Đác Nông	 id = 194899
ea hleo	 id = 194900
ea h leo	 id = 194901
Dăk Lăk	 id = 194902
Dăk Nông	 id = 194903
Đăk R Lấp	 id = 194904
Ea Kao	 id = 194905
Ea Tam	 id = 194906
Ea Huar	 id = 194907
Ea Knuếc	 id = 194908
Ea Lâm	 id = 194909
Đăk R lấp	 id = 194904
Nhật Tảo	 id = 194910
hà thành plaza	 id = 194911
ruby plaza	 id = 194912
trung tâm huấn luyện thể thao qg 1	 id = 194913
trung tâm huấn luyện thể thao qg i	 id = 194914
sân vận động quân khu 7	 id = 194915
svđ quân khu 7	 id = 194916
svđ qk7	 id = 194917
đại lộ đông tây	 id = 194918
Vân Tảo	 id = 194919
Cù Mông	 id = 194920
Caravelle	 id = 180937
khách sạn new world	 id = 194921
khách sạn caravelle	 id = 194922
KS New World	 id = 194923
KS Caravelle	 id = 194924
Bobby Chinn	 id = 194925
bến nhà rồng	 id = 193493
sông kinh thầy	 id = 193769
Mega Star	 id = 192081
sông gianh	 id = 193766
Đọi Tam	 id = 194926
Đọi Sơn	 id = 194927
núi bà đen	 id = 193432
đền quan lớn trà vong	 id = 194928
đền thờ ông lớn trà vong	 id = 194929
đền thờ quan lớn trà vong	 id = 194930
Vĩnh Tuy	 id = 194931
cầu vó	 id = 194932
cầu ghềnh	 id = 194933
Cầu Yên	 id = 194934
cầu Yên	 id = 194934
Cầu Do	 id = 194935
cầu Do	 id = 194935
Mường Bi	 id = 194936
cửa sông bắc luân	 id = 194937
ải nam quan	 id = 194938
chùa bái đính	 id = 194939
Trung Hòa	 id = 194940
câu lạc bộ guitar phú nhuận	 id = 194941
clb guitar phú nhuận	 id = 194942
trung tâm văn hóa phú nhuận	 id = 194943
cung thiếu nhi hà nội	 id = 194944
cung thiếu nhi hn	 id = 194945
cung thiếu nhi	 id = 194946
hầm Thủ Thiêm	 id = 193650
hầm đèo hải vân	 id = 194947
hầm đường bộ hải vân	 id = 194948
hầm hải vân	 id = 193337
đường hầm thủ thiêm	 id = 194949
Thế Miếu	 id = 194950
Thế Tổ Miếu	 id = 194951
Thế miếu	 id = 194950
Cống Vị	 id = 194952
Ngọc Hà	 id = 194953
Phúc Xá	 id = 194954
Quán Thánh	 id = 194955
Trúc Bạch	 id = 194956
Dịch Vọng Hậu	 id = 194957
Nghĩa Tân	 id = 194958
Quan Hoa	 id = 194959
Yên Hòa	 id = 194960
Cầu Dền	 id = 194961
Minh Khai	 id = 186086
Phạm Đình Hổ	 id = 194962
Quỳnh Lôi	 id = 194963
Quỳnh Mai	 id = 194964
Thanh Lương	 id = 194965
Thanh Nhàn	 id = 194966
Đồng Mác	 id = 194967
Đồng Nhân	 id = 194968
Chương Dương Độ	 id = 194969
Phúc Tân	 id = 194970
đền quán thánh	 id = 193592
Giáp Bát	 id = 194971
Hoàng Liệt	 id = 194972
Mai Động	 id = 194973
Thịnh Liệt	 id = 194974
Tương Mai	 id = 194975
Đại Kim	 id = 194976
Định Công	 id = 194977
Bồ Đề	 id = 194978
Cự Khối	 id = 194979
Gia Thụy	 id = 194980
Giang Biên	 id = 194981
Ngọc Thụy	 id = 194982
Phúc Lợi	 id = 194983
Phúc Đồng	 id = 194984
Sài Đồng	 id = 194985
Thạch Bàn	 id = 194986
Thượng Thanh	 id = 194987
Việt Hưng	 id = 178852
Đức Giang	 id = 194988
Thụy Khê	 id = 194989
Phú Thượng	 id = 194990
Tứ Liên	 id = 194991
Xuân La	 id = 194992
Hạ Đình	 id = 194993
Khương Mai	 id = 194994
Khương Trung	 id = 194995
Khương Đình	 id = 194996
Kim Giang	 id = 194997
Nhân Chính	 id = 194998
Phương Liệt	 id = 194999
Thanh Xuân Nam	 id = 195000
Thanh Xuân Trung	 id = 195001
Thượng Đình	 id = 180565
Cát Linh	 id = 195002
Khâm Thiên	 id = 195003
Láng Hạ	 id = 192614
Láng Thượng	 id = 195004
Nam Đồng	 id = 195005
Phương Liên	 id = 195006
Phương Mai	 id = 195007
Thịnh Quang	 id = 195008
Thổ Quan	 id = 195009
Trung Liệt	 id = 195010
Trung Phụng	 id = 195011
Trung Tự	 id = 195012
Văn Chương	 id = 195013
kumho asiana plaza	 id = 195014
Nhân Cơ	 id = 195015
Thiên đường Bảo Sơn	 id = 195016
thiên đường Bảo Sơn	 id = 195016
Khách sạn Bảo Sơn	 id = 195017
KS Bảo Sơn	 id = 195018
khách sạn Bảo Sơn	 id = 195017
Bảo Sơn Paradise	 id = 195019
thiên đường bảo sơn	 id = 195016
khách sạn bảo sơn	 id = 195017
đồng bằng bắc bộ	 id = 195020
Riverside Residence	 id = 195021
cảng an thới	 id = 195022
cảng vũng áng	 id = 195023
cảng tiên sa	 id = 193830
cảng kỳ hà	 id = 195024
cảng chân mây	 id = 195025
cảng ba ngòi	 id = 193827
cảng phú mỹ	 id = 195026
khu kinh tế vũng áng	 id = 195027
cửa khẩu tân thanh	 id = 195028
Nậm Cắn	 id = 195029
Tân Thanh	 id = 195030
Cốc Lếu	 id = 195031
cửa khẩu xà xía	 id = 195032
Xà Xía	 id = 195033
Vũng Áng	 id = 195034
KCN Vũng Áng	 id = 195035
khu công nghiệp vũng áng	 id = 195036
KKT Vũng Áng	 id = 195037
hồ bảy mẫu	 id = 193855
hồ bẩy mẫu	 id = 195038
hồ ba mẫu	 id = 193992
triển lãm vân hồ	 id = 195039
triển lãm giảng võ	 id = 195040
hải sư trắng	 id = 195041
hải sư đen	 id = 195042
khu kinh tế đình vũ	 id = 195043
khu kinh tế đình vũ cát hải	 id = 195044
KKT Đình Vũ	 id = 195045
khu kinh tế đông nam nghệ an	 id = 195046
khu kinh tế đông nam	 id = 195047
KKT Đông Nam	 id = 195048
KKT Đông Nam Nghệ An	 id = 195049
Đông Nam Nghệ An	 id = 195050
Sơn Đoòng	 id = 195051
đường hồ chí minh	 id = 195052
đường trường sơn	 id = 195053
đường mòn hồ chí minh	 id = 195054
đường mòn hcm	 id = 195055
Lộc Vĩnh	 id = 195056
sông đốc	 id = 195057
sông cái tàu	 id = 193763
Him Lam	 id = 195058
Mường Thanh	 id = 195059
ga giáp bát	 id = 195060
Đại Lải	 id = 195061
Hải Tân	 id = 195062
khu du lịch đại nam văn hiến	 id = 195063
đại nam văn hiến	 id = 195064
khu du lịch lạc cảnh đại nam văn hiến	 id = 195065
khu du lịch đại nam	 id = 195066
KDL Đại Nam	 id = 195067
lạc cảnh đại nam văn hiến	 id = 195068
Thái Văn Lung	 id = 195069
vinpearlland	 id = 195070
công viên tao đàn	 id = 195071
La Phù	 id = 195072
phủ thành chương	 id = 195073
việt phủ thành chương	 id = 195074
Phan Kế Bính	 id = 195075
nhà máy đạm cà mau	 id = 195076
đạm cà mau	 id = 195077
Nghi Sơn	 id = 195078
liên hợp lọc hóa dầu nghi sơn	 id = 195079
nhà máy lọc hóa dầu nghi sơn	 id = 195080
lọc hóa dầu nghi sơn	 id = 195081
Tây Bắc Bộ	 id = 195082
tây bắc bộ	 id = 195082
bắc trung bộ	 id = 195083
Đăk Lak	 id = 195084
vườn quốc gia cư yang sin	 id = 195085
vườn quốc gia chư yang sinh	 id = 195086
sông sê rê pôk	 id = 195087
sông sê rê pốk	 id = 195088
vườn quốc gia yôk đôn	 id = 195089
vườn quốc gia yok đôn	 id = 193888
thác đray nu	 id = 195090
Đray Nu	 id = 195091
serepôk	 id = 195092
sông sêrêpốk	 id = 195093
Chư Jút	 id = 195094
sêrêpốk	 id = 195095
hồ Lắc	 id = 195096
bàu sấu	 id = 195097
Hàng Xanh	 id = 195098
khu công nghiệp phú thị	 id = 195099
KCN Phú Thị	 id = 195100
Tả Phìn	 id = 195101
Mường Hoa	 id = 195102
Cát Cát	 id = 195103
Sín Chải	 id = 195104
Tân Sân Nhất	 id = 195105
Pà Lừa	 id = 195106
Pà Rồng	 id = 195107
cảng trung chuyển quốc tế vân phong	 id = 195108
cảng vân phong	 id = 195109
Vũng Rô	 id = 195110
Võng La	 id = 195111
Đông Ngạc	 id = 195112
cầu thăng long	 id = 193825
Chèm	 id = 195113
trường petrus ký	 id = 195114
trường bưởi	 id = 195115
indochina riverside	 id = 195116
An Thới	 id = 195117
suối cá thần	 id = 195118
Hỏa Lò	 id = 195119
trại hỏa lò	 id = 195120
trại giam hỏa lò	 id = 195121
nhà tù hỏa lò	 id = 195122
nhà giam hỏa lò	 id = 195123
thác bản giốc	 id = 193890
sông sêrêpôk	 id = 195124
Ngọc Liệp	 id = 195125
Liệp Mai	 id = 195126
phan si păng	 id = 195127
Tà Rụt	 id = 195128
hầm thủ thiêm	 id = 193650
hầm dìm thủ thiêm	 id = 195129
sông nhà bè	 id = 195130
sông lòng tàu	 id = 195131
sông sài gòn	 id = 193745
sông Nhà Bè	 id = 195130
sông Lòng Tàu	 id = 195131
Lòng Tàu	 id = 195132
Ga Sóng Thần	 id = 195133
ga Sóng Thần	 id = 195133
Sóng Thần	 id = 195134
khu công nghiệp sóng thần	 id = 195135
KCN Sóng Thần	 id = 195136
kênh ba bò	 id = 195137
khu công nghiệp sóng thần 1	 id = 195138
kcn sóng thần 1	 id = 195139
khu công nghiệp sóng thần 2	 id = 195140
kcn sóng thần 2	 id = 195141
Mỗ Lao	 id = 195142
Đại Mỗ	 id = 195143
Tây Mỗ	 id = 195144
khu đô thị mới dương nội	 id = 195145
KĐTM Dương Nội	 id = 195146
khu đtm dương nội	 id = 195147
sân khấu lan anh	 id = 195148
sân khấu ca nhạc lan anh	 id = 195149
Khách sạn Thắng Lợi	 id = 195150
KS Thắng Lợi	 id = 195151
khách sạn Thắng Lợi	 id = 195150
khách sạn thắng lợi	 id = 195150
hồ thuyền quang	 id = 195152
hồ ha le	 id = 195153
hồ halais	 id = 195154
Phùng Nguyên	 id = 195155
Gò Mun	 id = 195156
Đồng Đậu	 id = 195157
Thạch Khê	 id = 195158
khu đô thị mới kim văn - kim lũ	 id = 195159
khu đô thị mới kim văn kim lũ	 id = 195160
kđtm kim văn kim lũ	 id = 195161
nhà tưởng niệm bác hồ	 id = 195162
bến bình đông	 id = 195163
chùa thầy	 id = 193352
đền sóc	 id = 195164
đền chử đồng tử	 id = 195165
đền gióng	 id = 195166
Đền Và	 id = 195167
đền Và	 id = 195167
Nam Côn Sơn	 id = 195168
hồ con rùa	 id = 195169
cầu vượt thanh trì	 id = 195170
cầu thanh trì	 id = 193819
cầu cạn pháp vân	 id = 195171
nam đàn plaza	 id = 195172
Nam An Khánh	 id = 195173
Bắc An Khánh	 id = 195174
tòa nhà pvn tower	 id = 195175
PVN Tower	 id = 195176
cầu thê húc	 id = 193823
tháp nước hàng đậu	 id = 195177
tháp hàng đậu	 id = 195178
Sư Vạn Hạnh	 id = 195179
sông pô kô	 id = 195180
Pô Cô	 id = 195181
sông pô cô	 id = 195182
Pô Kô	 id = 195183
thủy điện plei krông	 id = 195184
thủy điện pleikrông	 id = 195185
pleikrông	 id = 195186
plei krông	 id = 195187
sông sê san	 id = 195188
Sê San	 id = 195189
thủy điện sê san	 id = 195190
Cái Mơn	 id = 195191
sông pôkô	 id = 195192
sông pôcô	 id = 195193
KĐTM Linh Đàm	 id = 195194
khu đô thị mới dịch vọng	 id = 195195
KĐTM Dịch Vọng	 id = 195196
khu đô thị mới linh đàm	 id = 195197
Cư Yang Sin	 id = 195198
sê rê pốc	 id = 195199
dray sáp	 id = 195200
dray nur	 id = 195201
hầm đường bộ kim liên	 id = 195202
hầm kim liên	 id = 195203
Phủ Dầy	 id = 195204
Phủ Dày	 id = 195205
Mạo Khê	 id = 195206
apachải	 id = 195207
Crescent Plaza	 id = 195208
cầu tràng tiền	 id = 195209
Bình Trị Đông	 id = 195210
Phú Lâm	 id = 195211
intercontinental	 id = 195212
ks intercontinental	 id = 195213
khách sạn intercontinental	 id = 195214
thủy điện hố hô	 id = 195215
đập thủy điện hố hô	 id = 195216
nhà máy thủy điện hố hô	 id = 195217
bảo tàng hồ chí minh	 id = 195218
hồ kẻ gỗ	 id = 193840
phòng trà atb	 id = 195219
TP Vinh	 id = 195220
ga Vinh	 id = 195221
Ga Vinh	 id = 195221
hồ đa nhim	 id = 193848
đèo ngoạn mục	 id = 195222
sông dinh	 id = 193765
sông sắt	 id = 195223
sông truồi	 id = 195224
tháp chàm	 id = 195225
Đường Láng	 id = 195226
đường Láng	 id = 195226
đường láng hòa lạc	 id = 195227
đường láng	 id = 195226
Lý Quốc Sư	 id = 195228
Ấu Triệu	 id = 195229
Nhà Thờ	 id = 195230
Thọ Xương	 id = 195231
ngõ huyện	 id = 195232
khu đô thị văn khê	 id = 195233
khu đô thị vân canh	 id = 195234
khu đô thị mới văn khê	 id = 195235
KĐTM Văn Khê	 id = 195236
KĐT Văn Khê	 id = 195237
KĐT Vân Canh	 id = 195238
KĐTM Vân Canh	 id = 195239
khu đô thị mới vân canh	 id = 195240
Cắm Muộn	 id = 195241
nậm nhoóng	 id = 195242
thủy điện sông tranh	 id = 195243
Sông Tranh	 id = 195244
sông Tranh	 id = 195244
thủy điện a vương	 id = 195245
A Vương	 id = 195246
sông tang	 id = 195247
Trà Xinh	 id = 195248
chùa dơi	 id = 193643
rạp tháng 8	 id = 192079
august cinema	 id = 195249
Cát Bi	 id = 195250
Nguyễn Văn Hới	 id = 195251
Phố Bảng	 id = 195252
cửa ba lạt	 id = 195253
chùa tứ liên	 id = 195254
chùa phúc khánh	 id = 195255
đền trấn vũ	 id = 195256
Trấn Vũ Quán	 id = 195257
đền quan thánh	 id = 195258
chùa tứ kỳ	 id = 195259
chùa tam bảo	 id = 195260
đền trần	 id = 195261
đền thiên trường	 id = 195262
đền cố trạch	 id = 195263
đền trùng hoa	 id = 195264
Đụ Đị	 id = 195265
La Khê	 id = 195266
Tứ Xã	 id = 195267
Cát Lái	 id = 195268
trường viết văn nguyễn du	 id = 195269
Kiếp Bạc	 id = 195270
đền kiếp bạc	 id = 193615
chùa côn sơn	 id = 193401
thiên tư phúc tự	 id = 195271
sông như nguyệt	 id = 195272
sông nhật đức	 id = 195273
sông thị cầu	 id = 195274
Quỳnh Lâm	 id = 195275
lục đầu giang	 id = 195276
sông thái bình	 id = 195277
Đông Khê	 id = 195278
Thất Khê	 id = 195279
khu đô thị an khánh an thượng	 id = 195280
KĐT An Khánh An Thượng	 id = 195281
Ô Quý Hồ	 id = 195282
Tây Côn Lĩnh	 id = 195283
suối giàng	 id = 195284
Cao Bồ	 id = 195285
bãi giữa sông hồng	 id = 195286
bãi giữa	 id = 195287
Văn Khê	 id = 195288
Lèn Cờ	 id = 195289
golden westlake	 id = 195290
sky city tower	 id = 195291
vincom park place	 id = 195292
Sky City	 id = 195293
sky city towers	 id = 195294
Times City	 id = 195295
Eco City	 id = 195296
tháp rùa	 id = 193557
times city	 id = 195295
khu đô thị mới xa la	 id = 195297
khu đtm xa la	 id = 195298
KTĐM Xa La	 id = 195299
sân bay tân sơn nhất	 id = 193388
sân bay tân sân nhất	 id = 195300
Cao Đạt	 id = 195301
Lũng Lô	 id = 195302
khu du lịch dìn ký	 id = 195303
Dìn Ký	 id = 195304
khu du lịch dìn kí	 id = 195305
Dìn Kí	 id = 195306
rạp công nhân	 id = 195307
mũi đại lãnh	 id = 195308
Thượng Trạch	 id = 195309
Cà Roòng	 id = 195310
thành nhà hồ	 id = 193641
Mã Mây	 id = 195311
Hào Nam	 id = 195312
grand plaza	 id = 195313
TTTM Grand Plaza	 id = 195314
ceo tower	 id = 195315
tháp ceo	 id = 195316
cmc tower	 id = 195317
tháp cmc	 id = 195318
tòa tháp cmc	 id = 195319
tòa tháp ceo	 id = 195320
Tân Rai	 id = 195321
