tây á	 id = 195322
tòa bạch ốc	 id = 195323
đa nuýp	 id = 195324
đài bắc	 id = 195325
đại tây dương	 id = 195326
đan mạch	 id = 195327
địa trung hải	 id = 195328
đông âu	 id = 195329
đông bắc á	 id = 195330
đông dương	 id = 195331
Lào	 id = 195332
quần đảo hoàng sa	 id = 193314
châu á-thái bình dương	 id = 195333
manchester	 id = 195334
emirates	 id = 195335
old trafford	 id = 195336
thái bình dương	 id = 195337
sài gòn	 id = 180064
bulgaria	 id = 195338
romania	 id = 195339
hungary	 id = 195340
hồng kông	 id = 189164
đài loan	 id = 195341
thụy sĩ	 id = 195342
hà lan	 id = 195343
stamford bridge	 id = 195344
cameroon	 id = 195345
california	 id = 183436
tokyo	 id = 186529
pennsylvania	 id = 195346
việt nam	 id = 192572
indonesia	 id = 189248
malaysia	 id = 195347
palestine	 id = 195348
Thái Lan	 id = 184502
na uy	 id = 195349
thổ nhĩ kỳ	 id = 195350
Singapore	 id = 188284
chile	 id = 195351
hy lạp	 id = 195352
triều tiên	 id = 195353
bắc triều tiên	 id = 195354
paraguay	 id = 195355
australia	 id = 189719
new zealand	 id = 195356
croatia	 id = 195357
tunisia	 id = 195358
saudi arabia	 id = 195359
ả rập xê út	 id = 195360
new delhi	 id = 195361
ukraina	 id = 195362
brazil	 id = 195363
colombia	 id = 195364
hàn quốc	 id = 186874
thụy sỹ	 id = 195365
thụy điển	 id = 189275
nam phi	 id = 195366
tây ban nha	 id = 195367
philippines	 id = 195368
bồ đào nha	 id = 195369
argentina	 id = 195370
paris	 id = 195371
togo	 id = 195372
ghana	 id = 195373
ucraina	 id = 195374
châu mỹ	 id = 195375
châu âu	 id = 195376
châu phi	 id = 195377
châu á	 id = 195378
mexico	 id = 195379
london	 id = 195380
thượng hải	 id = 195381
Iran	 id = 195382
ch séc	 id = 195383
israel	 id = 195384
Iraq	 id = 195385
belarus	 id = 190874
bắc kinh	 id = 195386
seoul	 id = 195387
baghdad	 id = 195388
canada	 id = 195389
bắc bộ	 id = 195390
hollywood	 id = 195391
kilimanjaro	 id = 195392
virginia	 id = 195393
texas	 id = 195394
liverpool	 id = 195395
kazakhstan	 id = 195396
doha	 id = 195397
bangkok	 id = 195398
mátxcơva	 id = 195399
detroit	 id = 190904
zimbabwe	 id = 195400
qatar	 id = 195401
bắc mỹ	 id = 195402
bahrain	 id = 195403
sevilla	 id = 183654
los angeles	 id = 195404
geneva	 id = 180746
schalke	 id = 195405
marseille	 id = 195406
myanmar	 id = 195407
phần lan	 id = 195408
fulbright	 id = 195409
cambridge	 id = 187565
oxford	 id = 185278
hiroshima	 id = 195410
new orleans	 id = 195411
tây âu	 id = 195412
guinea xích đạo	 id = 195413
peru	 id = 195414
venezuela	 id = 188212
mississippi	 id = 195415
louisiana	 id = 195416
ukraine	 id = 195417
rumani	 id = 186220
kremlin	 id = 195418
yokohama	 id = 185509
ảrập xêút	 id = 195419
san francisco	 id = 195420
afghanistan	 id = 195421
hamburg	 id = 195422
washington	 id = 195423
liên xô	 id = 195424
lyon	 id = 195425
las vegas	 id = 195426
cuba	 id = 180267
chdcnd triều tiên	 id = 195427
houston	 id = 195428
bangladesh	 id = 195429
palermo	 id = 195430
jakarta	 id = 195431
moscow	 id = 195432
kuala lumpur	 id = 195433
chlb đức	 id = 195434
chicago	 id = 195435
vatican	 id = 195436
uzbekistan	 id = 195437
nuremberg	 id = 195438
sicily	 id = 195439
kuwait	 id = 195440
jordan	 id = 180662
nam mỹ	 id = 195441
gaza	 id = 195442
bắc âu	 id = 195443
benfica	 id = 195444
espanyol	 id = 195445
macau	 id = 195446
busan	 id = 195447
phnom penh	 id = 195448
lebanon	 id = 195449
sudan	 id = 195450
sydney	 id = 195451
bangalore	 id = 195452
porto	 id = 195453
quảng châu	 id = 184485
manila	 id = 195454
nam á	 id = 195455
nigeria	 id = 195456
columbia	 id = 179063
seattle	 id = 195457
saint petersburg	 id = 195458
bombay	 id = 195459
victoria	 id = 178708
brunei	 id = 195460
lille	 id = 195461
bali	 id = 182151
berlin	 id = 195462
fullham	 id = 195463
scotland	 id = 195464
mê kông	 id = 195465
bordeaux	 id = 191562
tứ xuyên	 id = 195466
luân đôn	 id = 195467
wales	 id = 195468
michigan	 id = 195469
tehran	 id = 195470
đông timor	 id = 195471
chechnya	 id = 195472
panama	 id = 195473
cairo	 id = 195474
nevada	 id = 195475
amsterdam	 id = 179203
beverly hills	 id = 188758
hong kong	 id = 195476
buenos aires	 id = 195477
marốc	 id = 195478
ả rập	 id = 195479
trung mỹ	 id = 195480
pakistan	 id = 195481
redmond	 id = 195482
vũ hán	 id = 195483
kashmir	 id = 195484
honduras	 id = 195485
hawaii	 id = 195486
ấn độ dương	 id = 195487
turkmenistan	 id = 195488
azerbaijan	 id = 195489
bochum	 id = 195490
louvre	 id = 195491
châu á thái bình dương	 id = 195492
slovenia	 id = 195493
estonia	 id = 195494
nam kinh	 id = 195495
phuket	 id = 195496
bắc băng dương	 id = 195497
pattaya	 id = 195498
luxembourg	 id = 195499
bungari	 id = 195500
hungari	 id = 195501
cộng hòa séc	 id = 195502
cộng hòa czech	 id = 195503
cộng hòa liên bang đức	 id = 195504
boston	 id = 182132
giang tô	 id = 195505
côn sơn	 id = 195506
nam triều tiên	 id = 195507
xingapo	 id = 195508
malaixia	 id = 195509
mông cổ	 id = 195510
quế lâm	 id = 195511
quảng tây	 id = 195512
brussels	 id = 195513
nantes	 id = 182299
tbilisi	 id = 195514
matxcơva	 id = 195515
kyrgyzstan	 id = 195516
tashkent	 id = 195517
libăng	 id = 195518
basque	 id = 195519
san jose	 id = 195520
buckingham	 id = 195521
Anh	 id = 195522
Mỹ	 id = 195523
Pháp	 id = 195524
Nga	 id = 195525
Nhật	 id = 195526
Nhật Bản	 id = 189165
Oman	 id = 195527
Đức	 id = 195528
Cape Town	 id = 195529
Sao Paulo	 id = 195530
Ý	 id = 195531
VN	 id = 195532
Queensland	 id = 195533
Mĩ	 id = 195534
Penang	 id = 195535
Disney Land	 id = 195536
cộng hòa xã hội chủ nghĩa việt nam	 id = 195537
Melbourne	 id = 195538
Trung Quốc	 id = 192573
TQ	 id = 195539
châu á tbd	 id = 195540
Trùng Khánh	 id = 195541
Hà Nội	 id = 192517
HN	 id = 195542
San Siro	 id = 195543
Roma	 id = 182014
Madrid	 id = 195544
Turin	 id = 195545
Áo	 id = 195546
Đông Nam Á	 id = 195547
Fiji	 id = 195548
Nepal	 id = 195549
Sri Lanka	 id = 195550
CHXHCN Việt Nam	 id = 195551
Jerusalem	 id = 195552
Jérusalem	 id = 195553
Úc	 id = 195554
New Jersey	 id = 195555
Monaco	 id = 195556
Czech	 id = 195557
TBN	 id = 195558
Triều Châu	 id = 195559
Hải Nam	 id = 195560
Bắc Cực	 id = 195561
Nam Cực	 id = 195562
Ấn Độ	 id = 195563
Hoa Kỳ	 id = 195564
Tây Tạng	 id = 192575
Bình Nhưỡng	 id = 195565
New York	 id = 195566
Dubai	 id = 190438
Trung Đông	 id = 195567
Trung Cận Đông	 id = 195568
Chăm Pa	 id = 195569
Chămpa	 id = 195570
Champa	 id = 195571
xứ sở bò tót	 id = 195572
Á Đông	 id = 195573
ma-rốc	 id = 195574
Ai Cập	 id = 195575
albania	 id = 195576
algérie	 id = 195577
angola	 id = 195578
belize	 id = 195579
bolivia	 id = 195580
botswana	 id = 195581
burkina faso	 id = 195582
burundi	 id = 195583
bénin	 id = 195584
bê-nanh	 id = 195585
Bỉ	 id = 195586
Ba Lan	 id = 195587
cabo verde	 id = 195588
comoros	 id = 195589
costa rica	 id = 195590
tiểu vương quốc ả rập thống nhất	 id = 195591
congo	 id = 195592
dominicana	 id = 195593
trung phi	 id = 195594
Bờ Biển Ngà	 id = 195595
cộng hòa dân chủ nhân dân triều tiên	 id = 195596
Djibouti	 id = 195597
Dominica	 id = 195598
ecuador	 id = 195599
el salvador	 id = 195600
eritrea	 id = 195601
ethiopia	 id = 195602
gabon	 id = 195603
gambia	 id = 195604
grenada	 id = 195605
gruzia	 id = 195606
guatemala	 id = 195607
guiné-bissau	 id = 195608
guineé	 id = 195609
guyana	 id = 195610
ghi-nê bít-xao	 id = 195611
haiti	 id = 195612
iceland	 id = 195613
jamaica	 id = 195614
kenya	 id = 195615
kiribati	 id = 195616
latvia	 id = 195617
lesotho	 id = 195618
liban	 id = 195619
liberia	 id = 195620
litva	 id = 195621
madagascar	 id = 195622
malawi	 id = 195623
maldives	 id = 195624
mali	 id = 195625
maroc	 id = 195626
mauritanie	 id = 195627
mauritius	 id = 186224
moldova	 id = 195628
montenegro	 id = 195629
mozambique	 id = 195630
namibia	 id = 195631
nauru	 id = 195632
nicaragua	 id = 195633
niger	 id = 195634
myanma	 id = 195635
papua new guinea	 id = 195636
phi-líp-pin	 id = 195637
philíppin	 id = 195638
uganda	 id = 195639
ả rập saudi	 id = 195640
slovakia	 id = 195641
tajikistan	 id = 195642
quảng trường đỏ	 id = 195643
frankfurt	 id = 195644
Phú Sỹ	 id = 195645
Sơn Đông	 id = 195646
alps	 id = 184028
grudia	 id = 195647
tblisi	 id = 195648
philadelphia	 id = 195649
Mumbai	 id = 195650
Rotterdam	 id = 195651
Milano	 id = 179528
Nhà Trắng	 id = 195652
điện kremlin	 id = 195653
Villa Park	 id = 195654
athens	 id = 195655
UAE	 id = 195656
vienna	 id = 195657
ma lai xi a	 id = 195658
LB Nga	 id = 195659
liên bang nga	 id = 195660
Serbia	 id = 195661
in đô nê xi a	 id = 195662
braxin	 id = 195663
wellington	 id = 195664
ĐNÁ	 id = 195665
Ohio	 id = 195666
Québec	 id = 195667
Manitoba	 id = 195668
Ottawa	 id = 195669
Liên Bang Nga	 id = 195660
Quần đảo Trường Sa	 id = 195670
Montréal	 id = 195671
Quận Cam	 id = 195672
Hoa Kì	 id = 195673
Nước Anh	 id = 195674
Moskva	 id = 195675
Hà nội	 id = 192517
Nước Bỉ	 id = 195676
Dương Tử	 id = 195677
Cộng hòa Áo	 id = 195678
Úc Đại Lợi	 id = 195679
Australia	 id = 189719
Liên bang Úc	 id = 195680
Ô-xtơ-rây-li-a	 id = 195681
Ôxtơrâylia	 id = 195682
Phù Tang	 id = 195683
Nhật Bổn	 id = 195684
Alaska	 id = 183702
Illinois	 id = 195685
Rhode Island	 id = 195686
Sông Dương Tử	 id = 195687
Đảo Rhode	 id = 195688
Rhode island	 id = 195686
Đảo rhode	 id = 195688
Tiểu bang Rhode Island và những Đồn Điền Providence	 id = 195689
Tiểu bang rhode island và những đồn điền providence	 id = 195689
Nước Áo	 id = 195690
Trung Hoa	 id = 192574
Cu-ba	 id = 195691
HQ	 id = 183467
US-OH	 id = 195692
US-AK	 id = 195693
Quebec	 id = 195694
ĐNA	 id = 195695
Vương quốc Champa	 id = 195696
Chăm-pa	 id = 195697
Vương quốc Chăm-pa	 id = 195698
Vương quốc Chăm pa	 id = 195699
Vương quốc chăm pa	 id = 195699
Vương quốc chăm-pa	 id = 195698
Vương quốc champa	 id = 195696
Mat-xcơ-va	 id = 195700
USA	 id = 184573
I-rắc	 id = 195701
CHLB Đức	 id = 195434
South Dakota	 id = 195702
Nam Dakota	 id = 195703
München	 id = 195704
Munich	 id = 195705
Tích Lan	 id = 195706
Munchen	 id = 195707
Muenchen	 id = 195708
Vancouver	 id = 195709
Thiên An Môn	 id = 195710
Angkor Wat	 id = 195711
Angkor Vat	 id = 195712
Tây tạng	 id = 192575
Ồ-hai-ô	 id = 195713
Ô-hai-ô	 id = 195714
OH	 id = 195715
Ấn Ðộ	 id = 195716
Florida	 id = 195717
Tô Châu	 id = 195718
Huê Kỳ	 id = 195719
Cộng hòa Pháp	 id = 195720
Hàng Châu	 id = 195721
Đảo Hải Nam	 id = 195722
Hải Nam Đảo	 id = 195723
Nam Ninh	 id = 195724
Stalingrad	 id = 195725
Trung Á	 id = 195726
Quần đảo Canaria	 id = 195727
Quần đảo Canary	 id = 195728
Tiệp Khắc	 id = 195729
Tiệp khắc	 id = 195729
Tiệp-Khắc	 id = 195730
Đông Á	 id = 195731
Tháp Eiffel	 id = 195732
Đền Angkor Wat	 id = 195733
Cộng hoà dân chủ nhân dân Lào	 id = 195734
Glasgow	 id = 195735
Montreal	 id = 195736
Orange County	 id = 195737
Dương Tử Giang	 id = 195738
Thành phố New York	 id = 195739
New York City	 id = 195740
City of New York	 id = 195741
NYC	 id = 195742
Nữu Ước	 id = 195743
Niu Oóc	 id = 195744
Tân York	 id = 195745
Thành phố Tân York	 id = 195746
Mê Công	 id = 195747
Toronto	 id = 187098
Tô-ron-tô	 id = 195748
Tôrontô	 id = 195749
Tô-rôn-tô	 id = 195750
Tôrôntô	 id = 195751
Tồ-rôn-tô	 id = 195752
Tồ-ron-tô	 id = 195753
Ottawa, Ontario	 id = 195754
Cộng hòa Ireland	 id = 195755
Ai-len	 id = 195756
Ailen	 id = 195757
Ái Nhĩ Lan	 id = 195758
Ái-nhĩ-lan	 id = 195759
Cộng hòa Ai-len	 id = 195760
Cộng hòa Ailen	 id = 195761
Ireland	 id = 195762
Ăng-kor Wat	 id = 195763
Liên bang Nga	 id = 195660
Biển Chết	 id = 195764
Biển Zoar	 id = 195765
Tân Cương	 id = 195766
Italia	 id = 195767
Síp	 id = 195768
Rome	 id = 195769
San Marino	 id = 195770
La Mã	 id = 195771
WTC	 id = 195772
Lệ Giang	 id = 195773
Lệ giang	 id = 195773
Sông Trường Giang	 id = 195774
Sông trường giang	 id = 195774
Torino	 id = 183668
Tanzania	 id = 195775
Cộng hoà liên bang Tanzania	 id = 195776
Cộng hoà Tanzania	 id = 195777
Cộng hòa Liên bang Tanganyika và Zanzibar	 id = 195778
Cộng hoà Liên bang Tanganyika và Zanzibar	 id = 195779
Cộng hoà liên bang Tanganyika và Zanzibar	 id = 195779
Cộng hòa Liên bang Tanzania	 id = 195780
Cộng hòa liên bang Tanzania	 id = 195780
Cộng hòa liên bang Tanganyika và Zanzibar	 id = 195778
Cộng hòa Tanzania	 id = 195781
Cộng hoà Liên bang Tanzania	 id = 195776
Praha	 id = 195782
Prague	 id = 195783
Côte d'Ivoire	 id = 195784
Côte d’Ivoire	 id = 195785
Cốt Đi Voa	 id = 195786
Cốt Đi voa	 id = 195786
Cốt Đi-voa	 id = 195787
Thủ đô Hà Nội	 id = 195788
Chăm pa	 id = 195569
Sahara	 id = 182836
Quần đảo Sandwich	 id = 195789
sân bay quốc tế Ruzyně	 id = 195790
Biển Đen	 id = 195791
Hắc Hải	 id = 195792
Den Haag	 id = 195793
LaHay	 id = 195794
La-hay	 id = 195795
's-Gravenhage	 id = 195796
La Haye	 id = 195797
La Hay	 id = 195798
Minsk	 id = 191061
Nam Tư	 id = 195799
Ma Cao	 id = 195800
Ôhaiô	 id = 195801
Niu Yooc	 id = 195802
Alaxka	 id = 195803
Muynich	 id = 195804
Côt - Đivoa	 id = 195805
Côt-Đivoa	 id = 195806
Pusan	 id = 195807
Côt Đivoa	 id = 195808
Cote d'Ivore	 id = 195809
Ôxtrâylia	 id = 195810
Cộng hòa Đại bình yên San Marino	 id = 195811
Cộng hòa rất Thanh bình Xan Marinô	 id = 195812
Cộng hòa rất Thanh bình San Marinô	 id = 195813
San Marinô	 id = 195814
Cộng hoà rất Thanh bình Xan Marinô	 id = 195815
Cộng hoà rất Thanh bình San Marinô	 id = 195816
Xan Marinô	 id = 195817
Cộng hoà Tiệp Khắc	 id = 195818
Cộng hòa Tiệp Khắc	 id = 195819
Cộng hoà Thống nhất Tanzania	 id = 195820
Cộng hòa Thống nhất Tanzania	 id = 195821
Rôma	 id = 195822
Vương quốc Chămpa	 id = 195823
Tôrinô	 id = 195824
Sông Amazon	 id = 195825
Alabama	 id = 195826
Alabama (Hoa Kỳ)	 id = 195827
Alabama, Hoa Kỳ	 id = 195828
Alabama (Mỹ)	 id = 195829
Alabama, Mỹ	 id = 195830
Tiểu bang Alabama	 id = 195831
Bang Alabama	 id = 195832
Tiểu Bang Alabama	 id = 195831
A-la-ba-ma	 id = 195833
Bạch Ốc	 id = 195834
A-lá-xka	 id = 195835
A-la-xka	 id = 195836
Amazon (sông)	 id = 195837
Vạn Lý Trường Thành	 id = 195838
Arizona	 id = 178817
Arixôna	 id = 195839
A-ri-xô-na	 id = 195840
Arkansas	 id = 195841
A-căn-sò	 id = 195842
Acănsò	 id = 195843
A-căn-so	 id = 195844
Acănso	 id = 195845
A-can-sò	 id = 195846
Acansò	 id = 195847
A-can-so	 id = 195848
Acanso	 id = 195849
Hy Lạp cổ đại	 id = 195850
Nước cộng hòa Greece cổ	 id = 195851
A-can-xò	 id = 195852
Acanxò	 id = 195853
A-can-xo	 id = 195854
Acanxo	 id = 195855
Colorado	 id = 195856
Cô-lô-ra-đô	 id = 195857
Côlôrađô	 id = 195858
Connecticut	 id = 195859
Vạn lý trường thành	 id = 195838
Sierra Leone	 id = 195860
Delaware	 id = 195861
Đe-la-ue	 id = 195862
Đê-la-ue	 id = 195863
Đelaue	 id = 195864
Đêlaue	 id = 195865
A Lạp Tư Gia	 id = 195866
Georgia	 id = 195867
Hy Lạp cổ	 id = 195868
Guinée	 id = 195869
India	 id = 195870
Điện Capitol Hoa Kỳ	 id = 195871
Capitơn	 id = 195872
Capitol	 id = 195873
Bhutan	 id = 195874
Tchad	 id = 195875
Cầu Cổng Vàng	 id = 195876
Cầu Golden Gate	 id = 195877
Everest	 id = 186904
Mount Everest	 id = 195878
Libya	 id = 195879
Rwanda	 id = 195880
Idaho	 id = 195881
Ai-đa-hồ	 id = 195882
São Tomé và Príncipe	 id = 195883
Somalia	 id = 195884
Swaziland	 id = 195885
Zambia	 id = 195886
Suriname	 id = 195887
Uruguay	 id = 195888
Bahamas	 id = 195889
Ba-ha-mát	 id = 195890
Dăm-bi-a	 id = 195891
Chad	 id = 195892
Vương quốc Bhutan	 id = 195893
Vương quốc Nepal	 id = 195894
Nê-pan	 id = 195895
Nêpan	 id = 195896
Nêpal	 id = 195897
Nê-pal	 id = 195898
Cộng hoà Djibouti	 id = 195899
Cộng hòa Djibouti	 id = 195900
Cộng hòa Ả Rập Ai Cập	 id = 195901
Ai-cập	 id = 195902
Đại Dân Quốc Ả Rập Libya Nhân dân Xã hội Chủ nghĩa	 id = 195903
Li Bi	 id = 195904
Ly Bi	 id = 195905
Li-bi	 id = 195906
Đại Jamahiriya Ả Rập Libya Nhân dân Xã hội Chủ nghĩa	 id = 195907
Đại Dân quốc Ả Rập Libya Nhân dân Xã hội Chủ nghĩa	 id = 195903
Ruanda	 id = 195908
Ruanđa	 id = 195909
Ru-an-đa	 id = 195910
Cộng hòa Rwanda	 id = 195911
Cộng hoà Rwanda	 id = 195912
Cộng hoà Dân chủ São Tomé và Príncipe	 id = 195913
Cộng hòa Dân chủ São Tomé và Príncipe	 id = 195914
Somali	 id = 195915
Cộng hòa Dân chủ Somali	 id = 195916
Cộng hòa Dân chủ Somalia	 id = 195917
Sômalia	 id = 195918
Xômali	 id = 195919
Sômali	 id = 195920
Xômalia	 id = 195921
Sô-ma-li-a	 id = 195922
Xô-ma-li-a	 id = 195923
Xô-ma-li	 id = 195924
Sô-ma-li	 id = 195925
Port-au-Prince	 id = 195926
Bosna và Hercegovina	 id = 195927
Sông Volga	 id = 195928
Đông Quan	 id = 195929
Môngrêan	 id = 195930
Ôttaoa	 id = 195931
Vancuvơ	 id = 195932
Quêbec	 id = 195933
Muynkhen	 id = 195934
Floriđa	 id = 195935
Gioocgia	 id = 195936
Menbơn	 id = 195937
Pooctô Pranhxơ	 id = 195938
Minxkơ	 id = 195939
Ai Lao	 id = 195940
Chernobyl	 id = 195941
Syria	 id = 195942
Yemen	 id = 195943
Armenia	 id = 195944
Pyongyang	 id = 195945
Phú Sĩ	 id = 195946
Austria	 id = 195947
Áo Môn	 id = 195948
Macao	 id = 195949
Tibet	 id = 185227
Ô man	 id = 195950
Phơ-lo-ri-đa	 id = 195951
Ý Đại Lợi	 id = 195952
Sao Tô-mê	 id = 195953
Indiana	 id = 195954
In-đi-a-na	 id = 195955
In-đia-na	 id = 195956
Inđiana	 id = 195957
Hà Thành	 id = 192631
Iowa	 id = 195958
Malta	 id = 195959
Thiếu Lâm Tự	 id = 195960
Yerushalayim	 id = 195961
Kênh đào Suez	 id = 195962
Sông Donau	 id = 195963
sân bay Kép	 id = 195964
Kansas	 id = 195965
Trinidad và Tobago	 id = 195966
Trinidad & Tobago	 id = 195967
Giêrusalem	 id = 195968
Giê-ru-sa-lem	 id = 195969
Vanuatu	 id = 195970
Hồ Bắc	 id = 195971
Luang Prabang	 id = 195972
Viêng Chăn	 id = 195973
Liechtenstein	 id = 195974
Donau	 id = 195975
Danube	 id = 195976
Đanuýp	 id = 195977
Sân vận động Allianz	 id = 195978
Allianz Arena	 id = 195979
Di Hòa Viên	 id = 195980
Kentucky	 id = 195981
Cộng hòa Kentucky	 id = 195982
Châu Giang	 id = 195983
Cộng hòa liên bang Đức	 id = 195504
Cộng hòa Liên bang Đức	 id = 195504
Nga My	 id = 195984
Taj Mahal	 id = 195985
Lăng Taj Mahan	 id = 195986
Lăng Taj Mahal	 id = 195987
SVĐ Allianz	 id = 195988
Siri	 id = 182354
Xiri	 id = 195989
Xyri	 id = 195990
Xy ri	 id = 195991
Xy-ri	 id = 195992
Leipzig	 id = 195993
Köln	 id = 195994
Cologne	 id = 195995
Gelsenkirchen	 id = 195996
Dortmund	 id = 195997
Stuttgart	 id = 195998
Lăng Lenin	 id = 195999
Hannover	 id = 196000
Hanover	 id = 196001
Chiang Mai	 id = 196002
Triệu Voi	 id = 196003
Massachusetts	 id = 196004
New Hampshire	 id = 196005
Tennessee	 id = 196006
Georgia (Hoa Kỳ)	 id = 196007
Trường giang	 id = 196008
Maryland	 id = 196009
Maine	 id = 196010
Minnesota	 id = 196011
New Mexico	 id = 196012
Nuevo México	 id = 196013
Oklahoma	 id = 196014
Nước Nga	 id = 196015
North Carolina	 id = 196016
Montana	 id = 190532
Oregon	 id = 196017
Missouri	 id = 196018
Nebraska	 id = 196019
North Dakota	 id = 196020
South Carolina	 id = 196021
Vermont	 id = 196022
West Virginia	 id = 196023
Utah	 id = 196024
Wisconsin	 id = 196025
Wyoming	 id = 196026
Châu giang (Trung Quốc)	 id = 196027
sân bay quốc tế Kansai	 id = 196028
sân bay Kansai	 id = 196029
Tây Virginia	 id = 196030
Mixuri	 id = 196031
Tân Hampshire	 id = 196032
Tân Jersey	 id = 196033
Niu Mêhicô	 id = 196034
Tân Mễ Tây Cơ	 id = 196035
Tân Mexico	 id = 196036
Bắc Carolina	 id = 196037
Bắc Dakota	 id = 196038
Nam Carolina	 id = 196039
Tennexi	 id = 196040
Acmênia	 id = 196041
Bahama	 id = 196042
Bôxnia - Hecxêgôvina	 id = 196043
Bôxnia và Hecxêgôvina	 id = 196044
Bôxnia Hecxêgôvina	 id = 196045
Jibuti	 id = 196046
Đôminica	 id = 196047
Ghinê	 id = 196048
Cốt Đivoa	 id = 196049
Ai len	 id = 196050
Lichtenxten	 id = 196051
Manta	 id = 196052
Ôman	 id = 196053
Xao Tômê và Prinxipê	 id = 196054
Xiêra Lêôn	 id = 196055
Xri Lanka	 id = 196056
Xurinam	 id = 196057
Xoazilen	 id = 196058
Libi	 id = 196059
Tơriniđat và Tôbagô	 id = 196060
Urugoay	 id = 196061
Yêmen	 id = 196062
Zămbia	 id = 196063
Hannôvơ	 id = 196064
Quênơ	 id = 196065
Laixich	 id = 196066
Xtutgat	 id = 196067
Japan	 id = 196068
Vương quốc Bỉ	 id = 196069
Tréc-nô-bưn	 id = 196070
Nước Triệu Voi	 id = 196071
Xứ Triệu Voi	 id = 196072
Trung tâm Vũ trụ John F. Kennedy	 id = 196073
Quần đảo Galápagos	 id = 196074
Đảo Galápagos	 id = 196075
Quần đảo Galapagos	 id = 196076
Alexandria	 id = 196077
Kobe	 id = 196078
Sénégal	 id = 196079
Senegal	 id = 196080
Himalaya	 id = 196081
Quần đảo Nansei	 id = 196082
Lima	 id = 196083
Luông Pha Bang	 id = 196084
Luông Pha bang	 id = 196084
Genova	 id = 196085
Genoa	 id = 196086
Venezia	 id = 196087
Venice	 id = 196088
Vơ-ni-dơ	 id = 196089
Vơ ni dơ	 id = 196090
Venessia	 id = 196091
Lăng mộ Tần Thủy Hoàng	 id = 196092
Lăng Tần Thủy Hoàng	 id = 196093
Tây An	 id = 196094
Thành Đô	 id = 196095
Côn Minh	 id = 196096
Vân Nam	 id = 196097
Kiev	 id = 191595
Thanh Đảo	 id = 196098
Giao Áo	 id = 196099
Ouagadougou	 id = 196100
Xiêm Riệp	 id = 196101
Thâm Quyến	 id = 196102
Thẩm Quyến	 id = 196103
Cung điện Mùa Hè	 id = 196104
Ai-rơ-len	 id = 196105
Nam cực	 id = 195562
Cốt-đi-voa	 id = 196106
Bra-xin	 id = 196107
Cyprus	 id = 196108
Cực Nam	 id = 196109
Hy Mã Lạp Sơn	 id = 196110
Hi Mã Lạp Sơn	 id = 196111
Hymalaya	 id = 196112
Chumulangma	 id = 196113
Chomolangma	 id = 196114
Chômôlungma	 id = 196115
Barbados	 id = 196116
Trường Giang	 id = 196008
Tháp nghiêng Pisa	 id = 196117
Chiềng Mai	 id = 196118
Khu lăng mộ Giza	 id = 196119
Tonga	 id = 196120
Giza Necropolis	 id = 196121
Vương quốc Tonga	 id = 196122
Kênh Suez	 id = 196123
Sri lanka	 id = 195550
Cộng hòa Liên bang Nam Tư	 id = 196124
Hoa Sơn	 id = 196125
Xi-ri	 id = 196126
Hoa sơn	 id = 196125
Vương Quốc Bỉ	 id = 196069
Núi Hoa	 id = 196127
Xy Ri	 id = 195991
Tây Nhạc Hoa sơn	 id = 196128
Firenze	 id = 196129
Florence	 id = 196130
Warszawa	 id = 196131
Vac-Xa-Va	 id = 196132
Vác-sa-va	 id = 196133
Warsaw	 id = 196134
Oslo	 id = 196135
Christiania	 id = 196136
sân bay quốc tế Washington Dulles	 id = 196137
sân bay quốc tế Los Angeles	 id = 196138
LAX	 id = 196139
sân bay quốc tế San Francisco	 id = 196140
sân bay quốc tế Dallas-Forth Worth	 id = 196141
sân bay Quốc tế Hồng Kông	 id = 196142
sân bay Quốc tế Hong Kong	 id = 196143
sân bay quốc tế Phố Đông-Thượng Hải	 id = 196144
sân bay Quốc tế Changi Singapore	 id = 196145
sân bay Quốc tế Suvarnabhumi	 id = 196146
sân bay Quốc tế Incheon	 id = 196147
sân bay Quốc tế Tokyo	 id = 196148
sân bay Quốc tế Pochentong	 id = 196149
sân bay Quốc tế Angkor	 id = 196150
sân bay quốc tế Wattay	 id = 196151
sân bay quốc tế Luang Prabang	 id = 196152
sân bay Savannakhet	 id = 196153
sân bay Pakse	 id = 196154
Yangon	 id = 196155
Bombay	 id = 195459
sân bay London Heathrow	 id = 196156
sân bay quốc tế Hartsfield-Jackson Atlanta	 id = 196157
Nairobi	 id = 196158
Vladivostok	 id = 196159
Phnôm Pênh	 id = 196160
Hải Sâm Uy	 id = 196161
sân bay Quốc tế Leonardo da Vinci	 id = 196162
Cáp Nhĩ Tân	 id = 196163
Libia	 id = 196164
Hồ Nam	 id = 196165
La Habana	 id = 196166
Cannes	 id = 196167
La Havana	 id = 196168
Toulouse	 id = 196169
Colosseo	 id = 196170
Zürich	 id = 196171
Puerto Rico	 id = 196172
Puectô Ricô	 id = 196173
Antananarivo	 id = 196174
Baku	 id = 196175
Czechoslovakia	 id = 196176
Vác-xa-va	 id = 196177
Harbin	 id = 196178
Siêm Riệp	 id = 196179
Rangoon	 id = 196180
Ngưỡng Quang	 id = 196181
sân bay Quốc tế Hat Yai	 id = 196182
Di hòa viên	 id = 195980
Di Hoà Viên	 id = 196183
Chiết Giang	 id = 196184
Giang Tây	 id = 196185
An Huy	 id = 196186
Phang Nga	 id = 196187
Triết Giang	 id = 196188
Quảng Đông	 id = 196189
Hắc Long Giang	 id = 196190
Thiểm Tây	 id = 196191
Cam Túc	 id = 196192
Cát Lâm	 id = 196193
Khu tự trị Tân Cương	 id = 196194
Khu tự trị dân tộc Duy Ngô Nhĩ Tân Cương	 id = 196195
Bayern	 id = 196196
Bavaria	 id = 196197
Liêu Ninh	 id = 196198
sân bay quốc tế Bạch Vân Quảng Châu	 id = 196199
sân bay Quốc tế Bạch Vân (Quảng Đông)	 id = 196200
Phật Sơn	 id = 196201
Phật San	 id = 196202
Bàn Môn Điếm	 id = 196203
Panmunjeom	 id = 196204
Hắc Long Giang (tỉnh)	 id = 196205
Tỉnh Hắc Long Giang	 id = 196206
Châu Giang (Trung Quốc)	 id = 196027
Việt Giang	 id = 196207
sân bay Quốc tế Charles de Gaule	 id = 196208
sân bay quốc tế Charles De Gaulle	 id = 196209
Moscou	 id = 196210
Angkor Thom	 id = 196211
Guam	 id = 196212
Guåhån	 id = 196213
Guahan	 id = 196214
Phlo-ri-đa	 id = 196215
sân bay Surat Thani	 id = 196216
sân bay Quốc tế Phuket	 id = 196217
sân bay Quốc tế Chiang Mai	 id = 196218
sân bay Quốc tế Udon Thani	 id = 196219
Cöln	 id = 196220
Oppidum ubiorum	 id = 196221
Zurich	 id = 196222
sân bay Quốc tế Bandaranaike	 id = 196223
Tanganyika và Zanzibar	 id = 196224
Havana	 id = 196225
Srilanka	 id = 196226
I-rơ-lan	 id = 196227
Bình-nhưỡng	 id = 196228
Đa-nuýp	 id = 196229
Gi-bu-ti	 id = 196230
Tan-da-ni-a	 id = 196231
Xoa-di-len	 id = 196232
Ghi-nê	 id = 196233
Guinea	 id = 196234
Xê-nê-gan	 id = 196235
Xi-ê-ra Lê-ôn	 id = 196236
Xao-tô-mê và Prin-xi-pê	 id = 196237
Giê-ru-da-lem	 id = 196238
La-mã	 id = 196239
Mát-scơ-va	 id = 196240
Muy-ních	 id = 196241
Nam-tư	 id = 196242
Răng-gun	 id = 196243
Răng Gun	 id = 196244
Xây-lan	 id = 196245
sân bay Quốc tế José Martí	 id = 196246
Bờ biển Ngà	 id = 195595
sân bay Quốc tế Kuching	 id = 196247
sân bay Quốc tế Kuala Lumpur	 id = 196248
sân bay Quốc tế Langkawi	 id = 196249
sân bay Quốc tế Penang	 id = 196250
sân bay Xu-oa-na-pum	 id = 196251
sân bay Quốc tế Bangkok Mới	 id = 196252
sân bay Quốc tế Suvarnabhumi Bangkok	 id = 196253
sân bay quốc tế Vu Gia Bá	 id = 196254
sân bay quốc tế Thủ Đô Bắc Kinh	 id = 196255
sân bay quốc tế Phượng Hoàng Tam Á	 id = 196256
sân bay quốc tế Macau	 id = 196257
sân bay quốc tế Thiên Hà Vũ Hán	 id = 196258
sân bay quốc tế Đào Viên Đài Loan	 id = 196259
sân bay quốc tế Vu Gia Bá Côn Minh	 id = 196260
sân bay quốc tế Vu Gia Bá-Côn Minh	 id = 196261
sân bay Quốc tế Phố Đông-Thượng Hải	 id = 196144
sân bay quốc tế Phố Đông Thượng Hải	 id = 196262
sân bay quốc tế Ma Cao	 id = 196263
Đặc khu hành chính Macau	 id = 196264
sân bay quốc tế Ninoy Aquino	 id = 196265
Ðông Nam Á	 id = 196266
sân bay quốc tế Francisco Bangoy	 id = 196267
sân bay Quốc tế Soekarno-Hatta	 id = 196268
sân bay quốc tế Cao Hùng	 id = 196269
Nam Xương	 id = 196270
Kurdistan	 id = 196271
Kênh đào Suê	 id = 196272
Napoli	 id = 183622
Brasilia	 id = 196273
Rio de Janeiro	 id = 196274
Parma	 id = 196275
Ulan Bator	 id = 196276
Istanbul	 id = 196277
Stonehenge	 id = 196278
sân bay Agra	 id = 196279
sân bay quốc tế Chennai	 id = 196280
sân bay quốc tế Indira Gandhi	 id = 196281
sân bay quốc tế Chhatrapati Shivaji	 id = 196282
sân bay quốc tế Yangon	 id = 196283
sân bay Chicago O'Hare	 id = 196284
sân bay quốc tế Frankfurt	 id = 196285
sân bay quốc tế Bangkok	 id = 196286
sân bay quốc tế Denver	 id = 196287
sân bay quốc tế Sabiha Gökçen	 id = 196288
sân bay Mae Hong Son	 id = 196289
sân bay Trang	 id = 196290
Sri Jayawardenepura Kotte	 id = 196291
sân bay quốc tế Madrid Barajas	 id = 196292
Lisboa	 id = 196293
sân bay quốc tế Bảo An Thâm Quyến	 id = 196294
Tây Đức	 id = 196295
Thác Victoria	 id = 196296
Bern	 id = 196297
Ôx-trây-lia	 id = 196298
sân bay Donquijote	 id = 196299
Dresden	 id = 196300
Cottbus	 id = 196301
Arizona (tiểu bang)	 id = 196302
Rostock	 id = 196303
Mainz	 id = 196304
Ru-an-da	 id = 196305
CHDCND Lào	 id = 196306
Vienne	 id = 196307
Metz	 id = 190642
sân bay Quốc tế U-Tapao	 id = 196308
Caen	 id = 196309
Nice	 id = 184768
Johannesburg	 id = 196310
Nancy	 id = 196311
Strasbourg	 id = 196312
Quần đảo Senkaku	 id = 196313
Auxerre	 id = 196314
Quần đảo Điếu Ngư Đài	 id = 196315
Tung Sơn	 id = 196316
Núi Tung	 id = 196317
Rennes	 id = 196318
South Pole	 id = 179830
Caracas	 id = 196319
Bogotá	 id = 196320
sân bay quốc tế Ministro Pistarini	 id = 196321
Vientiane	 id = 196322
Cực Nam Trái Đất	 id = 196323
Cực Bắc của Trái Đất	 id = 196324
Cực Bắc Trái Đất	 id = 196325
Bắc cực	 id = 195561
Chu Giang	 id = 196326
Biển Caspi	 id = 196327
Cộng Hòa Liên Bang Đức	 id = 195504
Lorient	 id = 196328
sân bay Samui	 id = 196329
sân bay quốc tế Chiang Rai	 id = 196330
Trân Châu Cảng	 id = 196331
sân bay quốc tế Napoli	 id = 196332
sân bay quốc tế Marco Polo	 id = 196333
sân bay quốc tế Toulouse Blagnac	 id = 196334
Trân Châu cảng	 id = 196331
sân bay quốc tế Honolulu	 id = 196335
Quần đảo Hawaii	 id = 196336
sân bay quốc tế Adisucipto	 id = 196337
sân bay Nakhon Phanom	 id = 196338
sân bay quốc tế Soekarno-Hatta	 id = 196268
Matxcova	 id = 196339
sân bay quốc tế Minangkabau	 id = 196340
sân bay quốc tế Husein Sastranegara	 id = 196341
sân bay quốc tế Polonia	 id = 196342
sân bay quốc tế Sultan Syarif Qasim II	 id = 196343
sân bay Fukushima	 id = 196344
sân bay Fukuoka	 id = 196345
sân bay Sendai	 id = 196346
sân bay Kobe	 id = 196347
sân bay Naha	 id = 196348
sân bay Noto	 id = 196349
Los Angeles International Airport	 id = 196350
sân bay Quốc tế Los Angeles	 id = 196138
sân bay Quốc tế Frankfurt	 id = 196285
sân bay Quốc tế Honolulu	 id = 196335
sân bay Quốc tế Washington Dulles	 id = 196137
sân bay quốc tế Chubu	 id = 196351
sân bay Kushiro	 id = 196352
Quần đảo Thổ Châu	 id = 196353
sân bay quốc tế Narita	 id = 196354
sân bay quốc tế Mandalay	 id = 196355
sân bay quốc tế Domodedovo	 id = 196356
sân bay quốc tế Irkutsk	 id = 196357
sân bay quốc tế Vladivostok	 id = 196358
sân bay quốc tế Kingsfort Smith	 id = 196359
Siem Reap	 id = 196360
sân bay Melbourne	 id = 196361
sân bay quốc tế Townsville	 id = 196362
sân bay quốc tế Adelaide	 id = 196363
sân bay quốc tế Osaka	 id = 196364
sân bay Hiroshima	 id = 196365
sân bay Niigata	 id = 196366
sân bay Buriram	 id = 196367
sân bay Trat	 id = 196368
sân bay Khon Kaen	 id = 196369
sân bay Đài Trung	 id = 196370
sân bay Tùng Sơn Đài Bắc	 id = 196371
sân bay Hoa Liên	 id = 196372
sân bay Đài Nam	 id = 196373
sân bay quốc tế Tokyo	 id = 196148
sân bay Quốc tế Narita	 id = 196354
sân bay quốc tế Canberra	 id = 196374
sân bay quốc tế Broome	 id = 196375
sân bay Sán Đầu	 id = 196376
sân bay Quang Châu	 id = 196377
sân bay Gwangju	 id = 196378
Trung Âu	 id = 196379
sân bay Chitose mới	 id = 196380
sân bay Akita	 id = 196381
sân bay quốc tế Brunei	 id = 196382
sân bay quốc tế Sunan	 id = 196383
sân bay Sandakan	 id = 196384
Bandar Seri Begawan	 id = 196385
sân bay Daegu	 id = 196386
sân bay quốc tế Gimhae	 id = 196387
sân bay quốc tế Yangyang	 id = 196388
sân bay quốc tế Gimpo	 id = 196389
sân bay quốc tế Tân Hải Thiên Tân	 id = 196390
sân bay quốc tế Lưỡng Giang Quế Lâm	 id = 196391
Nagasaki	 id = 196392
Giuseppe Meazza	 id = 196393
Quần đảo Ryukyu	 id = 196394
Siberia	 id = 196395
sân bay Meadows Field	 id = 196396
sân bay Bạch Mai	 id = 196397
Caribe	 id = 196398
Kyoto	 id = 196399
Bắc Ireland	 id = 196400
sân bay quốc tế Hato	 id = 196401
sân bay quốc tế Flamingo	 id = 196402
sân bay quốc tế Princess Juliana	 id = 196403
sân bay Jaime Gonzáles	 id = 196404
sân bay quốc tế Ignacio Agramonte	 id = 196405
sân bay Jaime González	 id = 196406
sân bay Frank Pais	 id = 196407
sân bay Frederic Chopin Warsaw	 id = 196408
sân bay quốc tế Saint-Exupéry	 id = 196409
sân bay Paris-Orly	 id = 196410
sân bay Renne-Saint-Jacques	 id = 196411
sân bay quốc tế Lvov	 id = 196412
sân bay Amsterdam Schiphol	 id = 196413
sân bay Stockholm-Västerås	 id = 196414
sân bay Stockholm-Arlanda	 id = 196415
sân bay Madeira	 id = 196416
Miyagi	 id = 196417
sân bay quốc tế Toronto Pearson	 id = 196418
sân bay quốc tế Ottawa/Mcdonald Cartier	 id = 196419
sân bay quốc tế Ottawa Mcdonald-Cartier	 id = 196420
sân bay quốc tế La Chinita	 id = 196421
sân bay quốc tế Simón Bolíva	 id = 196422
sân bay quốc tế Mataveri	 id = 196423
Stockholm	 id = 196424
Canberra	 id = 196425
sân bay Helsinki-Vantaa	 id = 196426
sân bay Oslo, Gardermoen	 id = 196427
sân bay quốc tế Senai	 id = 196428
sân bay Zürich	 id = 196429
sân bay Manchester	 id = 196430
Big Ben	 id = 196431
Cung điện Westminster	 id = 196432
Helsinki	 id = 196433
sân bay quốc tế Allama Iqbal	 id = 196434
sân bay quốc tế Islamabad	 id = 196435
Islamabad	 id = 196436
sân bay Haneda	 id = 196437
sân bay quốc tế Sihanoukville	 id = 196438
sân bay Ratanankiri	 id = 196439
sân bay Trạm Giang	 id = 196440
sân bay quốc tế Kota Kinabalu	 id = 196441
sân bay quốc kế Kota Kinabalu	 id = 196442
sân bay Sultan Ismail Petra	 id = 196443
Quần đảo Nam Du	 id = 196444
sân bay Tawau	 id = 196445
sân bay Sultan Abdul Halim	 id = 196446
sân bay Sultan Abdul Aziz Shah	 id = 196447
Thời cổ Hy Lạp	 id = 196448
Khu Di tích Chichén Itzá	 id = 196449
sân bay Mã Công	 id = 196450
sân bay Gia Nghĩa	 id = 196451
sân bay quốc tế Ngô Vu Nam Ninh	 id = 196452
sân bay quốc tế Chu Thủy Tử Đại Liên	 id = 196453
sân bay quốc tế Juanda	 id = 196454
sân bay quốc tế Ngurah Rai	 id = 196455
sân bay quốc tế Sepinggan	 id = 196456
sân bay quốc tế Adisumarmo	 id = 196457
sân bay Achmad Yani	 id = 196458
sân bay quốc tế Sheremetyevo	 id = 196459
sân bay quốc tế Koltsovo	 id = 196460
sân bay Pulkovo	 id = 196461
sân bay Biên Hoà	 id = 196462
sân bay Nha Trang	 id = 196463
sân bay Nà Sản	 id = 196464
sân bay Chu Lai	 id = 196465
Siberi	 id = 196466
Xibia	 id = 196467
sân bay Thành Sơn	 id = 196468
sân bay Phan Rang	 id = 196469
Kênh đào Xuy-ê	 id = 196470
sân bay quốc tế Auckland	 id = 196471
Riga	 id = 196472
sân bay quốc tế Wellington	 id = 196473
sân bay quốc tế Augusto Severo	 id = 196474
sân bay quốc tế Thành Cát Tư Hãn	 id = 196475
Thành phố Hà Nội	 id = 196476
sân bay Kharkhorin Sum	 id = 196477
sân bay quốc tế Cape Town	 id = 196478
sân bay quốc tế Dubai	 id = 196479
Quần đảo cây cọ	 id = 196480
sân bay quốc tế Trung tâm Thế giới Dubai	 id = 196481
sân bay quốc tế Presidente Nicolau Lobato	 id = 196482
Dili	 id = 196483
sân bay quốc tế Oakland	 id = 196484
sân bay quốc tế Baghdad	 id = 196485
sân bay quốc tế Imam Ali	 id = 196486
sân bay Miri	 id = 196487
sân bay quốc tế Quảng Ninh	 id = 196488
Volga	 id = 186443
sân bay quốc tế Geneva Cointrin	 id = 196489
sân bay quốc tế Doha	 id = 196490
Cực Bắc	 id = 196491
sân bay quốc tế Doha mới	 id = 196492
sân bay quốc tế Sam Ratulangi	 id = 196493
Phá Lăng Sa	 id = 196494
Carolina Nam	 id = 196495
Quần đảo Balears	 id = 196496
Quần đảo Balearic	 id = 196497
Quần đảo Balear	 id = 196498
Sochaux	 id = 196499
Machu Picchu	 id = 196500
sân bay Khatanga	 id = 196501
sân bay Pushkin	 id = 196502
Hà thành	 id = 192631
Tỉnh Quảng Đông	 id = 196503
Hồ Victoria	 id = 196504
Sông Mississippi	 id = 196505
Nam Âu	 id = 196506
Angko Vat	 id = 196507
Khu tự trị Duy Ngô Nhĩ Tân Cương	 id = 196508
Berne	 id = 196509
Shandong	 id = 196510
Cộng hòa Liên bang Nga	 id = 196511
Xi-bê-ri	 id = 196512
Luanda	 id = 196513
Montevideo	 id = 196514
Ankara	 id = 196515
Riyadh	 id = 196516
Guantánamo	 id = 196517
sân bay quốc tế Miami	 id = 196518
Thành phố Guantanamo	 id = 196519
Brasília	 id = 196520
Ai-Cập	 id = 195902
Guantanamo	 id = 196521
Khu tự trị người Duy Ngô Nhĩ tại Tân Cương	 id = 196522
Hanoi	 id = 196523
Teochew	 id = 196524
Pearl Harbor	 id = 196525
Cardiff	 id = 196526
Portsmouth	 id = 196527
Abu Dhabi	 id = 196528
Leeds	 id = 196529
Kabul	 id = 196530
Kathmandu	 id = 196531
Dhaka	 id = 196532
Southampton	 id = 196533
Leicester	 id = 196534
Middlesbrough	 id = 196535
Visakhapatnam	 id = 196536
Asmara	 id = 196537
sân bay Narathiwat	 id = 196538
Beirut	 id = 196539
sân bay quốc tế Beirut Rafic Hariri	 id = 196540
sân bay quốc tế Kuwait	 id = 196541
sân bay quốc tế Basrah	 id = 196542
sân bay quốc tế Erbil	 id = 196543
sân bay quốc tế Sulaimaniyah	 id = 196544
sân bay quốc tế Imam Khomeini	 id = 196545
sân bay quốc tế Cairo	 id = 196546
sân bay quốc tế John F. Kennedy	 id = 196547
Mogadishu	 id = 196548
Cộng hòa Macedonia	 id = 196549
Andorra	 id = 196550
Macedonia	 id = 188213
Cộng hòa Makêđônia	 id = 196551
Lăng mộ Taj Mahal	 id = 196552
Ma-xê-đô-ni-a	 id = 196553
Maxêđoni	 id = 196554
Makêđônia	 id = 196555
sân bay Yuzhny	 id = 196556
Vịnh Phang Nga	 id = 196557
Cộng hòa Dân chủ Đức	 id = 196558
Caribbe	 id = 196559
Ca ri bê	 id = 196560
Bosna-Hercegovina	 id = 196561
Bharat	 id = 196562
Mãn Châu	 id = 196563
Palais Bourbon	 id = 196564
CHDC Đức	 id = 196565
Hague	 id = 196566
sân bay Lampang	 id = 196567
sân bay Ubon Ratchathani	 id = 196568
Tung sơn	 id = 196316
sân bay quốc tế Birmingham (Mỹ)	 id = 196569
sân bay quốc tế Trường Lạc Phúc Châu	 id = 196570
sân bay quốc tế Chu Hải	 id = 196571
sân bay Kai Tak	 id = 196572
sân bay Khởi Đức	 id = 196573
Birmingham	 id = 196574
sân bay Mandurriao	 id = 196575
Sông Thames	 id = 196576
Kinshasa	 id = 196577
sân bay quốc tế Kinshasa	 id = 196578
sân bay quốc tế Bangoka	 id = 196579
sân bay quốc tế Goma	 id = 196580
N'Djamena	 id = 196581
Brazzaville	 id = 196582
sân bay Maya-Maya	 id = 196583
sân bay Pointe Noire	 id = 196584
sân bay quốc tế Antonio B. Won Pat	 id = 196585
sân bay Graz	 id = 196586
sân bay Ängelholm-Helsingborg	 id = 196587
sân bay Limbang	 id = 196588
sân bay Sultan Azlan Shah	 id = 196589
sân bay Batu Berendam	 id = 196590
sân bay quốc tế Portland	 id = 196591
sân bay quốc tế Rogue Valley Medford	 id = 196592
sân bay quốc tế Del Rio	 id = 196593
sân bay quốc tế Midland	 id = 196594
sân bay quốc tế Valley	 id = 196595
sân bay quốc tế Halim Perdanakusuma	 id = 196596
sân bay Hasanuddin	 id = 196597
sân bay Sultan Iskandarmuda	 id = 196598
sân bay Abraham Lincoln Capital	 id = 196599
Biển Caribbean	 id = 196600
Edinburgh	 id = 196601
sân bay quốc tế Mohamed Boudiaf	 id = 196602
sân bay Houari Boumedienne	 id = 196603
sân bay Oued Irara	 id = 196604
sân bay Soummam	 id = 196605
sân bay quốc tế Chlef	 id = 196606
sân bay Tamanrasset	 id = 196607
Dakar	 id = 196608
Abidjan	 id = 196609
sân bay Allahabad	 id = 196610
sân bay quốc tế Dr. Babasaheb Ambedkar	 id = 196611
Makedonia	 id = 196612
Quần đảo Bắc Mariana	 id = 196613
Quần đảo Mariana	 id = 196614
Perth	 id = 196615
sân bay quốc tế Rajiv Gandhi	 id = 196616
sân bay Begumpet	 id = 196617
Điện Bourbon	 id = 196618
Cung điện Bourbon	 id = 196619
Tòa nhà Quốc hội Pháp	 id = 196620
Tòa nhà quốc hội Pháp	 id = 196620
Quần đảo Thiên nga	 id = 196621
Swan Islands	 id = 196622
Quần đảo Swan	 id = 196623
Đặc khu hành chính Ma Cao	 id = 196624
sân bay quốc tế Glasgow	 id = 196625
sân bay Edinburgh	 id = 196626
Phi trường Edinburgh	 id = 196627
Phi trường quốc tế Glasgow	 id = 196628
Vạn lý Trường thành	 id = 195838
Colosseum	 id = 196629
RAEM	 id = 196630
sân bay quốc tế Congonhas-São Paulo	 id = 196631
sân bay quốc tế São Paulo-Guarulhos	 id = 196632
Copenhagen	 id = 196633
Düsseldorf	 id = 196634
Budapest	 id = 196635
Kopenhagen	 id = 196636
Buda-Pesth	 id = 196637
Lisbon	 id = 196638
Phi trường Heathrow London	 id = 196639
Quần đảo Lưu Cầu	 id = 196640
Bosnia và Herzegovina	 id = 196641
Phi trường quốc tế Portland	 id = 196642
Phi trường Quốc tế Portland	 id = 196642
Delhi	 id = 196643
Yangbay	 id = 196644
Helsingfors	 id = 196645
Tỉnh Hồ Bắc	 id = 196646
Tel Aviv	 id = 196647
Bắc Mariana	 id = 196648
Kinh đào Suez	 id = 196649
Bắc Phi	 id = 196650
Antigua và Barbuda	 id = 196651
Rô-ma	 id = 196652
Tây Phi	 id = 196653
sân bay quốc tế Hong Kong	 id = 196143
sân bay Quốc tế San Francisco	 id = 196140
sân bay Quốc tế Hartsfield-Jackson Atlanta	 id = 196157
sân bay Quốc tế Dallas-Forth Worth	 id = 196141
sân bay Quốc tế Luang Prabang	 id = 196152
sân bay Quốc tế Wattay	 id = 196151
Tây Sahara	 id = 196654
Cầu Kim Môn	 id = 196655
Côn Luân	 id = 196656
Caribbean	 id = 184024
Nga Mi	 id = 196657
Sông Lena	 id = 196658
Lena	 id = 196659
Ha Noi	 id = 196660
Rīga	 id = 196661
Nội Mông	 id = 196662
Nội Mông Cổ	 id = 196663
Sông Enisei	 id = 196664
Miyazaki	 id = 196665
Sông Angara	 id = 196666
Reykjavík	 id = 196667
Nou Camp	 id = 196668
các tiểu vương quốc ả rập thống nhất	 id = 196669
Hồng Công	 id = 196670
hợp chủng quốc hoa kỳ	 id = 196671
xứ sở mặt trời mọc	 id = 196672
xứ hoa anh đào	 id = 196673
Bắc Ailen	 id = 196674
cộng hòa ái nhĩ lan	 id = 196675
CH Ailen	 id = 196676
CH Ai len	 id = 196677
CH Ireland	 id = 196678
ixraen	 id = 196679
ixaren	 id = 196680
isarel	 id = 196681
Viễn Đông	 id = 196682
irắc	 id = 196683
xứ sở bạch dương	 id = 196684
canađa	 id = 196685
xu đăng	 id = 196686
xuđăng	 id = 196687
xuđan	 id = 196688
cộng hòa sudan	 id = 196689
Niu Yoóc	 id = 196690
xinhgapo	 id = 196691
Dublin	 id = 196692
biển Đông	 id = 196693
lúc-xăm-bua	 id = 196694
lúcxămbua	 id = 196695
lucxămbua	 id = 196696
lucxembua	 id = 196697
luxembua	 id = 196698
Blackburn	 id = 196699
đập Tam Hiệp	 id = 196700
xứ sở kim chi	 id = 196701
xứ sở anh đào	 id = 196702
Sampdoria	 id = 196703
xin-ga-po	 id = 196704
chilê	 id = 196705
angôla	 id = 196706
áp-ga-ni-xtan	 id = 196707
pakixtan	 id = 196708
điện elysée	 id = 196709
điện elyseé	 id = 196710
inđônêxia	 id = 196711
Phúc Kiến	 id = 196712
vùng Vịnh	 id = 196713
Vùng Vịnh	 id = 196713
Benin	 id = 196714
Cộng hòa Benin	 id = 196715
CH Benin	 id = 196716
Bê-nanh	 id = 195585
Bê nanh	 id = 196717
đảo síp	 id = 196718
Bosnia	 id = 196719
Kosovo	 id = 196720
thánh địa mecca	 id = 196721
Biển Đông	 id = 196693
Biển Đỏ	 id = 196722
biển Đỏ	 id = 196722
hồ chad	 id = 196723
sông đa nuýp	 id = 196724
sông đanuýp	 id = 196725
sông danube	 id = 196726
Anh quốc	 id = 192576
mỹ la tinh	 id = 196727
mỹ latinh	 id = 196728
mỹ latin	 id = 196729
sa mạc Sahara	 id = 196730
lục địa đen	 id = 196731
Campuchia	 id = 196732
căm pu chia	 id = 196733
cam pu chia	 id = 196734
Italy	 id = 196735
đảo quốc sư tử	 id = 196736
quốc đảo sư tử	 id = 196737
Cleveland	 id = 191993
Baltic	 id = 196738
bantích	 id = 196739
bantich	 id = 196740
phố wall	 id = 196741
cộng hòa kenya	 id = 196742
CH Kenya	 id = 196743
xứ Catalan	 id = 196744
Catalan	 id = 196745
Sunderland	 id = 196746
cộng hòa nhân dân Trung Hoa	 id = 196747
CHND Trung Hoa	 id = 196748
Luzhniki	 id = 196749
Ba Tư	 id = 196750
đông nam châu á	 id = 196751
Bolton	 id = 196752
xứ bạch dương	 id = 196753
sông nile	 id = 196754
morocco	 id = 196755
algeria	 id = 196756
Broadway	 id = 182888
Kurd	 id = 196757
Tamil	 id = 196758
Việt Nam	 id = 192572
Tây Ban Nha	 id = 195367
Bồ Đào Nha	 id = 195369
Ga-da	 id = 196759
i xra en	 id = 196760
pa le xtin	 id = 196761
xứ kim chi	 id = 196762
xứ sở samba	 id = 196763
xứ samba	 id = 196764
mát xcơ va	 id = 196765
brussel	 id = 196766
Merseyside	 id = 196767
Santiago Bernabéu	 id = 196768
bernabeu	 id = 196769
Fulham	 id = 196770
Olimpico	 id = 196771
Lens	 id = 196772
Valenciennes	 id = 196773
Catania	 id = 196774
TRUNG QUỐC	 id = 192573
Siena	 id = 196775
Livorno	 id = 196776
Almeria	 id = 196777
Duisburg	 id = 196778
Nuremberg	 id = 195438
Wolfsburg	 id = 196779
Soren Larsen	 id = 196780
Joachim Löw	 id = 196781
Joachim Loew	 id = 196782
Sicilia	 id = 196783
Sicile	 id = 196784
đất nước nhân sâm	 id = 196785
quốc gia nhân sâm	 id = 196786
xứ sở nhân sâm	 id = 196787
Lepzig	 id = 196788
Damascus	 id = 196789
Xứ Gan	 id = 196790
Xứ Uên	 id = 196791
Trinidad Tobago	 id = 196792
cộng hòa tchad	 id = 196793
cộng hòa chad	 id = 196794
Ulaanbaatar	 id = 196795
Oulan Bator	 id = 196796
Mat xcơ va	 id = 196797
Abuja	 id = 196798
Accra	 id = 196799
Adamstown	 id = 196800
Addis Ababa	 id = 196801
Algiers	 id = 196802
Alofi	 id = 196803
Amman	 id = 196804
Andorra la Vella	 id = 196805
Apia	 id = 196806
Ashgabat	 id = 196807
Astana	 id = 196808
Asunción	 id = 196809
Athena	 id = 187651
Avarua	 id = 196810
Bamako	 id = 196811
Bangui	 id = 196812
Banjul	 id = 196813
Basseterre	 id = 196814
Belgrade	 id = 196815
Belmopan	 id = 196816
Bishkek	 id = 196817
Bissau	 id = 196818
Bloemfontein	 id = 196819
Bratislava	 id = 196820
Bridgetown	 id = 196821
Bucharest	 id = 196822
Bujumbura	 id = 196823
Castries	 id = 196824
Charlotte Amalie	 id = 196825
Chişinău	 id = 196826
Cockburn Town	 id = 196827
Conakry	 id = 196828
Cotonou	 id = 196829
Dar es Salaam	 id = 196830
Dodoma	 id = 196831
Douglas	 id = 196832
Dushanbe	 id = 196833
Freetown	 id = 196834
Funafuti	 id = 196835
Gaborone	 id = 196836
George Town	 id = 196837
Gibraltar	 id = 196838
Grytviken	 id = 196839
Hagåtña	 id = 196840
Harare	 id = 196841
Hargeisa	 id = 196842
Honiara	 id = 196843
Jamestown	 id = 196844
Kampala	 id = 196845
Khartoum	 id = 196846
Kigali	 id = 196847
Kingstown	 id = 196848
La Paz	 id = 196849
Libreville	 id = 196850
Lilongwe	 id = 196851
Ljubljana	 id = 196852
Lobamba	 id = 196853
Lomé	 id = 196854
Lusaka	 id = 196855
Majuro	 id = 196856
Malabo	 id = 196857
Malé	 id = 196858
Mamoudzou	 id = 196859
Managua	 id = 196860
Manama	 id = 196861
Maputo	 id = 196862
Maseru	 id = 196863
Mata-Utu	 id = 196864
Mbabane	 id = 196865
Melekeok	 id = 196866
Monrovia	 id = 196867
Moroni	 id = 196868
Muscat	 id = 196869
Nassau	 id = 196870
Naypyidaw	 id = 196871
Niamey	 id = 196872
Nicosia	 id = 196873
Nouakchott	 id = 196874
Nouméa	 id = 196875
Nuku'alofa	 id = 196876
Nuuk	 id = 196877
Oranjestad	 id = 196878
Pago Pago	 id = 196879
Palikir	 id = 196880
Papeete	 id = 196881
Paramaribo	 id = 196882
Plymouth	 id = 196883
Podgorica	 id = 196884
Port Louis	 id = 196885
Port Moresby	 id = 196886
Port Vila	 id = 196887
Port of Spain	 id = 196888
Porto-Novo	 id = 196889
Praia	 id = 196890
Pretoria	 id = 196891
Putrajaya	 id = 196892
Quito	 id = 196893
Rabat	 id = 196894
Roseau	 id = 196895
Saipan	 id = 196896
San José	 id = 196897
San Juan	 id = 196898
San Salvador	 id = 196899
Sanaá	 id = 196900
Santiago	 id = 196901
Santo Domingo	 id = 196902
São Tomé	 id = 196903
Sarajevo	 id = 196904
The Settlement	 id = 196905
Skopje	 id = 196906
Sofia	 id = 183771
Nam Tarawa	 id = 196907
St. George's	 id = 196908
St. Helier	 id = 196909
St. John's	 id = 196910
St. Peter Port	 id = 196911
St. Pierre	 id = 196912
Stanley	 id = 185832
Suva	 id = 196913
Tallinn	 id = 196914
Tegucigalpa	 id = 196915
Thimphu	 id = 196916
Tirana	 id = 196917
Tiraspol	 id = 196918
Tórshavn	 id = 196919
Tripoli	 id = 196920
Tunis	 id = 196921
Vaduz	 id = 196922
Valletta	 id = 196923
The Valley	 id = 196924
Vilnius	 id = 196925
West Island	 id = 196926
Willemstad	 id = 196927
Windhoek	 id = 196928
Yamoussoukro	 id = 196929
Yaoundé	 id = 196930
Yaren	 id = 196931
Yerevan	 id = 196932
Zagreb	 id = 196933
St Pierre	 id = 196934
St Peter Port	 id = 196935
St John s	 id = 196936
St Helier	 id = 196937
St George s	 id = 196938
Porto Novo	 id = 196939
Mata Utu	 id = 196940
N Djamena	 id = 196941
Port au Prince	 id = 196942
Abkhazia	 id = 196943
Giooc đa ni	 id = 196944
Cư rơ gư xtan	 id = 196945
Libăng	 id = 195518
Li băng	 id = 196946
Xcốtlen	 id = 196947
Tô Cách Lan	 id = 196948
Xờ cốt len	 id = 196949
Vênêzuêla	 id = 196950
Zimbabuê	 id = 196951
Micronesia	 id = 196952
Nagorno-Karabakh	 id = 196953
Nam Osetia	 id = 196954
Palau	 id = 196955
Saint Kitts và Nevis	 id = 196956
Saint Lucia	 id = 196957
Saint Vincent và Grenadines	 id = 196958
Samoa	 id = 196959
Seychelles	 id = 196960
Solomon	 id = 196961
Somaliland	 id = 196962
Transnistria	 id = 196963
Tuvalu	 id = 196964
quần đảo Trường Sa	 id = 195670
quần đảo Canaria	 id = 195727
quần đảo Canary	 id = 195728
quần đảo Sandwich	 id = 195789
quần đảo Galápagos	 id = 196074
đảo Galápagos	 id = 196075
quần đảo Galapagos	 id = 196076
đảo Galapagos	 id = 196965
quần đảo Nansei	 id = 196082
quần đảo Ryukyu	 id = 196394
quần đảo Senkaku	 id = 196313
quần đảo Điếu Ngư Đài	 id = 196315
quần đảo Hawaii	 id = 196336
quần đảo Nam Du	 id = 196444
quần đảo Thổ Châu	 id = 196353
quần đảo cây cọ	 id = 196480
quần đảo Balears	 id = 196496
quần đảo Balear	 id = 196498
quần đảo Balearic	 id = 196497
quần đảo Bắc Mariana	 id = 196613
quần đảo Mariana	 id = 196614
quần đảo Lưu Cầu	 id = 196640
quần đảo Thiên nga	 id = 196621
quần đảo Swan	 id = 196623
quần đảo faroe	 id = 196966
Faroe	 id = 196967
sông Thames	 id = 196576
Saint Étienne	 id = 196968
St Etienne	 id = 196969
Saint Etienne	 id = 196970
Modena	 id = 183664
Jeju	 id = 196971
Mônacô	 id = 196972
Osaka	 id = 182298
Disneyland	 id = 196973
Vê-nê-xu-ê-la	 id = 196974
mianma	 id = 196975
La Ha-ba-na	 id = 196976
Cô-lôm-bi-a	 id = 196977
la ha ba na	 id = 196978
xứ sở hoa anh đào	 id = 196979
xứ mặt trời mọc	 id = 196980
đất nước mặt trời mọc	 id = 196981
đền Taj Mahal	 id = 196982
látvia	 id = 196983
thác Victoria	 id = 196296
Chân Trâu Cảng	 id = 196984
thành troy	 id = 196985
tháp Eiffel	 id = 195732
Bulgari	 id = 181681
San Diego	 id = 196986
phi líp pin	 id = 196987
đất nước chùa tháp	 id = 196988
Phnom Pênh	 id = 196989
Siem Riep	 id = 196990
nauy	 id = 196991
Helsingborg	 id = 196992
Bulgary	 id = 196993
xứ nhân sâm	 id = 196994
I-ta-li-a	 id = 196995
áp ga ni xtan	 id = 196996
ô-xtrây-li-a	 id = 196997
ô xtrây li a	 id = 196998
bêlarút	 id = 196999
ốt-xtrây-li-a	 id = 197000
ốt xtrây li a	 id = 197001
xin ga po	 id = 197002
CHXHCN VN	 id = 197003
mozambic	 id = 197004
Bethlehem	 id = 197005
côoét	 id = 197006
cô oét	 id = 197007
kô oét	 id = 197008
hunggari	 id = 197009
cung điện potala	 id = 197010
cung potala	 id = 197011
cộng hòa síp	 id = 197012
cộng hòa cyprus	 id = 197013
cộng hoà kypros	 id = 197014
teheran	 id = 197015
philippin	 id = 197016
Pêru	 id = 197017
quận Cam	 id = 195672
ảrập	 id = 197018
Abu Ghraib	 id = 197019
nhà tù abu ghraib	 id = 197020
cung điện westminster	 id = 196432
trụ sở quốc hội hoa kỳ	 id = 197021
tòa nhà quốc hội mỹ	 id = 197022
tòa nhà quốc hội hoa kỳ	 id = 197023
điện capitol	 id = 197024
điện capitơn	 id = 197025
nhà quốc hội mỹ	 id = 197026
trụ sở quốc hội mỹ	 id = 197027
Áchentina	 id = 197028
Ác hen ti na	 id = 197029
Ấn độ	 id = 195563
chô mô lung ma	 id = 197030
đỉnh núi everest	 id = 197031
đỉnh everest	 id = 197032
ngọn everest	 id = 197033
núi everest	 id = 197034
sân bay heathrow	 id = 197035
sân bay heathrow london	 id = 197036
Heathrow	 id = 197037
sân vận động wembley	 id = 197038
sân wembley	 id = 197039
thánh địa wembley	 id = 197040
Wembley	 id = 197041
SVĐ Wembley	 id = 197042
St James's Park	 id = 197043
St James s Park	 id = 197044
st james park	 id = 197045
Pê-ru	 id = 197046
Chi-lê	 id = 197047
Mont Blanc	 id = 179513
Sungnyemun	 id = 197048
Namdaemun	 id = 197049
Sùng Lễ Môn	 id = 197050
New South Wales	 id = 197051
arập	 id = 197052
arập xêút	 id = 197053
tiểu vương quốc arập thống nhất	 id = 197054
arập saudi	 id = 197055
Miến Điện	 id = 197056
miến điện	 id = 197056
các tiểu vương quốc arập	 id = 197057
các tiểu vương quốc ả rập	 id = 197058
mêhicô	 id = 197059
mêxicô	 id = 197060
pa-ki-xtan	 id = 197061
pa ki xtan	 id = 197062
bru nây	 id = 197063
Gottlieb-Daimler	 id = 197064
Gottlieb Daimler	 id = 197065
sân bay quốc tế john f kennedy	 id = 197066
sân bay quốc tế kennedy	 id = 197067
sân bay kennedy	 id = 197068
sân bay quốc tế john kennedy	 id = 197069
sân bay quốc tế j f kennedy	 id = 197070
sân bay j f kennedy	 id = 197071
Trinidad	 id = 197072
trung tâm vũ trụ kennedy	 id = 197073
sân bay jfk	 id = 197074
trung tâm không gian kennedy	 id = 197075
sông seine	 id = 197076
sông Xen	 id = 197077
Sông Xen	 id = 197077
nhà hát kodak	 id = 197078
đấu trường colosseum	 id = 197079
đấu trường côlidê	 id = 197080
đấu trường la mã	 id = 197081
tháp nghiêng piza	 id = 197082
tháp nghiêng pisa	 id = 196117
tòa thánh vatican	 id = 197083
u crai na	 id = 197084
lăng lê nin	 id = 197085
lăng lênin	 id = 197086
lăng lenin	 id = 195999
lăng le nin	 id = 197087
st petersburg	 id = 197088
bắc ai len	 id = 197089
White Hart Lane	 id = 197090
SVĐ White Hart Lane	 id = 197091
Manhattan	 id = 180860
nhà hát opera sydney	 id = 197092
Sydney Opera House	 id = 197093
Opera Sydney	 id = 197094
nhà hát sydney	 id = 197095
Bologna	 id = 197096
cô xô vô	 id = 197097
côxôvô	 id = 197098
xécbia	 id = 197099
xéc bi a	 id = 197100
xít ni	 id = 197101
êcuađo	 id = 197102
êcuado	 id = 197103
Oakland	 id = 197104
ki ô tô	 id = 197105
Hi Lạp	 id = 197106
nước Anh	 id = 195674
ma rốc	 id = 197107
Tôgô	 id = 197108
Aicập	 id = 197109
Baranh	 id = 197110
Băng-cốc	 id = 197111
Băng Cốc	 id = 197112
Thái-lan	 id = 197113
Bốtxoana	 id = 197114
Môdămbích	 id = 197115
Lêxôthô	 id = 197116
Zimbabue	 id = 197117
Dămbia	 id = 197118
Palextin	 id = 197119
cămpuchia	 id = 197120
Gioócđani	 id = 197121
gioóc đa ni	 id = 197122
joocđani	 id = 197123
San Antonio	 id = 197124
Brunây	 id = 197125
angiêri	 id = 197126
An giê ri	 id = 197127
An-giê	 id = 197128
jordani	 id = 197129
Li-băng	 id = 197130
Libêria	 id = 197131
Gana	 id = 197132
Vênêxuêla	 id = 197133
Dallas	 id = 197134
trung cận đông	 id = 195568
Joachim Low	 id = 197135
Antigua	 id = 197136
Reykjavik	 id = 197137
Phi châu	 id = 197138
Phi Châu	 id = 197138
St Vincent	 id = 197139
Saint Vincent	 id = 197140
Nam Ossetia	 id = 197141
Bắc Ossetia	 id = 197142
Chi Lê	 id = 197143
Jămbia	 id = 197144
đảo java	 id = 197145
băng la đét	 id = 197146
Môn đô va	 id = 197147
Mônđôva	 id = 197148
Ô xa ca	 id = 197149
Séc	 id = 197150
oasinhtơn	 id = 197151
bucarét	 id = 197152
bucarest	 id = 197153
ápganixtan	 id = 197154
Darfur	 id = 197155
béc lin	 id = 197156
ốtxtrâylia	 id = 197157
kênh đào suez	 id = 195962
kênh Suez	 id = 196123
kênh đào Suê	 id = 196272
bê la rút	 id = 197158
Bun ga ri	 id = 197159
Bosnia Herzegovina	 id = 197160
Bôxnia Hécxêgôvina	 id = 197161
tiểu vùng Mê Công	 id = 197162
tiểu vùng mê kông	 id = 197163
tiểu vùng mê công	 id = 197162
niu di lân	 id = 197164
newzeland	 id = 197165
niu dilân	 id = 197166
tiểu vùng sông mekong	 id = 197167
tiểu vùng sông mê công	 id = 197168
tiểu vùng sông mêcông	 id = 197169
tiểu vùng mekong	 id = 197170
ăng gô la	 id = 197171
ănggôla	 id = 197172
an gô la	 id = 197173
thiếu lâm tự	 id = 195960
Mô dăm bích	 id = 197174
Bôlivia	 id = 197175
Cu Ba	 id = 197176
can na đa	 id = 197177
Dimbabuê	 id = 197178
hồ Victoria	 id = 196504
vườn treo babylon	 id = 197179
vườn treo babylone	 id = 197180
Bronx	 id = 197181
Ca-ta	 id = 197182
oa sinh tơn	 id = 197183
Ru-ma-ni	 id = 197184
Bu-ca-rét	 id = 197185
kê ni a	 id = 197186
kênia	 id = 197187
lăng mộ Tần Thủy Hoàng	 id = 196092
lăng Tần Thủy Hoàng	 id = 196093
Bằng Tường	 id = 197188
băngcốc	 id = 197189
quảng trường thời đại	 id = 197190
Xlôvênia	 id = 197191
Adécbaigian	 id = 197192
Tuốcmênixtan	 id = 197193
Monte Carlo	 id = 197194
Antwerp	 id = 197195
Mönchengladbach	 id = 197196
Monchengladbach	 id = 197197
xứ hàn	 id = 197198
Kirghizistan	 id = 197199
Kyrgystan	 id = 197200
Edinburg	 id = 197201
Ca-na-đa	 id = 197202
Xtốckhôm	 id = 197203
Xích Bích	 id = 197204
cộng hòa dominicana	 id = 197205
cộng hòa dominican	 id = 197206
cộng hòa đôminicana	 id = 197207
cộng hòa dominica	 id = 197208
cộng hòa đô-mi-ni-ca	 id = 197209
Đôminicana	 id = 197210
Basel	 id = 197211
xứ sở hoa tulip	 id = 197212
xứ sở hoa tuy lip	 id = 197213
xứ sở hoa tuylip	 id = 197214
xứ sở hoa tu líp	 id = 197215
Montreál	 id = 197216
Loew	 id = 197217
xứ sở mì ống	 id = 197218
xứ sở mỳ ống	 id = 197219
xứ mỳ ống	 id = 197220
xứ mì ống	 id = 197221
xứ bò tót	 id = 197222
goa tê ma la	 id = 197223
trung tâm thương mại thế giới	 id = 197224
Santa Barbara	 id = 197225
BĐN	 id = 197226
TNK	 id = 185838
thổ nhĩ kì	 id = 197227
I-ran	 id = 197228
tê hê ran	 id = 197229
Miami	 id = 197230
Nashville	 id = 197231
philippine	 id = 197232
Astrakhan	 id = 191775
sông volga	 id = 195928
parc des princes	 id = 197233
công viên các hoàng tử	 id = 197234
đảo guam	 id = 197235
băngla đét	 id = 197236
bănglađét	 id = 197237
Iănggun	 id = 197238
Iangun	 id = 197239
vạn lý trường thành	 id = 195838
Gru di a	 id = 197240
nam ô xê ti a	 id = 197241
tbi li xi	 id = 197242
Tskhinvali	 id = 197243
xkhin va li	 id = 197244
bắc ô xê ti a	 id = 197245
Hull	 id = 197246
yorkshire	 id = 197247
áp kha di a	 id = 197248
ca dắc xtan	 id = 197249
u dơ bê ki xtan	 id = 197250
tátgikixtan	 id = 197251
tát gi ki xtan	 id = 197252
tuốc mê ni xtan	 id = 197253
tuôcmênixtan	 id = 197254
westminster	 id = 184734
thailand	 id = 197255
Dusseldorf	 id = 197256
Darwin	 id = 197257
Preah Vihear	 id = 197258
đền preah vihear	 id = 197259
Preach Vihear	 id = 197260
đền preach vihear	 id = 197261
JJB	 id = 197262
Chukotka	 id = 197263
brasil	 id = 197264
vương quốc anh	 id = 197265
Anh Cát Lợi	 id = 197266
ni-giê-ri-a	 id = 197267
ni giê ri a	 id = 197268
wall street	 id = 181065
kaiserslautern	 id = 197269
công gô	 id = 197270
ê cu a đo	 id = 197271
quận cam	 id = 195672
quận orange	 id = 197272
quận orangiơ	 id = 197273
haiiti	 id = 197274
Balan	 id = 197275
Ba lan	 id = 195587
Lincolnshire	 id = 197276
Đại Lý	 id = 197277
ngọc long tuyết sơn	 id = 197278
savannakhet	 id = 197279
dãy núi himalaya	 id = 197280
dãy himalaya	 id = 197281
dãy hy mã lạp sơn	 id = 197282
rajamangala	 id = 197283
mạc tư khoa	 id = 197284
Xri Lanca	 id = 197285
cầu cổng vàng	 id = 195876
Golden Gate Bridge	 id = 197286
kim tự tháp giza	 id = 197287
Chichen Itza	 id = 197288
tháp giza	 id = 197289
Liban	 id = 195619
tô ky ô	 id = 197290
Davos	 id = 197291
Tasmania	 id = 197292
Cửu Trại Câu	 id = 197293
nhà hát bolshoi	 id = 197294
Angkor	 id = 197295
Kaliningrad	 id = 197296
Argentine	 id = 197297
Serbi	 id = 197298
Palm Beach	 id = 197299
Naples	 id = 197300
Normandy	 id = 197301
Normandie	 id = 197302
sepang	 id = 197303
The Kop	 id = 197304
Irvine	 id = 197305
Essex	 id = 187806
L'Aquila	 id = 197306
L Aquila	 id = 197307
pạt tay a	 id = 197308
nhà hát của những giấc mơ	 id = 197309
ảrập xê út	 id = 197310
cộng hòa dcnd lào	 id = 197311
viêngchăn	 id = 197312
Viên Chăn	 id = 197313
Viên chăn	 id = 197313
Upton Park	 id = 197314
tô ki ô	 id = 197315
virgin islands	 id = 197316
himalayas	 id = 197317
vịnh phang nga	 id = 196557
kinabalu	 id = 197318
kinabaru	 id = 197319
chomolungma	 id = 197320
Island Peak	 id = 197321
Sardinia	 id = 197322
la maddalena	 id = 197323
đảo corse	 id = 197324
Alkmaar	 id = 197325
Jordanie	 id = 197326
biển chết	 id = 195764
Pétra	 id = 197327
biển caspi	 id = 196327
biển caxpi	 id = 197328
biển caspia	 id = 197329
biển caspian	 id = 197330
goan-ta-na-mô	 id = 197331
guan-ta-na-mô	 id = 197332
Malibu	 id = 191423
ôn-đu-rát	 id = 197333
ônđurát	 id = 197334
Neverland Ranch	 id = 197335
Oxfordshire	 id = 197336
Wiltshire	 id = 197337
Ürümqi	 id = 197338
Urumqi	 id = 197339
Urumchi	 id = 197340
Ô Lỗ Mộc Tề	 id = 197341
cộng hòa a rập ai cập	 id = 197342
bô-li-vi-a	 id = 197343
vịnh mexico	 id = 197344
Inonu	 id = 197345
Bắc Á	 id = 197346
phillipines	 id = 197347
phillippines	 id = 197348
Timor Leste	 id = 197349
bán đảo iberia	 id = 197350
Martinique	 id = 197351
Afganistan	 id = 197352
Giang Nam	 id = 197353
Kalimantan	 id = 197354
Santa Clara	 id = 197355
Granada	 id = 197356
Alhambra	 id = 197357
Tam Sa	 id = 197358
Tây Sa	 id = 189831
China	 id = 197359
st peterburg	 id = 197360
Bắc Caucasus	 id = 197361
Caucasus	 id = 197362
hawai	 id = 197363
nước tiểu vùng mê công	 id = 197364
nước tiểu vùng mê kông	 id = 197365
bắc cápcadơ	 id = 197366
cápcadơ	 id = 197367
kavkaz	 id = 197368
bắc kavkaz	 id = 197369
belfast	 id = 197370
swansea	 id = 197371
Royal Albert	 id = 197372
sông hoàng hà	 id = 197373
sông dương tử	 id = 195687
sông trường giang	 id = 195774
Ninh Chữ	 id = 197374
Smolensk	 id = 197375
đập tam hiệp	 id = 196700
xứ đài	 id = 197376
Oberhausen	 id = 197377
Bellagio	 id = 180933
hongkong	 id = 197378
Savanakhet	 id = 197379
Genève	 id = 197380
Geneve	 id = 182305
cộng hoà dân chủ đức	 id = 197381
Đường Sơn	 id = 197382
Brooklyn	 id = 197383
yeonpyeong	 id = 197384
st barts	 id = 197385
Saint Barthélemy	 id = 197386
bắc thăng long	 id = 197387
chùa tảo sách	 id = 197388
chùa linh sơn tự	 id = 197389
Domodedovo	 id = 197390
Stavropol	 id = 197391
cộng hòa dagestan	 id = 197392
Dagestan	 id = 197393
cộng hòa chechnya	 id = 197394
Bảo Chi Lâm	 id = 197395
Goodison Park	 id = 197396
las vegas sands	 id = 197397
marina bay sands	 id = 197398
resorts world sentosa	 id = 197399
Fukushima	 id = 197400
Sakhalin	 id = 197401
rikuzentakata	 id = 197402
minamisanriku	 id = 197403
Ojika	 id = 197404
Orlando	 id = 197405
onagawa	 id = 197406
cote d ivoire	 id = 197407
côte d ivoire	 id = 197408
bückeburg	 id = 197409
Buckeburg	 id = 197410
Bueckeburg	 id = 197411
đập xayaburi	 id = 197412
xayaburi	 id = 197413
sayabouri	 id = 197414
tu viện westminster	 id = 197415
cung điện buckingham	 id = 197416
đại lộ the mall	 id = 197417
điện buckingham	 id = 197418
MGM Grand	 id = 197419
santorini	 id = 197420
eo biển đài loan	 id = 197421
hàm cốc quan	 id = 197422
ô sa ca	 id = 197423
british virgin island	 id = 197424
virgin island	 id = 197425
mandalay bay	 id = 197426
utoeya	 id = 197427
chùa thiếu lâm	 id = 197428
