Cần Thơ	subtype=City of Vietnam	 id = 192515
Đà Nẵng	subtype=City of Vietnam	 id = 191875
Hải Phòng	subtype=City of Vietnam	 id = 192516
Hà Nội	subtype=City of Vietnam	 id = 192517
Hồ Chí Minh	subtype=City of Vietnam	 id = 192518
Bạc Liêu	subtype=City of Vietnam	 id = 192519
Bảo Lộc	subtype=City of Vietnam	 id = 192520
Bắc Giang	subtype=City of Vietnam	 id = 192521
Bắc Ninh	subtype=City of Vietnam	 id = 192522
Biên Hòa	subtype=City of Vietnam	 id = 192523
Bến Tre	subtype=City of Vietnam	 id = 192524
Buôn Ma Thuột	subtype=City of Vietnam	 id = 192525
Cà Mau	subtype=City of Vietnam	 id = 192526
Cao Lãnh	subtype=City of Vietnam	 id = 192527
Cam Ranh	subtype=City of Vietnam	 id = 192528
Đà Lạt	subtype=City of Vietnam	 id = 192529
Điện Biên Phủ	subtype=City of Vietnam	 id = 192530
Đông Hà	subtype=City of Vietnam	 id = 192531
Đồng Hới	subtype=City of Vietnam	 id = 192532
Hà Giang	subtype=City of Vietnam	 id = 192533
Hà Tĩnh	subtype=City of Vietnam	 id = 192534
Hạ Long	subtype=City of Vietnam	 id = 192535
Hải Dương	subtype=City of Vietnam	 id = 192536
Hòa Bình	subtype=City of Vietnam	 id = 192537
Hội An	subtype=City of Vietnam	 id = 192538
Huế	subtype=City of Vietnam	 id = 192539
Hưng Yên	subtype=City of Vietnam	 id = 192540
Kon Tum	subtype=City of Vietnam	 id = 192541
Lạng Sơn	subtype=City of Vietnam	 id = 192542
Lào Cai	subtype=City of Vietnam	 id = 192543
Long Xuyên	subtype=City of Vietnam	 id = 192544
Móng Cái	subtype=City of Vietnam	 id = 192545
Mỹ Tho	subtype=City of Vietnam	 id = 192546
Nam Định	subtype=City of Vietnam	 id = 192547
Ninh Bình	subtype=City of Vietnam	 id = 192548
Nha Trang	subtype=City of Vietnam	 id = 191872
Phan Rang-Tháp Chàm	subtype=City of Vietnam	 id = 192549
Phan Thiết	subtype=City of Vietnam	 id = 192550
Phủ Lý	subtype=City of Vietnam	 id = 192551
Pleiku	subtype=City of Vietnam	 id = 192552
Quảng Ngãi	subtype=City of Vietnam	 id = 192553
Quy Nhơn	subtype=City of Vietnam	 id = 192554
Rạch Giá	subtype=City of Vietnam	 id = 192555
Sóc Trăng	subtype=City of Vietnam	 id = 191843
Sơn La	subtype=City of Vietnam	 id = 192556
Tam Kỳ	subtype=City of Vietnam	 id = 192557
Tân An	subtype=City of Vietnam	 id = 192558
Thái Bình	subtype=City of Vietnam	 id = 192559
Thái Nguyên	subtype=City of Vietnam	 id = 191310
Thanh Hóa	subtype=City of Vietnam	 id = 192560
Trà Vinh	subtype=City of Vietnam	 id = 192561
Tuy Hòa	subtype=City of Vietnam	 id = 192562
Tuyên Quang	subtype=City of Vietnam	 id = 192563
Uông Bí	subtype=City of Vietnam	 id = 192564
Vị Thanh	subtype=City of Vietnam	 id = 192565
Việt Trì	subtype=City of Vietnam	 id = 187009
Vinh	subtype=City of Vietnam	 id = 192566
Vĩnh Long	subtype=City of Vietnam	 id = 192567
Vĩnh Yên	subtype=City of Vietnam	 id = 192568
Vũng Tàu	subtype=City of Vietnam	 id = 192569
Yên Bái	subtype=City of Vietnam	 id = 192570
TPHCM	 id = 192571
