đô đốc
biên tập viên
phát thanh viên
phát ngôn viên chính phủ
phát ngôn viên 
vận động viên
sinh viên
nhân viên
hành chính viên
diễn viên
hoạt náo viên
giảng viên
phóng viên
học viên
tùy viên
huấn luyện viên
quan sát viên
phái viên
thuộc viên
đảng viên
đặc phái viên
nghị viên
thông tin viên
bảo quản viên
thông dịch viên
biên dịch viên
đặc phái viên
khu ủy viên
công nhân
nghiên cứu viên
lập trình viên
người phát ngôn
người đương thời
nhà văn
nhà khoa học
nhà phát minh
nhà thơ
nhà mô phạm
nhà tu
nhà chính trị
nhà báo
nhà tư bản
nhà thông thái
nhà nho
nhà bác học
nhà trí thức
nhà hùng biện
nhà cách mạng
nhà giáo dục
nhà văn hoá
nhà lãnh đạo
sử gia
chuyên gia
chuyên viên
thính giả
tác giả
khán giả
diễn giả
sứ giả
học giả
hành giả
nhà sư
quân nhân
binh lính
binh nhất
binh nhì
lính bộ binh
lính đánh thuê
sĩ quan
bộ đội
chỉ huy
sĩ quan chỉ huy
binh sĩ
bác sĩ
chiến sĩ
liệt sĩ
hoạ sĩ
dược sĩ
y sĩ
tu sĩ
dũng sĩ
tiến sĩ
thạc sĩ
giáo sĩ
kỵ sĩ
tử sĩ
nha sĩ
trung sĩ
sĩ tử
nhạc sĩ
thi sĩ
nghị sĩ
nhân sĩ
kị sĩ
lực sĩ
thuật sĩ
thượng sĩ
quốc sĩ
hàn sĩ
giáp sĩ
nho sĩ
trí sĩ
cống sĩ
dật sĩ
giáo sư
luật sư
giảng sư
kĩ sư
kỹ sư
kiến trúc sư
hương sư
thái sư
trạng sư
quân sư
mục sư
thánh sư
gia sư
quốc sư
ân sư
bản sư
thầy thuốc
thầy giáo
cô giáo
thầy tu
thầy dòng
thầy cả
thầy cò
sư thầy 
thầy mo
thầy phán
thầy bói
thầy thông
đại sứ
đại sứ đặc mệnh toàn quyền
TS
ThS
GS
LS
GV
SV
soạn giả
đạo diễn
quay phim
nhà quay phim
nhà biên kịch
chỉ đạo
cố vấn
kỹ thuật viên
người dẫn chương trình
MC