A Trang	gender=Female	id = 197487
Anh Dũng	id = 197488
Anh Lạc	gender=Female	id = 197489
Anh Minh	id = 197490
Anh Ðào	gender=Female	id = 197491
Anh Nhi	gender=Female	id = 197492
Anh Thư	gender=Female	id = 197493
Anh Vũ	gender=Male	id = 197494
AÔnh Hoa	gender=Female	id = 197495
AÔnh Hồng	gender=Female	id = 197496
AÔnh Nguyệt	gender=Female	id = 197497
AÔnh Tuyết	gender=Female	id = 197498
Băng Tâm	gender=Female	id = 197499
Bạch Hạc	gender=Female	id = 197500
Bạch Huệ	gender=Female	id = 197501
Bạch Lan	gender=Female	id = 197502
Bạch Liên	gender=Female	id = 197503
Bạch Mai	gender=Female	id = 192597
Bạch Nhạn	gender=Female	id = 197504
Bạch Tuyết	gender=Female	id = 197505
Bạch Trĩ	gender=Female	id = 197506
Bạch Yến	gender=Female	id = 197507
Bảo Hân	gender=Female	id = 197508
Bảo Trâm	gender=Female	id = 197509
Bảo Trân	gender=Female	id = 197510
Bảo Yến	gender=Female	id = 197511
Bích Diệp	gender=Female	id = 197512
Bích Hà	gender=Female	id = 197513
Bích Liên	gender=Female	id = 197514
Bích Ðào	gender=Female	id = 197515
Bích Ngọc	gender=Female	id = 197516
Bích Sen	gender=Female	id = 197517
Bích Thuận	gender=Female	id = 197518
Bích Tuyết	gender=Female	id = 197519
Bích Vân	gender=Female	id = 197520
Bội Lam	gender=Female	id = 197521
Bội Ngọc	gender=Female	id = 197522
Cẩm Bàn	gender=Female	id = 197523
Cẩm Hà	gender=Female	id = 197524
Cẩm Lai	gender=Female	id = 197525
Chi Mai	gender=Female	id = 197526
Chi Minh	gender=Female	id = 197527
Chi Ðiềm	id = 197528
Dạ Khê	gender=Female	id = 197529
Dã Thảo	id = 197530
Diễm Hương	gender=Female	id = 197531
Diệm My	gender=Female	id = 197532
Diệm Nga	gender=Female	id = 197533
Diệm Song	gender=Female	id = 197534
Diễm Thuý	gender=Female	id = 197535
Diên Hy	gender=Female	id = 197536
Diệu Cầm	gender=Female	id = 197537
Diệu Hạnh	gender=Female	id = 197538
Diệu Hồi	gender=Female	id = 197539
Diệu Lễ	gender=Female	id = 197540
Diệu Liễu	gender=Female	id = 197541
Diệu Ngãi	gender=Female	id = 197542
Diệu Nhơn	gender=Female	id = 197543
Diệu Ðiền	id = 197544
Diệu Phước	gender=Female	id = 197545
Diệu Sâm	gender=Female	id = 197546
Ðạm Phương	gender=Female	id = 197547
Ðào Nguyên	gender=Female	id = 197548
Ðạp Thanh	gender=Female	id = 197549
Giáng Châu	gender=Female	id = 197550
Giáng Hương	gender=Female	id = 197551
Hà Long	id = 197552
Hà Thanh	gender=Female	id = 197553
Hoa Diệm	gender=Female	id = 197554
Hồng Hạnh	gender=Female	id = 181206
Hồng Liên	gender=Female	id = 197555
Hồng Loan	gender=Female	id = 197556
Hồng Mai	gender=Female	id = 197557
Hồng Nghê	gender=Female	id = 197558
Hồng Nghi	gender=Female	id = 197559
Hồng Nhi	gender=Female	id = 197560
Hồng Nhung	gender=Female	id = 197561
Hồng Tuyến	gender=Female	id = 197562
Hồng Vinh	id = 197563
Hồng Yến	gender=Female	id = 197564
Hoàng Anh	gender=Female	id = 197565
Hoàng Hoa	gender=Female	id = 197566
Hoàng Oanh	gender=Female	id = 197567
Hương Lan	gender=Female	id = 197568
Hương Linh	gender=Female	id = 197569
Hương Thảo	gender=Female	id = 197570
Hương Trà	gender=Female	id = 192860
Hương Xuân	gender=Female	id = 197571
Huyền Thanh	gender=Female	id = 197572
Huỳnh Anh	gender=Female	id = 197573
Hỷ Khương	id = 197574
Khánh An	gender=Female	id = 197575
Khánh Anh	gender=Female	id = 197576
Khánh Tịnh	gender=Female	id = 197577
Khánh Trang	gender=Female	id = 197578
Khánh Trợ	id = 197579
Khánh Trường	gender=Male	id = 197580
Kiều Miên	gender=Female	id = 197581
Kim Anh	gender=Female	id = 197582
Kim Ban	gender=Female	id = 197583
Kim Bảng	gender=Male	id = 192875
Kim Cang	gender=Female	id = 197584
Kim Châu	gender=Female	id = 197585
Kim Chi	gender=Female	id = 197586
Kim Chỉ	gender=Female	id = 197587
Kim Cương	gender=Female	id = 197588
Kim Cúc	gender=Female	id = 197589
Kim Dung	gender=Female	id = 197590
Kim Hân	gender=Female	id = 197591
Kim Hoa	gender=Female	id = 197592
Kim Hồng	gender=Female	id = 197593
Kim Ngân	gender=Female	id = 197594
Kim Phụng	gender=Female	id = 197595
Kim Soa	gender=Female	id = 197596
Kim Thoa	gender=Female	id = 197597
Kim Tước	gender=Female	id = 197598
Kim Tuyến	gender=Female	id = 197599
Kim Xuyến	gender=Female	id = 197600
Kim Yến	gender=Female	id = 197601
Lai Hồng	gender=Female	id = 197602
Lan Anh	gender=Female	id = 197604
Lan Hương	gender=Female	id = 197605
Lan Huệ	gender=Female	id = 197606
Mai Anh	gender=Female	id = 197607
Mai Hân	gender=Female	id = 197608
Mai Hương	gender=Female	id = 197609
Mai Lan	gender=Female	id = 197610
Mai Loan	gender=Female	id = 197611
Mai Thảo	id = 197612
Mỵ Nương	gender=Female	id = 197613
Miên Hoa	gender=Female	id = 197614
Minh Hồng	gender=Female	id = 197615
Minh Hoàng	id = 197616
Minh Nguyệt	gender=Female	id = 197617
Mộng Hà	gender=Female	id = 197618
Mộng Hoa	gender=Female	id = 197619
Mộng Hoàn	gender=Female	id = 197620
Mộng Lan	gender=Female	id = 197621
Mộng Nhiên	gender=Female	id = 197622
Mộng Tuyền	gender=Female	id = 197623
Mộng Xuân	gender=Female	id = 197624
Mỹ Anh	gender=Female	id = 197625
Mỹ AÔnh	gender=Female	id = 197626
Mỹ Huyền	gender=Female	id = 197627
Mỹ Lam	gender=Female	id = 197628
Mỹ Linh	gender=Female	id = 197629
Mỹ Thể	gender=Female	id = 197630
Mỹ Trang	gender=Female	id = 197631
Nam Phương	gender=Female	id = 197632
Nga My	gender=Female	id = 195984
Ngọc Aạn	id = 197633
Ngọc Anh	gender=Female	id = 197634
Ngọc Bích	gender=Female	id = 197635
Ngọc Bội	gender=Female	id = 197636
Ngọc Diễm	gender=Female	id = 197637
Ngọc Hoa	gender=Female	id = 197638
Ngọc Hoà	gender=Female	id = 197639
Ngọc Hoàng	id = 197640
Ngọc Huệ	gender=Female	id = 197641
Ngọc Khuê	gender=Female	id = 197642
Ngọc Lan	gender=Female	id = 197643
Ngọc Mai	gender=Female	id = 197644
Ngọc Minh	id = 197645
Ngọc Mỹ	id = 197646
Ngọc Phương	gender=Female	id = 197647
Ngọc Sương	gender=Female	id = 197648
Ngọc Thạch	id = 197649
Ngọc Thanh	id = 197650
Ngọc Thảo	gender=Female	id = 197651
Ngọc Thuỷ	gender=Female	id = 197652
Ngọc Thuý	gender=Female	id = 197653
Ngọc Trâm	gender=Female	id = 197654
Ngọc Trinh	gender=Female	id = 197655
Nguyệt AÔnh	gender=Female	id = 197656
Nguyệt Cầm	gender=Female	id = 197657
Nguyệt Minh	gender=Female	id = 197658
Nhân Lý	gender=Female	id = 197659
Nhân Ðức	id = 197660
Như Kha	id = 197661
Như Lê	gender=Female	id = 197662
Như Miên	gender=Female	id = 197663
Như Ngộ	gender=Female	id = 197664
Như Thuý	gender=Female	id = 197665
Phi Loan	gender=Female	id = 197666
Phi Nga	gender=Female	id = 197667
Phi Yến	gender=Female	id = 197668
Phượng Mai	gender=Female	id = 197669
Phương Chi	gender=Female	id = 197670
Phương Dung	gender=Female	id = 197671
Phương Lan	gender=Female	id = 197672
Phương Mai	gender=Female	id = 195007
Phương Thanh	gender=Female	id = 197673
Phương Thảo	gender=Female	id = 197674
Phương Thi	gender=Female	id = 197675
Phương Trinh	gender=Female	id = 197676
Phùng Mai	id = 197677
Phú Xuân	id = 184864
Quế Hương	gender=Female	id = 197678
Quốc Aạn	gender=Male	id = 197679
Quốc Anh	id = 197680
Quốc Dương	gender=Male	id = 191802
Quốc Dũng	gender=Male	id = 197681
Quốc Thái	gender=Male	id = 197682
Quốc Trung	gender=Male	id = 197683
Quốc Việt	id = 197684
Quỳnh Anh	gender=Female	id = 197685
Quỳnh Chi	gender=Female	id = 197686
Quỳnh Dao	gender=Female	id = 197687
Quỳnh Diên	gender=Female	id = 197688
Quỳnh Hoa	gender=Female	id = 197689
Quỳnh Hương	gender=Female	id = 197690
Quỳnh Tiên	gender=Female	id = 197691
Quỳnh Trang	gender=Female	id = 197692
Quý Hương	gender=Female	id = 197693
Tâm Thành	id = 197694
Tâm Thường	gender=Female	id = 197695
Thanh Cầm	gender=Female	id = 197696
Thanh Hằng	gender=Female	id = 197697
Thanh Hà	id = 193096
Thanh Hoài	id = 197698
Thanh Huyền	gender=Female	id = 197699
Thanh Lô	gender=Female	id = 197700
Thanh Mai	gender=Female	id = 197701
Thanh Minh	gender=Female	id = 197702
Thanh Nghi	gender=Female	id = 197703
Thanh Nghị	gender=Male	id = 197704
Thanh Ngọc	gender=Female	id = 197705
Thanh Tâm	id = 197706
Thanh Thảo	gender=Female	id = 197707
Thanh Thu	gender=Female	id = 197708
Thanh Trúc	gender=Female	id = 186125
Thanh Tùng	id = 197709
Thanh Tuyền	gender=Female	id = 197710
Thanh Xuân	gender=Female	id = 193103
Thánh Tâm	gender=Male	id = 197711
Thánh Tín	gender=Female	id = 197712
Thảo Trâm	gender=Female	id = 197713
Thể Mỹ	gender=Female	id = 197714
Thể Tần	gender=Female	id = 197715
Thể Trang	gender=Female	id = 197716
Thiên Hương	gender=Female	id = 191257
Thiều Anh	gender=Female	id = 197717
Thoại Ba	gender=Female	id = 197718
Thương Tuý	gender=Female	id = 197719
Thượng Khanh	id = 197720
Thứ Vọng	gender=Female	id = 197721
Thu Cúc	gender=Female	id = 197722
Thu Hồng	gender=Female	id = 197723
Thu Hương	gender=Female	id = 197724
Thu Lan	gender=Female	id = 197725
Thu Linh	gender=Female	id = 197726
Thu Mai	gender=Female	id = 197727
Thu Sương	gender=Female	id = 197728
Thu Tâm	gender=Female	id = 197729
Thu Thảo	gender=Female	id = 197730
Thu Thuỷ	gender=Female	id = 197731
Thu Trâm	gender=Female	id = 197732
Thu Trang	gender=Female	id = 197733
Thu Vân	gender=Female	id = 197734
Thuỵ Trinh	gender=Female	id = 197735
Thục Anh	gender=Female	id = 197736
Thuỳ Trang	gender=Female	id = 197737
Thuỳ Vân	gender=Female	id = 197738
Thuý An	gender=Female	id = 197739
Thuý Hằng	gender=Female	id = 197740
Thuỷ Tiên	gender=Female	id = 197741
Thuý Vân	gender=Female	id = 197742
Thuý Xuân	gender=Female	id = 197743
Thuỷ Xuân	gender=Female	id = 197744
Tiên Nhạn	gender=Female	id = 197745
Tiểu Bích	gender=Female	id = 197746
Tiểu Phụng	gender=Female	id = 197747
Tố Hằng	gender=Female	id = 197748
Tố Linh	gender=Female	id = 197749
Tố Tâm	gender=Female	id = 197750
Tố Trinh	gender=Female	id = 197751
Từ Nguyên	gender=Female	id = 197752
Tường Loan	gender=Female	id = 197753
Tường Vân	gender=Female	id = 197754
Tường Vy	gender=Female	id = 197755
Trà My	gender=Female	id = 187008
Tri Túc	gender=Female	id = 197756
Trung Chính	gender=Male	id = 197757
Trung Ngọc	gender=Male	id = 197758
Trung Toàn	gender=Male	id = 197759
Trúc Hồ	gender=Male	id = 197760
Trúc Lan	gender=Female	id = 197761
Trúc Linh	gender=Female	id = 188295
Trúc Mai	gender=Female	id = 197762
Trúc Phương	id = 197763
Tú Anh	gender=Female	id = 197764
Tú Quyên	gender=Female	id = 197765
Tú Quỳnh	gender=Female	id = 197766
Tú Trinh	gender=Female	id = 197767
Tú Uyên	id = 197768
Tuyết Anh	gender=Female	id = 197769
Tuyết Lê	gender=Female	id = 197770
Tuyết Mai	gender=Female	id = 197771
Tuý Nhạn	gender=Female	id = 197772
Tuý Nhiên	gender=Female	id = 197773
Vân Huyền	gender=Female	id = 197774
Vân Trà	gender=Female	id = 197775
Việt Dũng	gender=Male	id = 197776
Việt Thảo	gender=Male	id = 197777
Việt Thường	gender=Male	id = 197778
Xuân An	gender=Female	id = 197779
Xuân Diễn	gender=Female	id = 197780
Xuân Diệu	gender=Male	id = 197781
Xuân Hồng	id = 188352
Xuân Hương	gender=Female	id = 197782
Xuân Lan	gender=Female	id = 197783
Xuân Linh	gender=Female	id = 197784
Xuân Mai	gender=Female	id = 197785
Xuân Thảo	gender=Female	id = 197786
Xuân Thuỷ	gender=Female	id = 197787
Xuân Trang	gender=Female	id = 197788
Xuân Trường	gender=Male	id = 193194
Xuân Yến	gender=Female	id = 197789
