Ái	 id = 197904
Ấm	gender=Male	 id = 198455
An	gender=Male	 id = 197952
Án	gender=Male	 id = 198456
Anh	 id = 195522
Ánh	 id = 198136
Ân	gender=Male	 id = 197932
Ấn	gender=Male	 id = 198457
Ẩn	gender=Male	 id = 198458
Ấp	gender=Male	 id = 198459
Ất	gender=Male	 id = 198460
Âu	gender=Male	 id = 198149
Ấu	gender=Male	 id = 198150
Ba	 id = 198461
Bá	gender=Male	 id = 197840
Bạ	gender=Male	 id = 198462
Bạc	gender=Male	 id = 198151
Bách	gender=Male	 id = 198463
Bạch	gender=Male	 id = 197914
Bái	gender=Male	 id = 198464
Bài	gender=Male	 id = 197844
Ban	gender=Male	 id = 198465
Bản	gender=Male	 id = 198466
Bàng	gender=Male	 id = 198152
Bảng	gender=Male	 id = 198467
Báo	gender=Male	 id = 198468
Bào	gender=Male	 id = 198469
Bảo	gender=Male	 id = 197824
Bạt	gender=Male	 id = 198470
Báu	gender=Male	 id = 198471
Bắc	gender=Male	 id = 198472
Bằng	gender=Male	 id = 198140
Bặt	gender=Male	 id = 198473
Bân	gender=Male	 id = 198474
Bật	gender=Male	 id = 198475
Bến	gender=Male	 id = 198476
Bền	gender=Male	 id = 198477
Bi	gender=Male	 id = 198478
Bích	 id = 198112
Biên	gender=Male	 id = 198479
Biền	gender=Male	 id = 198480
Biện	gender=Male	 id = 198154
Biểu	gender=Male	 id = 197868
Bính	gender=Male	 id = 198481
Bình	gender=Male	 id = 198032
Bố	gender=Male	 id = 198482
Bổ	gender=Male	 id = 198483
Bộ	gender=Male	 id = 198484
Bốc	gender=Male	 id = 198485
Bộc	gender=Male	 id = 198486
Bôi	gender=Male	 id = 198487
Bối	gender=Male	 id = 198488
Bồi	gender=Male	 id = 198489
Bội	gender=Male	 id = 197803
Bôn	gender=Male	 id = 198490
Bốn	gender=Male	 id = 198491
Bổn	gender=Male	 id = 198492
Bông	 id = 198493
Bồng	gender=Male	 id = 198494
Bổng	gender=Male	 id = 198495
Bột	gender=Male	 id = 198496
Bùi	gender=Male	 id = 198155
Buông	gender=Male	 id = 198497
Bút	gender=Male	 id = 198498
Bưng	gender=Male	 id = 198499
Bưu	gender=Male	 id = 198500
Ca	gender=Male	 id = 198157
Cai	gender=Male	 id = 198501
Cam	 id = 198159
Can	gender=Male	 id = 198502
Canh	gender=Male	 id = 198503
Cảnh	gender=Male	 id = 197917
Cán	gender=Male	 id = 198504
Cao	gender=Male	 id = 198120
Cảo	gender=Male	 id = 198505
Cát	gender=Male	 id = 197879
Căn	gender=Male	 id = 198506
Cầm	gender=Female	 id = 197815
Cẩm	 id = 197870
Cần	gender=Male	 id = 198507
Cẩn	gender=Male	 id = 198508
Cận	gender=Male	 id = 198509
Cật	gender=Male	 id = 198510
Câu	gender=Male	 id = 198511
Cầu	gender=Male	 id = 198512
Chanh	 id = 198513
Chánh	gender=Male	 id = 198115
Chăm	gender=Male	 id = 198514
Châm	 id = 198515
Chân	gender=Male	 id = 198516
Chấn	gender=Male	 id = 198108
Chẩn	gender=Male	 id = 198517
Chấp	gender=Male	 id = 198518
Chất	gender=Male	 id = 198519
Châu	 id = 197858
Chế	 id = 198160
Chi	 id = 197800
Chí	gender=Male	 id = 198079
Chỉ	gender=Male	 id = 197947
Chiêm	gender=Male	 id = 198161
Chiếm	gender=Male	 id = 198520
Chiến	gender=Male	 id = 197898
Chiêu	gender=Male	 id = 197901
Chiếu	gender=Male	 id = 198521
Chinh	gender=Male	 id = 198522
Chính	gender=Male	 id = 198135
Chình	gender=Male	 id = 198523
Chỉnh	gender=Male	 id = 198524
Chu	gender=Male	 id = 197809
Chú	gender=Male	 id = 198525
Chủ	gender=Male	 id = 198018
Chúa	gender=Male	 id = 198526
Chúc	gender=Male	 id = 198527
Chung	gender=Male	 id = 198162
Chủng	gender=Male	 id = 198528
Chuyên	gender=Male	 id = 198529
Chuyển	gender=Male	 id = 198530
Chư	gender=Male	 id = 198531
Chử	gender=Male	 id = 198164
Chức	gender=Male	 id = 198532
Chước	gender=Male	 id = 198533
Chương	gender=Male	 id = 198163
Chưởng	 id = 198534
Cổ	gender=Male	 id = 198535
Côn	gender=Male	 id = 198536
Cổn	gender=Male	 id = 198537
Công	gender=Male	 id = 198111
Cống	gender=Male	 id = 198538
Cơ	gender=Male	 id = 198021
Cú	gender=Male	 id = 198539
Cù	gender=Male	 id = 198165
Cúc	 id = 198540
Cung	gender=Male	 id = 197790
Củng	gender=Male	 id = 198541
Cư	gender=Male	 id = 198542
Cứ	gender=Male	 id = 198543
Cừ	gender=Male	 id = 198544
Cử	gender=Male	 id = 198545
Cự	gender=Male	 id = 198019
Cương	gender=Male	 id = 198546
Cường	gender=Male	 id = 198547
Cửu	gender=Male	 id = 198548
Cữu	gender=Male	 id = 198549
Cựu	gender=Male	 id = 198550
Danh	 id = 198102
Dao	gender=Male	 id = 198551
Dân	gender=Male	 id = 198552
Dần	gender=Male	 id = 198553
Dẫn	gender=Male	 id = 198554
Dật	gender=Male	 id = 197968
Di	gender=Male	 id = 197837
Dị	gender=Male	 id = 198555
Dịch	gender=Male	 id = 198114
Diêm	gender=Male	 id = 198556
Diễm	 id = 198031
Diệm	gender=Male	 id = 198557
Diếp	gender=Male	 id = 198558
Diệp	 id = 198168
Diệu	 id = 198006
Dinh	 id = 198559
Dĩnh	gender=Male	 id = 198560
Do	gender=Male	 id = 198561
Doãn	gender=Male	 id = 197977
Doanh	 id = 198562
Du	gender=Male	 id = 197828
Dũ	gender=Male	 id = 198563
Dụ	gender=Male	 id = 198010
Duật	gender=Male	 id = 198564
Dục	gender=Male	 id = 198565
Duệ	gender=Male	 id = 197933
Dung	 id = 198097
Dũng	gender=Male	 id = 198566
Dụng	gender=Male	 id = 198567
Duy	 id = 198023
Duyên	gender=Female	 id = 198568
Duyệt	gender=Male	 id = 198569
Dư	gender=Male	 id = 198170
Dự	gender=Male	 id = 198570
Dực	gender=Male	 id = 197799
Dược	gender=Male	 id = 198571
Dương	gender=Male	 id = 197883
Dưỡng	gender=Male	 id = 198572
Ðạc	gender=Male	 id = 198573
Ðãi	gender=Male	 id = 198574
Ðại	gender=Male	 id = 198575
Ðam	gender=Male	 id = 198576
Ðàm	gender=Male	 id = 198172
Ðảm	gender=Male	 id = 198577
Ðạm	gender=Male	 id = 198578
Ðan	gender=Male	 id = 198579
Ðán	gender=Male	 id = 198580
Ðàn	gender=Male	 id = 198581
Ðản	gender=Male	 id = 198582
Ðào	 id = 198173
Ðang	gender=Male	 id = 198583
Ðàng	gender=Male	 id = 198584
Ðảng	gender=Male	 id = 198585
Ðào	 id = 198173
Ðảo	gender=Male	 id = 198586
Ðạo	gender=Male	 id = 198587
Ðạt	gender=Male	 id = 198588
Ðắc	gender=Male	 id = 198589
Ðăng	gender=Male	 id = 198128
Ðằng	gender=Male	 id = 198590
Ðẳng	gender=Male	 id = 198591
Ðẩu	gender=Male	 id = 198592
Ðậu	 id = 198174
Ðể	gender=Male	 id = 198593
Ðệ	gender=Male	 id = 198594
Ðiềm	gender=Male	 id = 198595
Ðiền	gender=Male	 id = 198596
Ðiệp	gender=Male	 id = 198597
Ðiều	gender=Male	 id = 198598
Ðiểu	gender=Male	 id = 198178
Ðinh	gender=Male	 id = 198179
Ðính	gender=Male	 id = 198599
Ðình	gender=Male	 id = 198094
Ðỉnh	gender=Male	 id = 198600
Ðĩnh	gender=Male	 id = 198013
Ðịnh	gender=Male	 id = 198601
Ðoá	gender=Male	 id = 198602
Ðoài	gender=Male	 id = 198603
Ðoái	gender=Male	 id = 198604
Ðoan	gender=Male	 id = 198605
Ðoàn	gender=Male	 id = 198180
Ðô	gender=Male	 id = 198181
Ðổ	gender=Male	 id = 198606
Ðộ	gender=Male	 id = 198607
Ðốc	gender=Male	 id = 198608
Ðối	gender=Male	 id = 198609
Ðôn	gender=Male	 id = 198610
Ðông	 id = 198611
Ðồng	gender=Male	 id = 198184
Ðổng	gender=Male	 id = 198185
Ðới	gender=Male	 id = 198612
Ðơn	gender=Male	 id = 198613
Ðủ	gender=Male	 id = 198614
Ðức	gender=Male	 id = 198615
Ðược	gender=Male	 id = 198616
Ðương	gender=Male	 id = 198617
Ðường	gender=Male	 id = 198618
Em	gender=Female	 id = 198619
Gia	gender=Male	 id = 197951
Giá	gender=Male	 id = 198620
Giả	gender=Male	 id = 198621
Giác	gender=Male	 id = 198622
Giai	gender=Male	 id = 198623
Giải	gender=Male	 id = 198624
Giám	gender=Male	 id = 197998
Gián	gender=Male	 id = 198625
Giản	gender=Male	 id = 198093
Giang	 id = 198188
Giảng	gender=Male	 id = 198626
Giao	 id = 198189
Giáo	gender=Male	 id = 198627
Giáp	gender=Male	 id = 198190
Giàu	gender=Male	 id = 198628
Giới	gender=Male	 id = 198629
Giũ	gender=Male	 id = 198630
Hà	gender=Male	 id = 198004
Hạ	 id = 198040
Hạc	gender=Male	 id = 198631
Hách	gender=Male	 id = 198632
Hai	 id = 198633
Hài	gender=Male	 id = 198634
Hải	gender=Male	 id = 198133
Hàm	gender=Male	 id = 197993
Hán	gender=Male	 id = 198635
Hàn	gender=Male	 id = 198191
Hãn	gender=Male	 id = 198636
Hạn	gender=Male	 id = 198637
Hạng	gender=Male	 id = 198638
Hanh	gender=Male	 id = 198639
Hành	gender=Male	 id = 197795
Hạnh	 id = 197940
Hào	gender=Male	 id = 198192
Hảo	 id = 198640
Hạo	gender=Male	 id = 198096
Hạp	gender=Male	 id = 198641
Hạt	gender=Male	 id = 198642
Hằng	gender=Female	 id = 198643
Hân	 id = 197980
Hậu	gender=Male	 id = 197826
Hiến	gender=Male	 id = 197808
Hiền	 id = 198644
Hiển	gender=Male	 id = 197889
Hiệp	gender=Male	 id = 198645
Hiệt	gender=Male	 id = 198646
Hiếu	 id = 197802
Hiểu	gender=Male	 id = 197908
Hiệu	gender=Male	 id = 198647
Hinh	gender=Male	 id = 198005
Hoa	gender=Female	 id = 198138
Hoá	gender=Male	 id = 198648
Hoà	 id = 198649
Hoạch	gender=Male	 id = 198650
Hoài	 id = 198051
Hoán	gender=Male	 id = 198651
Hoàn	gender=Male	 id = 198652
Hoàng	gender=Male	 id = 197869
Hoành	gender=Male	 id = 198653
Hoạnh	gender=Male	 id = 198654
Học	gender=Male	 id = 197832
Hoạt	gender=Male	 id = 198655
Hồ	gender=Male	 id = 198100
Hổ	gender=Male	 id = 198656
Hộ	gender=Male	 id = 198657
Hối	gender=Male	 id = 198658
Hồi	 id = 198659
Hội	gender=Male	 id = 198660
Hồng	gender=Female	 id = 197854
Hợp	gender=Male	 id = 198661
Huân	gender=Male	 id = 198662
Huấn	gender=Male	 id = 198663
Huề	gender=Male	 id = 198664
Huệ	gender=Female	 id = 197978
Hùng	gender=Male	 id = 198042
Huy	gender=Male	 id = 197996
Huyên	gender=Male	 id = 198665
Huyến	gender=Male	 id = 198666
Huyền	 id = 197875
Huyện	gender=Male	 id = 198667
Huynh	gender=Male	 id = 198668
Huỳnh	gender=Male	 id = 198090
Hứa	gender=Male	 id = 198196
Hưng	gender=Male	 id = 198087
Hương	 id = 198058
Hướng	gender=Male	 id = 198669
Hường	gender=Female	 id = 198670
Hưởng	gender=Male	 id = 198671
Hưu	gender=Male	 id = 198672
Hữu	gender=Male	 id = 197918
Hựu	gender=Male	 id = 197960
Hy	gender=Male	 id = 198092
Hỷ	gender=Male	 id = 198673
Ích	gender=Male	 id = 198147
Keo	 id = 198674
Kế	gender=Male	 id = 198132
Kết	gender=Male	 id = 198675
Kha	gender=Male	 id = 198198
Khá	gender=Male	 id = 198676
Khả	gender=Male	 id = 197807
Khai	gender=Male	 id = 198677
Khái	gender=Male	 id = 198678
Khải	gender=Male	 id = 198125
Kham	gender=Male	 id = 198679
Khán	gender=Male	 id = 198680
Khang	gender=Male	 id = 198107
Kháng	gender=Male	 id = 198681
Khảng	gender=Male	 id = 198682
Khanh	 id = 198683
Khánh	gender=Male	 id = 198012
Khảo	gender=Male	 id = 198684
Khắc	gender=Male	 id = 197876
Khâm	gender=Male	 id = 197935
Khẩn	gender=Male	 id = 198685
Khấp	gender=Male	 id = 198686
Khâu	gender=Male	 id = 198687
Khê	 id = 198688
Khiêm	gender=Male	 id = 198689
Khiết	gender=Male	 id = 198690
Khiêu	gender=Male	 id = 198691
Khinh	gender=Male	 id = 198692
Khoa	gender=Male	 id = 198062
Khoá	gender=Male	 id = 198693
Khoả	gender=Male	 id = 198694
Khoách	gender=Male	 id = 198695
Khoái	gender=Male	 id = 198696
Khoan	gender=Male	 id = 198697
Khoán	gender=Male	 id = 198698
Khoát	gender=Male	 id = 198699
Khôi	gender=Male	 id = 197902
Khôn	gender=Male	 id = 198700
Khổng	gender=Male	 id = 198201
Khu	gender=Male	 id = 198202
Khúc	gender=Male	 id = 198204
Khuê	 id = 198701
Khuông	gender=Male	 id = 198702
Khuyến	gender=Male	 id = 198703
Khuyết	gender=Male	 id = 198704
Khuynh	gender=Male	 id = 198705
Khương	gender=Male	 id = 197821
Khưu	gender=Male	 id = 198205
Kiêm	gender=Male	 id = 198706
Kiểm	gender=Male	 id = 198707
Kiệm	gender=Male	 id = 198708
Kiên	gender=Male	 id = 198206
Kiện	gender=Male	 id = 198709
Kiệt	gender=Male	 id = 198085
Kiều	gender=Male	 id = 197897
Kim	 id = 197905
Kinh	gender=Male	 id = 197791
Kính	gender=Male	 id = 198065
Kỉnh	gender=Male	 id = 198710
Kỳ	gender=Male	 id = 197953
Kỷ	gender=Male	 id = 197957
Kỵ	gender=Male	 id = 198711
La	gender=Male	 id = 198009
Lạc	gender=Male	 id = 198139
Lai	gender=Male	 id = 198212
Lài	gender=Female	 id = 198712
Lại	gender=Male	 id = 198213
Lam	 id = 198086
Lãm	gender=Male	 id = 198713
Lan	 id = 198089
Lang	gender=Male	 id = 198214
Lãng	gender=Male	 id = 198714
Lanh	gender=Male	 id = 198715
Lành	gender=Male	 id = 198716
Lãnh	gender=Male	 id = 198717
Lạp	gender=Male	 id = 198718
Lăng	gender=Male	 id = 198719
Lâm	gender=Male	 id = 198215
Lân	gender=Male	 id = 197972
Lập	gender=Male	 id = 198720
Lâu	gender=Male	 id = 198721
Lê	 id = 197924
Lễ	gender=Male	 id = 198722
Lệ	gender=Female	 id = 198110
Lịch	gender=Male	 id = 197818
Liêm	gender=Male	 id = 197806
Liên	 id = 197805
Liễn	gender=Male	 id = 198723
Liêu	gender=Male	 id = 198217
Liễu	gender=Female	 id = 198218
Liệu	gender=Male	 id = 198724
Linh	 id = 197882
Loan	 id = 198725
Long	gender=Male	 id = 198011
Lô	gender=Male	 id = 198220
Lộc	gender=Male	 id = 198726
Lôi	gender=Male	 id = 198727
Lời	gender=Male	 id = 198728
Lợi	gender=Male	 id = 198729
Lụa	 id = 198730
Luân	gender=Male	 id = 198731
Luận	gender=Male	 id = 198732
Luật	gender=Male	 id = 198733
Lục	gender=Male	 id = 198734
Luỹ	gender=Male	 id = 198735
Luyến	gender=Male	 id = 198736
Luyện	gender=Male	 id = 198737
Lư	gender=Male	 id = 198222
Lữ	gender=Male	 id = 198223
Lực	gender=Male	 id = 197966
Lược	gender=Male	 id = 198738
Lương	gender=Male	 id = 198033
Lượng	gender=Male	 id = 198739
Lưu	gender=Male	 id = 198056
Lựu	gender=Female	 id = 198740
Ly	gender=Male	 id = 198741
Lý	gender=Male	 id = 198224
Mai	 id = 198088
Mại	gender=Male	 id = 198742
Mãn	gender=Male	 id = 198743
Mạnh	gender=Male	 id = 198123
Mão	gender=Male	 id = 198744
Mạo	gender=Male	 id = 198745
Mẫn	gender=Male	 id = 198746
Mầu	 id = 198747
Mậu	gender=Male	 id = 198748
Mây	 id = 198749
Mịch	 id = 198750
Minh	 id = 197922
Mít	gender=Male	 id = 198751
Mộc	gender=Male	 id = 198752
Mưu	gender=Male	 id = 198753
Nam	gender=Male	 id = 198754
Năm	gender=Male	 id = 198755
Năng	gender=Male	 id = 198756
Nga	gender=Female	 id = 195525
Ngạc	gender=Male	 id = 198228
Ngãi	gender=Male	 id = 198757
Ngạn	gender=Male	 id = 197911
Ngân	 id = 197796
Nghê	gender=Male	 id = 198229
Nghệ	gender=Male	 id = 197967
Nghi	gender=Male	 id = 198758
Nghị	gender=Male	 id = 198759
Nghĩa	 id = 197861
Nghiêm	gender=Male	 id = 197941
Nghiên	gender=Male	 id = 198760
Nghiệp	gender=Male	 id = 197903
Nghinh	gender=Male	 id = 198761
Ngọ	gender=Male	 id = 198230
Ngoã	gender=Male	 id = 198762
Ngoan	gender=Female	 id = 198763
Ngoạn	gender=Male	 id = 198764
Ngọc	 id = 197820
Ngô	gender=Male	 id = 198231
Ngộ	gender=Male	 id = 198765
Ngôn	gender=Male	 id = 198766
Ngũ	gender=Male	 id = 198232
Ngụ	 id = 198767
Ngung	gender=Male	 id = 198768
Nguyên	gender=Male	 id = 197979
Nguyện	 id = 198769
Nguyệt	gender=Female	 id = 198117
Ngữ	gender=Male	 id = 198770
Ngự	 id = 198771
Nhã	 id = 198008
Nhạc	gender=Male	 id = 198134
Nham	gender=Male	 id = 198772
Nhâm	gender=Male	 id = 198773
Nhan	gender=Male	 id = 198234
Nhàn	 id = 198774
Nhạn	gender=Female	 id = 198775
Nhậm	gender=Male	 id = 198776
Nhân	gender=Male	 id = 197797
Nhẫn	gender=Male	 id = 198777
Nhất	gender=Male	 id = 198003
Nhật	gender=Male	 id = 195526
Nhi	gender=Male	 id = 198778
Nhĩ	gender=Male	 id = 198779
Nhiệm	gender=Male	 id = 198780
Nhiên	gender=Male	 id = 198781
Nhiếp	gender=Male	 id = 198782
Nhiêu	gender=Male	 id = 198783
Nhiễu	gender=Male	 id = 198784
Nho	gender=Male	 id = 198785
Nhu	 id = 198786
Nhuận	gender=Male	 id = 198047
Nhuệ	gender=Male	 id = 197971
Nhung	 id = 198787
Như	 id = 197848
Nhự	gender=Male	 id = 198788
Nhưỡng	gender=Male	 id = 198789
Niêm	gender=Male	 id = 198790
Niệm	 id = 198791
Niên	gender=Male	 id = 198792
Ninh	 id = 198236
Nội	gender=Male	 id = 198793
Nông	gender=Male	 id = 198237
Nữ	gender=Female	 id = 197929
Nương	gender=Female	 id = 198794
Oai	gender=Male	 id = 198795
Oanh	gender=Female	 id = 198796
Oánh	gender=Male	 id = 198797
Ơn	gender=Male	 id = 198798
Phả	gender=Male	 id = 198799
Phách	gender=Male	 id = 198800
Phái	gender=Male	 id = 198801
Phàm	gender=Male	 id = 198802
Phạm	gender=Male	 id = 197825
Phan	gender=Male	 id = 197956
Phán	gender=Male	 id = 198803
Phát	gender=Male	 id = 198804
Phấn	 id = 198805
Phê	gender=Male	 id = 198806
Phi	gender=Male	 id = 197913
Phiên	gender=Male	 id = 198807
Phiến	gender=Male	 id = 198808
Phiệt	gender=Male	 id = 198809
Phiêu	gender=Male	 id = 198810
Phó	gender=Male	 id = 198244
Phong	gender=Male	 id = 197955
Phóng	gender=Male	 id = 198811
Phòng	gender=Male	 id = 198812
Phô	gender=Male	 id = 198813
Phổ	gender=Male	 id = 198814
Phồn	gender=Male	 id = 198815
Phu	gender=Male	 id = 197920
Phú	gender=Male	 id = 197813
Phủ	gender=Male	 id = 197798
Phụ	gender=Male	 id = 198816
Phúc	 id = 197919
Phục	gender=Male	 id = 198817
Phùng	gender=Male	 id = 198246
Phụng	 id = 197835
Phức	gender=Male	 id = 198818
Phước	gender=Male	 id = 198064
Phương	 id = 197880
Phượng	gender=Female	 id = 198819
Qua	gender=Male	 id = 198820
Quá	gender=Male	 id = 198821
Quả	gender=Male	 id = 198822
Quan	gender=Male	 id = 198248
Quán	gender=Male	 id = 198099
Quản	gender=Male	 id = 198249
Quang	gender=Male	 id = 197792
Quảng	gender=Male	 id = 198036
Quân	gender=Male	 id = 197838
Quận	gender=Male	 id = 198823
Quế	gender=Male	 id = 198824
Quốc	gender=Male	 id = 197930
Quít	gender=Male	 id = 198825
Quy	gender=Male	 id = 198826
Quý	gender=Male	 id = 197916
Quỳ	gender=Male	 id = 198827
Quyên	gender=Female	 id = 198828
Quyến	gender=Male	 id = 198829
Quyền	gender=Male	 id = 198830
Quyết	gender=Male	 id = 198831
Quýnh	gender=Male	 id = 198832
Quỳnh	gender=Female	 id = 198017
Sách	gender=Male	 id = 198833
Sám	gender=Male	 id = 198834
San	gender=Male	 id = 198835
Sang	gender=Male	 id = 198836
Sáng	gender=Male	 id = 197959
Sanh	gender=Male	 id = 198837
Sảnh	gender=Male	 id = 198838
Sao	 id = 198839
Sát	gender=Male	 id = 198840
Sắc	gender=Male	 id = 198841
Sâm	gender=Male	 id = 198842
Sinh	 id = 198048
Sĩ	gender=Male	 id = 198073
Siêu	gender=Male	 id = 198843
Sinh	 id = 198048
Sính	gender=Male	 id = 198844
Soạn	gender=Male	 id = 198845
Song	gender=Male	 id = 198846
Sở	gender=Male	 id = 198847
Sơn	gender=Male	 id = 197974
Sung	gender=Male	 id = 197973
Sử	gender=Male	 id = 198251
Sứ	gender=Male	 id = 198848
Sự	gender=Male	 id = 198849
Sương	gender=Female	 id = 197927
Sửu	gender=Male	 id = 198850
Tá	gender=Male	 id = 198851
Tạ	gender=Male	 id = 198252
Tác	gender=Male	 id = 198852
Tài	gender=Male	 id = 197995
Tác	gender=Male	 id = 198852
Tam	gender=Male	 id = 198043
Tám	 id = 198853
Tạo	gender=Male	 id = 198854
Tăng	gender=Male	 id = 198255
Tâm	 id = 197948
Tầm	gender=Male	 id = 198855
Tân	gender=Male	 id = 197970
Tấn	gender=Male	 id = 197999
Tần	gender=Female	 id = 198856
Tập	gender=Male	 id = 198857
Tất	gender=Male	 id = 198054
Tây	gender=Male	 id = 198858
Tế	gender=Male	 id = 197834
Thạch	gender=Male	 id = 198256
Thaí	gender=Male	 id = 198859
Thảng	gender=Male	 id = 198860
Thanh	 id = 197839
Thành	gender=Male	 id = 198026
Thạnh	gender=Male	 id = 198861
Thao	gender=Male	 id = 198862
Thảo	 id = 198258
Thăng	gender=Male	 id = 197992
Thắng	gender=Male	 id = 198863
Thân	gender=Male	 id = 198260
Thận	gender=Male	 id = 198864
Thập	gender=Male	 id = 198865
Thâu	gender=Male	 id = 198866
Thế	gender=Male	 id = 197810
Thể	 id = 198867
Thi	 id = 197850
Thí	 id = 198868
Thì	gender=Male	 id = 198869
Thị	 id = 197794
Thích	gender=Male	 id = 198870
Thiên	gender=Male	 id = 198084
Thiện	gender=Male	 id = 197841
Thiệp	gender=Male	 id = 198871
Thiết	gender=Male	 id = 198041
Thinh	gender=Male	 id = 198872
Thịnh	gender=Male	 id = 198873
Thọ	gender=Male	 id = 198874
Thoa	gender=Female	 id = 198875
Thoả	 id = 198876
Thoại	gender=Male	 id = 198038
Thoàn	gender=Male	 id = 198877
Thôi	gender=Male	 id = 198878
Thông	gender=Male	 id = 198046
Thống	gender=Male	 id = 197843
Thời	gender=Male	 id = 198071
Thu	 id = 197862
Thủ	gender=Male	 id = 197864
Thụ	gender=Male	 id = 197866
Thuấn	gender=Male	 id = 198879
Thuần	gender=Male	 id = 198880
Thuận	 id = 197925
Thuật	gender=Male	 id = 198881
Thúc	gender=Male	 id = 197895
Thục	gender=Male	 id = 197983
Thuý	gender=Female	 id = 198882
Thuỳ	gender=Female	 id = 198883
Thuỷ	gender=Female	 id = 198884
Thuỵ	gender=Male	 id = 198885
Thuyên	gender=Male	 id = 198886
Thuyết	gender=Male	 id = 198887
Thư	 id = 198888
Thứ	gender=Male	 id = 197860
Thừa	gender=Male	 id = 198039
Thức	gender=Male	 id = 198889
Thực	gender=Male	 id = 198890
Thước	gender=Male	 id = 198891
Thược	gender=Male	 id = 198892
Thương	 id = 198893
Thường	gender=Male	 id = 197912
Thưởng	gender=Male	 id = 198894
Thượng	gender=Male	 id = 198027
Thy	gender=Female	 id = 198895
Tích	gender=Male	 id = 198896
Tiêm	gender=Male	 id = 198897
Tiềm	gender=Male	 id = 198898
Tiên	 id = 197893
Tiến	gender=Male	 id = 198095
Tiển	gender=Male	 id = 198899
Tiễn	gender=Male	 id = 197954
Tiếp	gender=Male	 id = 198900
Tiết	gender=Male	 id = 198261
Tiêu	gender=Male	 id = 198262
Tiếu	gender=Male	 id = 198901
Tín	gender=Male	 id = 198902
Tinh	gender=Male	 id = 197926
Tính	gender=Male	 id = 198903
Tình	gender=Male	 id = 198904
Tỉnh	gender=Male	 id = 198905
Tĩnh	gender=Male	 id = 198007
Toa	gender=Male	 id = 198906
Toả	gender=Male	 id = 198907
Toại	gender=Male	 id = 198908
Toan	gender=Male	 id = 198909
Toán	gender=Male	 id = 198910
Toàn	gender=Male	 id = 197851
Toản	gender=Male	 id = 198911
Toát	gender=Male	 id = 198912
Tòng	gender=Male	 id = 197962
Tô	gender=Male	 id = 198263
Tố	 id = 197819
Tộ	gender=Male	 id = 198913
Tổ	gender=Male	 id = 198104
Tôn	gender=Male	 id = 198264
Tồn	gender=Male	 id = 198914
Tống	gender=Male	 id = 198265
Tốt	gender=Male	 id = 198915
Trà	gender=Male	 id = 198266
Trác	gender=Male	 id = 197814
Trạc	gender=Male	 id = 198916
Trạch	gender=Male	 id = 198035
Trai	gender=Male	 id = 198917
Trang	 id = 198267
Tráng	gender=Male	 id = 198918
Tràng	gender=Male	 id = 198919
Trạng	gender=Male	 id = 198920
Trát	gender=Male	 id = 198921
Trắc	gender=Male	 id = 198922
Trâm	 id = 198923
Trầm	gender=Male	 id = 198924
Trân	 id = 198925
Trấn	gender=Male	 id = 198016
Trần	gender=Male	 id = 198049
Tri	gender=Male	 id = 198075
Trí	gender=Male	 id = 197830
Trì	gender=Male	 id = 198926
Trị	gender=Male	 id = 198927
Trích	gender=Male	 id = 198928
Triêm	gender=Male	 id = 198929
Triển	gender=Male	 id = 198930
Triết	gender=Male	 id = 198931
Triều	gender=Male	 id = 197845
Triệu	gender=Male	 id = 198070
Trinh	gender=Female	 id = 198932
Trình	gender=Male	 id = 198268
Trịnh	gender=Male	 id = 198269
Trọng	gender=Male	 id = 198001
Trợ	gender=Male	 id = 198933
Trụ	gender=Male	 id = 198934
Truật	gender=Male	 id = 198935
Trúc	 id = 198141
Trung	gender=Male	 id = 197885
Truyền	gender=Male	 id = 198936
Trữ	gender=Male	 id = 198937
Trứ	gender=Male	 id = 198938
Trực	gender=Male	 id = 198939
Trưng	gender=Male	 id = 198270
Trừng	gender=Male	 id = 198940
Trước	gender=Male	 id = 198941
Trương	gender=Male	 id = 198068
Trường	gender=Male	 id = 197988
Trưởng	gender=Male	 id = 198942
Tú	 id = 198057
Tuân	gender=Male	 id = 198943
Tuấn	gender=Male	 id = 197921
Tuần	gender=Male	 id = 198944
Túc	gender=Male	 id = 198945
Tuế	gender=Male	 id = 198946
Tuệ	gender=Male	 id = 197793
Tung	gender=Male	 id = 198947
Tùng	gender=Male	 id = 198948
Tụng	gender=Male	 id = 198949
Tuy	gender=Male	 id = 198950
Tuý	 id = 198951
Tuỵ	gender=Male	 id = 198952
Tuyên	gender=Male	 id = 197942
Tuyến	 id = 198953
Tuyền	gender=Female	 id = 198954
Tuyển	gender=Male	 id = 198955
Tuyết	gender=Female	 id = 197928
Tư	gender=Male	 id = 198053
Tứ	gender=Male	 id = 198956
Từ	gender=Male	 id = 198121
Tự	gender=Male	 id = 198957
Tước	gender=Male	 id = 198958
Tương	gender=Male	 id = 198959
Tường	gender=Male	 id = 198091
Tưởng	gender=Male	 id = 198272
Tửu	gender=Male	 id = 198960
Tựu	gender=Male	 id = 198961
Ty	gender=Male	 id = 198962
Tý	gender=Male	 id = 198963
Tỵ	gender=Male	 id = 198964
Uẩn	gender=Male	 id = 198965
Uy	gender=Male	 id = 197881
Uỷ	gender=Male	 id = 198966
Uyên	gender=Female	 id = 198030
Uyển	gender=Female	 id = 198275
ƯÔng	gender=Male	 id = 198967
Ưu	gender=Male	 id = 198968
Vang	gender=Male	 id = 198969
Văn	 id = 197855
Vân	 id = 198130
Vệ	gender=Male	 id = 198137
Vị	gender=Male	 id = 198970
Viên	gender=Male	 id = 197964
Viễn	gender=Male	 id = 198971
Viện	gender=Male	 id = 198972
Việt	gender=Male	 id = 198025
Vinh	 id = 192566
Vĩnh	gender=Male	 id = 198002
Vịnh	gender=Male	 id = 197823
Võ	gender=Male	 id = 198146
Vọng	gender=Male	 id = 198973
Vũ	gender=Male	 id = 198055
Vui	 id = 198974
Vỹ	gender=Male	 id = 198083
Vương	gender=Male	 id = 197816
Vượng	gender=Male	 id = 198975
Xa	gender=Male	 id = 198976
Xá	gender=Male	 id = 198977
Xoài	gender=Male	 id = 198978
Xuân	 id = 198060
Xuyên	gender=Male	 id = 198979
Xuyến	gender=Female	 id = 198980
Xương	gender=Male	 id = 198981
Xướng	gender=Male	 id = 198982
Yêm	gender=Male	 id = 198983
Yểm	gender=Male	 id = 198984
Yên	gender=Male	 id = 198985
Yến	gender=Female	 id = 198061
