apcmag	count=3	 id = 205380
at&t	count=3	 id = 183002
blogspot	count=3	 id = 205381
clearaudio	count=3	 id = 187858
công ty tnhh phân phối cmc	count=3	 id = 205382
denon	count=3	 id = 187563
emachines	count=3	 id = 205383
ibm	count=3	 id = 182627
notebookcheck	count=3	 id = 205384
s.h	count=3	 id = 205385
thương hiệu	count=3	 id = 205386
vnexpress.net	count=3	 id = 205387
cnetfrance	count=4	 id = 205388
coex	count=4	 id = 182934
edifier	count=4	 id = 187541
flickr	count=4	 id = 205389
gr-research	count=4	 id = 205390
hanel	count=4	 id = 187538
hiếu linh mobile	count=4	 id = 205391
hkphone	count=4	 id = 205392
regmedia	count=4	 id = 205393
usher audio technology	count=4	 id = 205394
vodafone	count=4	 id = 183015
voodoo	count=4	 id = 205395
yamaha	count=4	 id = 181658
amd	count=5	 id = 182705
broadcom	count=5	 id = 205396
ces	count=5	 id = 205397
cmc	count=5	 id = 181221
gizmodo	count=5	 id = 205398
leica	count=5	 id = 185273
maivoo	count=5	 id = 205399
olpc	count=5	 id = 205400
olympus	count=5	 id = 183170
rim	count=5	 id = 205401
sennheiser	count=5	 id = 183379
trustedreview	count=5	 id = 205402
blackberry	count=6	 id = 183577
musical fidelity	count=6	 id = 205403
notebookreviews	count=6	 id = 205404
nvidia	count=6	 id = 182707
sonystyle	count=6	 id = 205405
usher	count=6	 id = 187590
cnet asia	count=7	 id = 205406
creative	count=7	 id = 205131
fujitsu	count=7	 id = 182621
itechnews	count=7	 id = 205407
phongcachmoblie	count=7	 id = 205408
pc world	count=8	 id = 205409
pioneer	count=8	 id = 182717
photographyblog	count=9	 id = 205410
bel canto	count=10	 id = 187973
dpreview	count=10	 id = 205411
fujifilm	count=10	 id = 186385
pmc	count=10	 id = 190693
nikon	count=11	 id = 181937
pocket-lint	count=11	 id = 205412
q-mobile	count=11	 id = 187205
trustedreviews	count=11	 id = 205413
notebookreview	count=12	 id = 205414
microsoft	count=13	 id = 183189
pcmag	count=13	 id = 205415
computershopper	count=14	 id = 205416
imaging resource	count=15	 id = 205417
sharp	count=15	 id = 182735
razer	count=16	 id = 182709
số hóa	count=16	 id = 205418
gsmarena	count=19	 id = 205419
letsgodigital	count=19	 id = 205420
huawei	count=20	 id = 182999
intel	count=20	 id = 182706
engadget	count=21	 id = 205421
phongcachmobile	count=21	 id = 205422
sony ericsson	count=22	 id = 183068
google	count=26	 id = 182731
acer	count=27	 id = 182615
lenovo	count=28	 id = 51409
msi	count=29	 id = 37912
toshiba	count=30	 id = 182614
motorola	count=33	 id = 183084
asus	count=43	 id = 182618
cameralabs	count=43	 id = 205423
dell	count=44	 id = 179473
nokia	count=52	 id = 182738
panasonic	count=53	 id = 51840
htc	count=62	 id = 183574
hp	count=84	 id = 51243
apple	count=95	 id = 182619
canon	count=101	 id = 183229
lg	count=104	 id = 182249
samsung	count=110	 id = 37822
sony	count=139	 id = 182617
cnet	count=184	 id = 182960
