gizmodo	count=3	 id = 205398
hiển xăm	count=3	 id = 205424
joseph d’appolito	count=3	 id = 205425
nguyên bình	count=3	 id = 192972
nguyễn quang hưng	count=3	 id = 205426
người dùng	count=3	 id = 205427
s.h	count=3	 id = 205385
thanh huyền	count=3	 id = 197699
thanh phong	count=3	 id = 205428
đức thanh	count=3	 id = 205429
antonio banderas	count=4	 id = 201329
bạch dương	count=4	 id = 199163
hùng anh	count=4	 id = 205430
lê phương	count=4	 id = 205431
người sử dụng	count=4	 id = 205432
salma hayek	count=4	 id = 200780
t.a	count=4	 id = 205433
nguyễn nhật thanh	count=5	 id = 205434
thúy huyền	count=5	 id = 205435
nguyễn quang	count=6	 id = 205436
hoài anh	count=7	 id = 205437
nguyên khánh	count=7	 id = 205438
tú an	count=7	 id = 205439
trần tùng	count=8	 id = 205440
lê tư	count=9	 id = 202502
sóng hồng	count=9	 id = 205441
trần hạ	count=9	 id = 205442
anh quân	count=11	 id = 201033
alex tran	count=14	 id = 205443
anh linh	count=19	 id = 205444
tuấn lê	count=25	 id = 205445
nguyễn hà	count=26	 id = 205446
tuấn anh	count=34	 id = 191322
huy nguyễn	count=35	 id = 205447
nguyễn nguyên	count=42	 id = 205448
tuấn hưng	count=56	 id = 199077
quốc huy	count=104	 id = 205449
