biến sắc	count=3
bị ảnh hưởng	count=3
chạy nhanh	count=3
chất doanh nhân	count=3
chắn chắn	count=3
cách tân	count=3
cảm giác dễ chịu	count=3
cảm giác cao cấp	count=3
cảm giác hiện đại	count=3
cảm giác lịch lãm	count=3
cảm giác thời thượng	count=3
cảm giác rẻ tiền	count=3
hoạt động tốt ở ngoài trời	count=3
sạc nhanh	count=3
có chiều sâu	count=3
có lỗi	count=3
bị lỗi	count=3
lỗi loạn xị	count=3
lỗi loạn xạ	count=3
lỗi lung tung	count=3
cơ động	count=3
cỡ lớn	count=3
nhanh hỏng	count=3
danh tiếng tốt	count=3
danh tiếng lừng lẫy	count=3
có danh tiếng	count=3
dày dặn	count=3
dễ bấm	count=3
dễ hiểu	count=3
dở	count=3
già	count=3
giảm sút	count=3
gây tiếng ồn	count=3
gây ồn	count=3
hot	count=3
hài hòa	count=3
hàng đầu	count=3
hơn hẳn	count=3
hứa hẹn	count=3
khuyết điểm	count=3
khó bấm	count=3
khó nhấn	count=3
khôn khéo	count=3
không cao	count=3
không cài được	count=3
không gây khó chịu	count=3
khổng lồ	count=3
lõm	count=3
lệch	count=3
lớn hơn	count=3
mượt mà	count=3
mỏng mảnh	count=3
mỏng nhất thế giới	count=3
nam tính	count=3
ngả ấm	count=3
nhanh hơn	count=3
nhanh nhạy	count=3
nhàm chán	count=3
nhạt	count=3
nhỏ bé	count=3
nhồi nhét	count=3
năng động	count=3
phát huy	count=3
phản chiếu	count=3
rối rắm	count=3
suy giảm	count=3
suy giảm chất lượng	count=3
sáng sủa	count=3
thanh mảnh	count=3
thanh lịch	count=3
thiên sáng	count=3
thua	count=3
thua xa	count=3
thân thiện với môi trường	count=3
thất bại	count=3
thế mạnh	count=3
thực thụ	count=3
tiến bộ	count=3
tiện dụng	count=3
to hơn	count=3
trơn bóng	count=3
trơn trượt	count=3
trầm ấm	count=3
tuyệt hảo	count=3
tách biệt	count=3
tân thời	count=3
tí hon	count=3
tốc độ cao	count=3
tốt nhất	count=3
uốn lượn	count=3
xứng tầm	count=3
khó bám bẩn	count=5
siêu tốc	count=5
sơ sài	count=5
khó bị sước	count=5
khó dính vân tay	count=5
dễ bám bẩn	count=5
dễ bị sước	count=5
dễ dính vân tay	count=5
hay bám bẩn	count=5
hay bị sước	count=5
hay bị dính vân tay	count=5
yếu thế	count=3
đa dụng	count=3
điệu đà	count=3
đuối	count=3
đáng xem	count=3
đánh giá khá cao	count=3
đình đám	count=3
đánh giá cao	count=3
đẩy đủ	count=3
đắt tiền	count=3
đồng nhất	count=3
độc quyền	count=3
đời thấp	count=3
ưa nhìn	count=3
ưng ý	count=3
ưu thế	count=3
ưu việt	count=3
bóng mượt	count=4
bị mất	count=4
chưa có	count=4
chắc tay	count=4
cách điệu	count=4
dầy	count=4
dễ bị bóng	count=4
dễ làm quen	count=4
giảm thiểu	count=4
giản đơn	count=4
góc cạnh	count=4
hiếm	count=4
hoàn toàn mới	count=4
hạn hẹp	count=4
hợp lí	count=4
khó dùng	count=4
khó vệ sinh	count=4
không đủ	count=4
khả quan	count=4
lâu dài	count=4
lôi cuốn	count=4
lộng lẫy	count=4
mảnh mai	count=4
mới lạ	count=4
mới nhất	count=4
nhẵn	count=4
nhỉnh hơn	count=4
nhỏ xinh	count=4
nặng nề	count=4
phong cách	count=4
quen thuộc	count=4
riêng biệt	count=4
rít	count=4
bị sát	count=4
sạch	count=4
thon gọn	count=4
thuyết phục	count=4
thông dụng	count=4
tiết kiệm điện năng	count=4
trầm ấm	count=4
trẻ trung	count=4
trở ngại	count=4
tăng lên	count=4
tươi	count=4
tươi sáng	count=4
tương đối	count=4
tệ	count=4
tối ưu hóa	count=4
vuông vức	count=4
vô dụng	count=4
vượt xa	count=4
vỡ	count=4
xỉn	count=4
xấu	count=4
ì ạch	count=4
đa năng	count=4
đáng thất vọng	count=4
thất vọng	count=4
đáp ứng tốt	count=4
đơn điệu	count=4
đầu bảng	count=4
đắt đỏ	count=4
đẳng cấp	count=4
đặc sắc	count=4
đổi mới	count=4
đột phá	count=4
bóng bảy	count=5
chuyên dụng	count=5
chê trách	count=5
chắc nịch	count=5
giàu	count=5
giới hạn	count=5
hàng hiệu	count=5
hầm hố	count=5
khỏe mạnh	count=5
lợi thế	count=5
mất nhiều chi tiết	count=5
mịn màng	count=5
nghèo nàn	count=5
ngốn điện	count=5
quan trọng	count=5
rè	count=5
rắc rối	count=5
rối	count=5
sáng tạo	count=5
thuận lợi	count=5
thế hệ mới	count=5
thỏa mãn	count=5
trang nhã	count=5
truyền thống	count=5
uy lực	count=5
vừa đủ	count=5
điểm cộng	count=5
đáng giá	count=5
đáng quan tâm	count=5
đạt	count=5
đảm bảo	count=5
đậm	count=5
đẹp mắt	count=5
đời mới	count=5
ọp ẹp	count=5
an toàn	count=6
bình thường	count=6
chuẩn xác	count=6
chất lượng tốt	count=6
chất lượng	count=6
chất lượng cao	count=6
cần thiết	count=6
duy nhất	count=6
gợi cảm	count=6
hoàn chỉnh	count=6
linh hoạt	count=6
lâu hơn	count=6
mỏng nhẹ	count=6
nhỏ nhẹ	count=6
nâng cao	count=6
phải chăng	count=6
sinh động	count=6
thanh mảnh	count=6
thích	count=6
thẩm mỹ	count=6
thật	count=6
tinh xảo	count=6
tiện dụng	count=6
trải rộng	count=6
tăng cường	count=6
xứng đáng	count=6
cạnh tranh	count=7
dễ chịu	count=7
hoàn thiện	count=7
hoành tráng	count=7
khó nhìn	count=7
khó sử dụng	count=7
lạ mắt	count=7
lịch lãm	count=7
mềm	count=7
mức trung bình	count=7
ngang ngửa	count=7
nhòe	count=7
nhỉnh	count=7
phổ biến	count=7
rẻ tiền	count=7
thiếu sót	count=7
thu hút	count=7
tự động	count=7
vững chắc	count=7
điểm trừ	count=7
đầm tay	count=7
ấm	count=7
bé	count=8
bền bỉ	count=8
cao hơn	count=8
dễ nhìn	count=8
mập mạp	count=8
mới mẻ	count=8
nổi tiếng	count=8
quyến rũ	count=8
thanh thoát	count=8
thời thượng	count=8
tầm trung	count=8
tối đa	count=8
điểm nhấn	count=8
đặc trưng	count=8
đủ lớn	count=8
bình dân	count=9
bền	count=9
chậm chạp	count=9
cuốn hút	count=9
cơ bản	count=9
mát	count=9
phàn nàn	count=9
thích hợp	count=9
thông thường	count=9
trơn tru	count=9
tuyệt	count=9
tươi tắn	count=9
tối	count=9
tồi	count=9
vuông vắn	count=9
đánh giá cao	count=9
đỉnh cao	count=9
chống ồn	count=9
ồn	count=9
giật	count=10
mở rộng	count=10
phức tạp	count=10
tiêu chuẩn	count=10
tiết kiệm	count=10
tiết kiệm điện	count=10
êm ái	count=10
cân bằng	count=11
hài lòng	count=11
hẹp	count=11
lạ	count=11
méo	count=11
mỏng manh	count=11
nổi trội	count=11
sáng rõ	count=11
sặc sỡ	count=11
tối ưu	count=11
đáng tiếc	count=11
đáng tiền	count=11
bóng bẩy	count=12
chuẩn	count=12
chói	count=12
lóa	count=12
chống lóa	count=12
lỗi thời	count=12
nhiễu	count=12
nhẹ nhàng	count=12
nóng	count=12
trơn	count=12
ổn	count=12
cồng kềnh	count=13
cổ điển	count=13
khác biệt	count=13
mảnh dẻ	count=13
tốt hơn	count=13
đáng nể	count=13
sạch sẽ	count=14
tăng	count=14
đắt	count=14
chắc	count=15
khiêm tốn	count=15
nâng cấp	count=15
tự nhiên	count=15
bóng loáng	count=16
chuyên nghiệp	count=16
chân thực	count=16
giảm	count=16
thất vọng	count=16
tuyệt vời	count=16
dài	count=17
dễ dùng	count=17
lý tưởng	count=17
tiên tiến	count=17
đủ	count=17
tiện lợi	count=18
trong trẻo	count=18
gọn nhẹ	count=19
khó chịu	count=19
dễ chịu	count=19
mịn	count=19
nhanh chóng	count=19
tinh tế	count=19
đa dạng	count=19
đáng kể	count=19
khủng	count=20
nét	count=20
thành công	count=20
vượt trội	count=20
hay	count=21
hữu ích	count=21
phong phú	count=21
sang trọng	count=21
trực quan	count=21
đáng chú ý	count=21
mượt	count=22
ngắn	count=22
sống động	count=22
thiếu	count=22
thua kém	count=22
thân thiện	count=22
độc đáo	count=22
cứng	count=23
cứng cáp	count=23
hữu dụng	count=24
thông minh	count=24
bóng	count=25
mềm mại	count=25
rõ nét	count=25
tiện dụng	count=25
vừa phải	count=25
khó	count=27
nhỏ nhắn	count=27
trung thực	count=27
êm	count=27
yếu	count=28
đặc biệt	count=28
chi tiết	count=29
cải thiện	count=30
khó khăn	count=30
mờ	count=30
sâu	count=30
chấp nhận được	count=31
phù hợp	count=31
bắt mắt	count=33
cải tiến	count=34
lâu	count=34
rõ	count=34
rộng rãi	count=34
ít	count=34
dày	count=35
xuất sắc	count=36
to	count=37
bất tiện	count=38
gọn	count=38
hoàn hảo	count=38
dễ sử dụng	count=39
sáng bóng	count=39
thuận tiện	count=40
hiện đại	count=41
hiệu quả	count=41
chính xác	count=43
khỏe	count=43
nặng	count=43
ổn định	count=43
kém	count=46
thú vị	count=46
rõ ràng	count=47
rực rỡ	count=49
thời trang	count=49
sáng	count=50
dễ	count=55
hấp dẫn	count=56
rẻ	count=56
chậm	count=63
mạnh	count=63
trung bình	count=64
nhạy	count=66
hợp lý	count=70
gọn gàng	count=72
sắc nét	count=73
mạnh mẽ	count=74
hạn chế	count=75
thấp	count=76
mượt mà	count=77
thoải mái	count=80
cao cấp	count=88
nổi bật	count=88
nhỏ gọn	count=99
đầy đủ	count=114
dễ dàng	count=117
nhẹ	count=122
đơn giản	count=131
chắc chắn	count=138
rộng	count=156
nhanh	count=161
ấn tượng	count=177
mỏng	count=178
nhỏ	count=194
đẹp	count=199
lớn	count=257
cao	count=273
tốt	count=754
không thể tháo rời	count=755
đẹp hơn	count=755
dễ xước	count=755
chất lượng kém	count=755
khó tổn thương	count=755
dễ hỏng	count=755
ngon	count=755
thật sự ấn tượng	count=755
tính đàn hồi rất cao	count=755
tính đàn hồi cao	count=755